D:\Git\InstrumentX\InGaAs.srcs\sources_1\edk\sensor\implementation\sensor.ngc 1430915468
D:/Git/InstrumentX/InGaAs.srcs/sources_1/edk/sensor/implementation/sensor_processing_system7_0_wrapper.ngc 1430914213
D:/Git/InstrumentX/InGaAs.srcs/sources_1/edk/sensor/implementation/sensor_microblaze_0_reset_wrapper.ngc 1430914238
D:/Git/InstrumentX/InGaAs.srcs/sources_1/edk/sensor/implementation/sensor_clock_generator_0_wrapper.ngc 1430915345
D:/Git/InstrumentX/InGaAs.srcs/sources_1/edk/sensor/implementation/sensor_fsl_i2s_0_wrapper.ngc 1430915210
D:/Git/InstrumentX/InGaAs.srcs/sources_1/edk/sensor/implementation/sensor_fsl_v20_0_i2s_mb0_wrapper.ngc 1430915385
D:/Git/InstrumentX/InGaAs.srcs/sources_1/edk/sensor/implementation/sensor_fsl_v20_1_i2s_mb0_wrapper.ngc 1430915399
D:/Git/InstrumentX/InGaAs.srcs/sources_1/edk/sensor/implementation/sensor_fsl_i2s_1_wrapper.ngc 1430915289
D:/Git/InstrumentX/InGaAs.srcs/sources_1/edk/sensor/implementation/sensor_microblaze_0_axi_ipc_wrapper.ngc 1430915317
D:/Git/InstrumentX/InGaAs.srcs/sources_1/edk/sensor/implementation/sensor_lmb_v10_0_wrapper.ngc 1430915358
D:/Git/InstrumentX/InGaAs.srcs/sources_1/edk/sensor/implementation/sensor_lmb_v10_1_wrapper.ngc 1430915372
D:/Git/InstrumentX/InGaAs.srcs/sources_1/edk/sensor/implementation/sensor_microblaze_0_axi_periph_wrapper.ngc 1430915303
D:/Git/InstrumentX/InGaAs.srcs/sources_1/edk/sensor/implementation/sensor_microblaze_0_wrapper.ngc 1430915331
D:/Git/InstrumentX/InGaAs.srcs/sources_1/edk/sensor/implementation/sensor_bram_cntlr_instruction_wrapper.ngc 1430915114
D:/Git/InstrumentX/InGaAs.srcs/sources_1/edk/sensor/implementation/sensor_bram_cntlr_data_wrapper.ngc 1430915139
D:/Git/InstrumentX/InGaAs.srcs/sources_1/edk/sensor/implementation/sensor_debug_module_0_wrapper.ngc 1430915039
D:/Git/InstrumentX/InGaAs.srcs/sources_1/edk/sensor/implementation/sensor_bram_block_0_wrapper.ngc 1430915090
OK
