00:22:11 **** Build of project MemTestCortexA90_bsp ****
make -k all 
libgen -hw ../SensorMP_hw_platform/system.xml\
	       \
	       -pe ps7_cortexa9_0 \
	       -log libgen.log \
	       system.mss
libgen
Xilinx EDK 14.7 Build EDK_P.20131013
Copyright (c) 1995-2012 Xilinx, Inc.  All rights reserved.

Command Line: libgen -hw ../SensorMP_hw_platform/system.xml -pe ps7_cortexa9_0
-log libgen.log system.mss 


Staging source files.
Running DRCs.
Running generate.
Running post_generate.
Running include - 'make -s include "COMPILER=arm-xilinx-eabi-gcc"
"ARCHIVER=arm-xilinx-eabi-ar" "COMPILER_FLAGS= -O2 -c"
"EXTRA_COMPILER_FLAGS=-g"'.

Running libs - 'make -s libs "COMPILER=arm-xilinx-eabi-gcc"
"ARCHIVER=arm-xilinx-eabi-ar" "COMPILER_FLAGS= -O2 -c"
"EXTRA_COMPILER_FLAGS=-g"'.
"Compiling standalone"
arm-xilinx-eabi-ar: creating ../../../lib/libxil.a
"Compiling devcfg"
"Compiling dmaps"
"Compiling emacps"
"Compiling gpiops"
"Compiling iicps"
"Compiling qspips"
"Compiling scugic"
"Compiling scutimer"
"Compiling scuwdt"
"Compiling uartps"
"Compiling usbps"
"Compiling xadcps"
"Compiling cpu_cortexa9"
Running execs_generate.
'Finished building libraries'

**** Build of configuration Debug for project MemTestCortexA90 ****

Nothing to build for project MemTestCortexA90
00:24:09 **** Auto Build of configuration Debug for project MemTestCortexA90 ****
make all 
'Building file: ../src/main.c'
'Invoking: ARM gcc compiler'
arm-xilinx-eabi-gcc -Wall -O0 -g3 -c -fmessage-length=0 -I../../MemTestCortexA90_bsp/ps7_cortexa9_0/include -MMD -MP -MF"src/main.d" -MT"src/main.d" -o "src/main.o" "../src/main.c"
'Finished building: ../src/main.c'
' '
'Building target: MemTestCortexA90.elf'
'Invoking: ARM gcc linker'
arm-xilinx-eabi-gcc -Wl,-T -Wl,../src/lscript.ld -L../../MemTestCortexA90_bsp/ps7_cortexa9_0/lib -o "MemTestCortexA90.elf"  ./src/main.o   -Wl,--start-group,-lxil,-lgcc,-lc,--end-group
'Finished building target: MemTestCortexA90.elf'
' '
'Invoking: ARM Print Size'
arm-xilinx-eabi-size MemTestCortexA90.elf  |tee "MemTestCortexA90.elf.size"
   text	   data	    bss	    dec	    hex	filename
  25220	   1096	  29780	  56096	   db20	MemTestCortexA90.elf
'Finished building: MemTestCortexA90.elf.size'
' '
00:25:27 **** Build of project MemTestMicroblaze80_bsp ****
make -k all 
libgen -hw ../SensorMP_hw_platform/system.xml\
	       \
	       -pe microblaze_0 \
	       -log libgen.log \
	       system.mss
libgen
Xilinx EDK 14.7 Build EDK_P.20131013
Copyright (c) 1995-2012 Xilinx, Inc.  All rights reserved.

Command Line: libgen -hw ../SensorMP_hw_platform/system.xml -pe microblaze_0
-log libgen.log system.mss 


Staging source files.
Running DRCs.
Running generate.
Running post_generate.
Running include - 'make -s include "COMPILER=mb-gcc" "ARCHIVER=mb-ar"
"COMPILER_FLAGS=-mlittle-endian -mno-xl-soft-mul -mxl-barrel-shift
-mxl-pattern-compare -mcpu=v8.50.c  -O2 -c" "EXTRA_COMPILER_FLAGS=-g
-ffunction-sections -fdata-sections"'.

Running libs - 'make -s libs "COMPILER=mb-gcc" "ARCHIVER=mb-ar"
"COMPILER_FLAGS=-mlittle-endian -mno-xl-soft-mul -mxl-barrel-shift
-mxl-pattern-compare -mcpu=v8.50.c  -O2 -c" "EXTRA_COMPILER_FLAGS=-g
-ffunction-sections -fdata-sections"'.
"Compiling common"
"Compiling standalone";
"Compiling bram"
"Compiling uartlite"
"Compiling cpu"
Running execs_generate.
'Finished building libraries'

**** Build of configuration Debug for project MemTestMicroblaze80 ****

Nothing to build for project MemTestMicroblaze80
00:26:57 **** Auto Build of configuration Debug for project MemTestMicroblaze80 ****
make all 
'Building file: ../src/helloworld.c'
'Invoking: MicroBlaze gcc compiler'
mb-gcc -Wall -O0 -g3 -c -fmessage-length=0 -I../../MemTestMicroblaze80_bsp/microblaze_0/include -mlittle-endian -mxl-barrel-shift -mxl-pattern-compare -mcpu=v8.50.c -mno-xl-soft-mul -Wl,--no-relax -ffunction-sections -fdata-sections -MMD -MP -MF"src/helloworld.d" -MT"src/helloworld.d" -o "src/helloworld.o" "../src/helloworld.c"
'Finished building: ../src/helloworld.c'
' '
'Building file: ../src/platform.c'
'Invoking: MicroBlaze gcc compiler'
mb-gcc -Wall -O0 -g3 -c -fmessage-length=0 -I../../MemTestMicroblaze80_bsp/microblaze_0/include -mlittle-endian -mxl-barrel-shift -mxl-pattern-compare -mcpu=v8.50.c -mno-xl-soft-mul -Wl,--no-relax -ffunction-sections -fdata-sections -MMD -MP -MF"src/platform.d" -MT"src/platform.d" -o "src/platform.o" "../src/platform.c"
'Finished building: ../src/platform.c'
' '
'Building target: MemTestMicroblaze80.elf'
'Invoking: MicroBlaze gcc linker'
mb-gcc -Wl,-T -Wl,../src/lscript.ld -L../../MemTestMicroblaze80_bsp/microblaze_0/lib -mlittle-endian -mxl-barrel-shift -mxl-pattern-compare -mcpu=v8.50.c -mno-xl-soft-mul -Wl,--no-relax -Wl,--gc-sections -o "MemTestMicroblaze80.elf"  ./src/helloworld.o ./src/platform.o   -Wl,--start-group,-lxil,-lgcc,-lc,--end-group
'Finished building target: MemTestMicroblaze80.elf'
' '
'Invoking: MicroBlaze Print Size'
mb-size MemTestMicroblaze80.elf  |tee "MemTestMicroblaze80.elf.size"
   text	   data	    bss	    dec	    hex	filename
   5122	    272	   2080	   7474	   1d32	MemTestMicroblaze80.elf
'Finished building: MemTestMicroblaze80.elf.size'
' '
'Invoking: Xilinx ELF Check'
elfcheck MemTestMicroblaze80.elf -hw ../../SensorMP_hw_platform/system.xml -pe microblaze_0  |tee "MemTestMicroblaze80.elf.elfcheck"
elfcheck
Xilinx EDK 14.7 Build EDK_P.20131013
Copyright (c) 1995-2012 Xilinx, Inc.  All rights reserved.

Command Line: elfcheck -hw ../../SensorMP_hw_platform/system.xml -pe
microblaze_0 MemTestMicroblaze80.elf 

ELF file	: MemTestMicroblaze80.elf
elfcheck passed.
'Finished building: MemTestMicroblaze80.elf.elfcheck'
' '
00:28:23 **** Auto Build of configuration Debug for project MemTestMicroblaze80 ****
make all 
'Building target: MemTestMicroblaze80.elf'
'Invoking: MicroBlaze gcc linker'
mb-gcc -Wl,-T -Wl,../src/lscript.ld -L../../MemTestMicroblaze80_bsp/microblaze_0/lib -mlittle-endian -mxl-barrel-shift -mxl-pattern-compare -mcpu=v8.50.c -mno-xl-soft-mul -Wl,--no-relax -Wl,--gc-sections -o "MemTestMicroblaze80.elf"  ./src/helloworld.o ./src/platform.o   -Wl,--start-group,-lxil,-lgcc,-lc,--end-group
'Finished building target: MemTestMicroblaze80.elf'
' '
'Invoking: MicroBlaze Print Size'
mb-size MemTestMicroblaze80.elf  |tee "MemTestMicroblaze80.elf.size"
   text	   data	    bss	    dec	    hex	filename
   5122	    272	   2086	   7480	   1d38	MemTestMicroblaze80.elf
'Finished building: MemTestMicroblaze80.elf.size'
' '
'Invoking: Xilinx ELF Check'
elfcheck MemTestMicroblaze80.elf -hw ../../SensorMP_hw_platform/system.xml -pe microblaze_0  |tee "MemTestMicroblaze80.elf.elfcheck"
elfcheck
Xilinx EDK 14.7 Build EDK_P.20131013
Copyright (c) 1995-2012 Xilinx, Inc.  All rights reserved.

Command Line: elfcheck -hw ../../SensorMP_hw_platform/system.xml -pe
microblaze_0 MemTestMicroblaze80.elf 

ELF file	: MemTestMicroblaze80.elf
elfcheck passed.
'Finished building: MemTestMicroblaze80.elf.elfcheck'
' '
00:29:18 **** Auto Build of project MemTestMicroblaze80_bsp ****
make -k all 
'Finished building libraries'
00:29:19 **** Auto Build of project MemTestCortexA90_bsp ****
make -k all 
'Finished building libraries'
00:30:47 **** Incremental Build of configuration Debug for project MemTestMicroblaze80 ****
make all 
make: Nothing to be done for `all'.
00:30:48 **** Incremental Build of configuration Debug for project MemTestCortexA90 ****
make all 
make: Nothing to be done for `all'.
00:31:15 **** Incremental Build of configuration Debug for project MemTestMicroblaze80 ****
make all 
make: Nothing to be done for `all'.
00:31:16 **** Incremental Build of configuration Debug for project MemTestCortexA90 ****
make all 
make: Nothing to be done for `all'.
00:32:00 **** Incremental Build of configuration Debug for project MemTestMicroblaze80 ****
make all 
make: Nothing to be done for `all'.
00:32:01 **** Incremental Build of configuration Debug for project MemTestCortexA90 ****
make all 
make: Nothing to be done for `all'.
00:34:31 **** Auto Build of configuration Debug for project MemTestMicroblaze80 ****
make all 
'Building file: ../src/helloworld.c'
'Invoking: MicroBlaze gcc compiler'
mb-gcc -Wall -O0 -g3 -c -fmessage-length=0 -I../../MemTestMicroblaze80_bsp/microblaze_0/include -mlittle-endian -mxl-barrel-shift -mxl-pattern-compare -mcpu=v8.50.c -mno-xl-soft-mul -Wl,--no-relax -ffunction-sections -fdata-sections -MMD -MP -MF"src/helloworld.d" -MT"src/helloworld.d" -o "src/helloworld.o" "../src/helloworld.c"
'Finished building: ../src/helloworld.c'
' '
'Building target: MemTestMicroblaze80.elf'
'Invoking: MicroBlaze gcc linker'
mb-gcc -Wl,-T -Wl,../src/lscript.ld -L../../MemTestMicroblaze80_bsp/microblaze_0/lib -mlittle-endian -mxl-barrel-shift -mxl-pattern-compare -mcpu=v8.50.c -mno-xl-soft-mul -Wl,--no-relax -Wl,--gc-sections -o "MemTestMicroblaze80.elf"  ./src/helloworld.o ./src/platform.o   -Wl,--start-group,-lxil,-lgcc,-lc,--end-group
'Finished building target: MemTestMicroblaze80.elf'
' '
'Invoking: MicroBlaze Print Size'
mb-size MemTestMicroblaze80.elf  |tee "MemTestMicroblaze80.elf.size"
   text	   data	    bss	    dec	    hex	filename
   5122	    272	   2086	   7480	   1d38	MemTestMicroblaze80.elf
'Finished building: MemTestMicroblaze80.elf.size'
' '
'Invoking: Xilinx ELF Check'
elfcheck MemTestMicroblaze80.elf -hw ../../SensorMP_hw_platform/system.xml -pe microblaze_0  |tee "MemTestMicroblaze80.elf.elfcheck"
elfcheck
Xilinx EDK 14.7 Build EDK_P.20131013
Copyright (c) 1995-2012 Xilinx, Inc.  All rights reserved.

Command Line: elfcheck -hw ../../SensorMP_hw_platform/system.xml -pe
microblaze_0 MemTestMicroblaze80.elf 

ELF file	: MemTestMicroblaze80.elf
elfcheck passed.
'Finished building: MemTestMicroblaze80.elf.elfcheck'
' '
00:34:59 **** Incremental Build of configuration Debug for project MemTestMicroblaze80 ****
make all 
make: Nothing to be done for `all'.
00:35:00 **** Incremental Build of configuration Debug for project MemTestCortexA90 ****
make all 
make: Nothing to be done for `all'.
00:35:25 **** Incremental Build of configuration Debug for project MemTestMicroblaze80 ****
make all 
make: Nothing to be done for `all'.
00:35:26 **** Incremental Build of configuration Debug for project MemTestCortexA90 ****
make all 
make: Nothing to be done for `all'.
00:35:50 **** Incremental Build of configuration Debug for project MemTestMicroblaze80 ****
make all 
make: Nothing to be done for `all'.
00:35:51 **** Incremental Build of configuration Debug for project MemTestCortexA90 ****
make all 
make: Nothing to be done for `all'.
00:38:11 **** Auto Build of configuration Debug for project MemTestMicroblaze80 ****
make all 
'Building file: ../src/helloworld.c'
'Invoking: MicroBlaze gcc compiler'
mb-gcc -Wall -O0 -g3 -c -fmessage-length=0 -I../../MemTestMicroblaze80_bsp/microblaze_0/include -mlittle-endian -mxl-barrel-shift -mxl-pattern-compare -mcpu=v8.50.c -mno-xl-soft-mul -Wl,--no-relax -ffunction-sections -fdata-sections -MMD -MP -MF"src/helloworld.d" -MT"src/helloworld.d" -o "src/helloworld.o" "../src/helloworld.c"
'Finished building: ../src/helloworld.c'
' '
'Building target: MemTestMicroblaze80.elf'
'Invoking: MicroBlaze gcc linker'
mb-gcc -Wl,-T -Wl,../src/lscript.ld -L../../MemTestMicroblaze80_bsp/microblaze_0/lib -mlittle-endian -mxl-barrel-shift -mxl-pattern-compare -mcpu=v8.50.c -mno-xl-soft-mul -Wl,--no-relax -Wl,--gc-sections -o "MemTestMicroblaze80.elf"  ./src/helloworld.o ./src/platform.o   -Wl,--start-group,-lxil,-lgcc,-lc,--end-group
'Finished building target: MemTestMicroblaze80.elf'
' '
'Invoking: MicroBlaze Print Size'
mb-size MemTestMicroblaze80.elf  |tee "MemTestMicroblaze80.elf.size"
   text	   data	    bss	    dec	    hex	filename
   1994	    268	   2090	   4352	   1100	MemTestMicroblaze80.elf
'Finished building: MemTestMicroblaze80.elf.size'
' '
'Invoking: Xilinx ELF Check'
elfcheck MemTestMicroblaze80.elf -hw ../../SensorMP_hw_platform/system.xml -pe microblaze_0  |tee "MemTestMicroblaze80.elf.elfcheck"
elfcheck
Xilinx EDK 14.7 Build EDK_P.20131013
Copyright (c) 1995-2012 Xilinx, Inc.  All rights reserved.

Command Line: elfcheck -hw ../../SensorMP_hw_platform/system.xml -pe
microblaze_0 MemTestMicroblaze80.elf 

ELF file	: MemTestMicroblaze80.elf
elfcheck passed.
'Finished building: MemTestMicroblaze80.elf.elfcheck'
' '
00:38:54 **** Auto Build of configuration Debug for project MemTestCortexA90 ****
make all 
'Building file: ../src/main.c'
'Invoking: ARM gcc compiler'
arm-xilinx-eabi-gcc -Wall -O0 -g3 -c -fmessage-length=0 -I../../MemTestCortexA90_bsp/ps7_cortexa9_0/include -MMD -MP -MF"src/main.d" -MT"src/main.d" -o "src/main.o" "../src/main.c"
'Finished building: ../src/main.c'
' '
'Building target: MemTestCortexA90.elf'
'Invoking: ARM gcc linker'
arm-xilinx-eabi-gcc -Wl,-T -Wl,../src/lscript.ld -L../../MemTestCortexA90_bsp/ps7_cortexa9_0/lib -o "MemTestCortexA90.elf"  ./src/main.o   -Wl,--start-group,-lxil,-lgcc,-lc,--end-group
'Finished building target: MemTestCortexA90.elf'
' '
'Invoking: ARM Print Size'
arm-xilinx-eabi-size MemTestCortexA90.elf  |tee "MemTestCortexA90.elf.size"
   text	   data	    bss	    dec	    hex	filename
  25220	   1096	  29780	  56096	   db20	MemTestCortexA90.elf
'Finished building: MemTestCortexA90.elf.size'
' '
00:39:07 **** Incremental Build of configuration Debug for project MemTestMicroblaze80 ****
make all 
make: Nothing to be done for `all'.
00:39:08 **** Incremental Build of configuration Debug for project MemTestCortexA90 ****
make all 
make: Nothing to be done for `all'.
00:39:28 **** Incremental Build of configuration Debug for project MemTestMicroblaze80 ****
make all 
make: Nothing to be done for `all'.
00:39:29 **** Incremental Build of configuration Debug for project MemTestCortexA90 ****
make all 
make: Nothing to be done for `all'.
