00:22:11 **** Build of project MemTestCortexA90_bsp ****
make -k all 
libgen -hw ../SensorMP_hw_platform/system.xml\
	       \
	       -pe ps7_cortexa9_0 \
	       -log libgen.log \
	       system.mss
libgen
Xilinx EDK 14.7 Build EDK_P.20131013
Copyright (c) 1995-2012 Xilinx, Inc.  All rights reserved.

Command Line: libgen -hw ../SensorMP_hw_platform/system.xml -pe ps7_cortexa9_0
-log libgen.log system.mss 


Staging source files.
Running DRCs.
Running generate.
Running post_generate.
Running include - 'make -s include "COMPILER=arm-xilinx-eabi-gcc"
"ARCHIVER=arm-xilinx-eabi-ar" "COMPILER_FLAGS= -O2 -c"
"EXTRA_COMPILER_FLAGS=-g"'.

Running libs - 'make -s libs "COMPILER=arm-xilinx-eabi-gcc"
"ARCHIVER=arm-xilinx-eabi-ar" "COMPILER_FLAGS= -O2 -c"
"EXTRA_COMPILER_FLAGS=-g"'.
"Compiling standalone"
arm-xilinx-eabi-ar: creating ../../../lib/libxil.a
"Compiling devcfg"
"Compiling dmaps"
"Compiling emacps"
"Compiling gpiops"
"Compiling iicps"
"Compiling qspips"
"Compiling scugic"
"Compiling scutimer"
"Compiling scuwdt"
"Compiling uartps"
"Compiling usbps"
"Compiling xadcps"
"Compiling cpu_cortexa9"
Running execs_generate.
'Finished building libraries'

**** Build of configuration Debug for project MemTestCortexA90 ****

Nothing to build for project MemTestCortexA90
00:24:09 **** Auto Build of configuration Debug for project MemTestCortexA90 ****
make all 
'Building file: ../src/main.c'
'Invoking: ARM gcc compiler'
arm-xilinx-eabi-gcc -Wall -O0 -g3 -c -fmessage-length=0 -I../../MemTestCortexA90_bsp/ps7_cortexa9_0/include -MMD -MP -MF"src/main.d" -MT"src/main.d" -o "src/main.o" "../src/main.c"
'Finished building: ../src/main.c'
' '
'Building target: MemTestCortexA90.elf'
'Invoking: ARM gcc linker'
arm-xilinx-eabi-gcc -Wl,-T -Wl,../src/lscript.ld -L../../MemTestCortexA90_bsp/ps7_cortexa9_0/lib -o "MemTestCortexA90.elf"  ./src/main.o   -Wl,--start-group,-lxil,-lgcc,-lc,--end-group
'Finished building target: MemTestCortexA90.elf'
' '
'Invoking: ARM Print Size'
arm-xilinx-eabi-size MemTestCortexA90.elf  |tee "MemTestCortexA90.elf.size"
   text	   data	    bss	    dec	    hex	filename
  25220	   1096	  29780	  56096	   db20	MemTestCortexA90.elf
'Finished building: MemTestCortexA90.elf.size'
' '
00:25:27 **** Build of project MemTestMicroblaze80_bsp ****
make -k all 
libgen -hw ../SensorMP_hw_platform/system.xml\
	       \
	       -pe microblaze_0 \
	       -log libgen.log \
	       system.mss
libgen
Xilinx EDK 14.7 Build EDK_P.20131013
Copyright (c) 1995-2012 Xilinx, Inc.  All rights reserved.

Command Line: libgen -hw ../SensorMP_hw_platform/system.xml -pe microblaze_0
-log libgen.log system.mss 


Staging source files.
Running DRCs.
Running generate.
Running post_generate.
Running include - 'make -s include "COMPILER=mb-gcc" "ARCHIVER=mb-ar"
"COMPILER_FLAGS=-mlittle-endian -mno-xl-soft-mul -mxl-barrel-shift
-mxl-pattern-compare -mcpu=v8.50.c  -O2 -c" "EXTRA_COMPILER_FLAGS=-g
-ffunction-sections -fdata-sections"'.

Running libs - 'make -s libs "COMPILER=mb-gcc" "ARCHIVER=mb-ar"
"COMPILER_FLAGS=-mlittle-endian -mno-xl-soft-mul -mxl-barrel-shift
-mxl-pattern-compare -mcpu=v8.50.c  -O2 -c" "EXTRA_COMPILER_FLAGS=-g
-ffunction-sections -fdata-sections"'.
"Compiling common"
"Compiling standalone";
"Compiling bram"
"Compiling uartlite"
"Compiling cpu"
Running execs_generate.
'Finished building libraries'

**** Build of configuration Debug for project MemTestMicroblaze80 ****

Nothing to build for project MemTestMicroblaze80
00:26:57 **** Auto Build of configuration Debug for project MemTestMicroblaze80 ****
make all 
'Building file: ../src/helloworld.c'
'Invoking: MicroBlaze gcc compiler'
mb-gcc -Wall -O0 -g3 -c -fmessage-length=0 -I../../MemTestMicroblaze80_bsp/microblaze_0/include -mlittle-endian -mxl-barrel-shift -mxl-pattern-compare -mcpu=v8.50.c -mno-xl-soft-mul -Wl,--no-relax -ffunction-sections -fdata-sections -MMD -MP -MF"src/helloworld.d" -MT"src/helloworld.d" -o "src/helloworld.o" "../src/helloworld.c"
'Finished building: ../src/helloworld.c'
' '
'Building file: ../src/platform.c'
'Invoking: MicroBlaze gcc compiler'
mb-gcc -Wall -O0 -g3 -c -fmessage-length=0 -I../../MemTestMicroblaze80_bsp/microblaze_0/include -mlittle-endian -mxl-barrel-shift -mxl-pattern-compare -mcpu=v8.50.c -mno-xl-soft-mul -Wl,--no-relax -ffunction-sections -fdata-sections -MMD -MP -MF"src/platform.d" -MT"src/platform.d" -o "src/platform.o" "../src/platform.c"
'Finished building: ../src/platform.c'
' '
'Building target: MemTestMicroblaze80.elf'
'Invoking: MicroBlaze gcc linker'
mb-gcc -Wl,-T -Wl,../src/lscript.ld -L../../MemTestMicroblaze80_bsp/microblaze_0/lib -mlittle-endian -mxl-barrel-shift -mxl-pattern-compare -mcpu=v8.50.c -mno-xl-soft-mul -Wl,--no-relax -Wl,--gc-sections -o "MemTestMicroblaze80.elf"  ./src/helloworld.o ./src/platform.o   -Wl,--start-group,-lxil,-lgcc,-lc,--end-group
'Finished building target: MemTestMicroblaze80.elf'
' '
'Invoking: MicroBlaze Print Size'
mb-size MemTestMicroblaze80.elf  |tee "MemTestMicroblaze80.elf.size"
   text	   data	    bss	    dec	    hex	filename
   5122	    272	   2080	   7474	   1d32	MemTestMicroblaze80.elf
'Finished building: MemTestMicroblaze80.elf.size'
' '
'Invoking: Xilinx ELF Check'
elfcheck MemTestMicroblaze80.elf -hw ../../SensorMP_hw_platform/system.xml -pe microblaze_0  |tee "MemTestMicroblaze80.elf.elfcheck"
elfcheck
Xilinx EDK 14.7 Build EDK_P.20131013
Copyright (c) 1995-2012 Xilinx, Inc.  All rights reserved.

Command Line: elfcheck -hw ../../SensorMP_hw_platform/system.xml -pe
microblaze_0 MemTestMicroblaze80.elf 

ELF file	: MemTestMicroblaze80.elf
elfcheck passed.
'Finished building: MemTestMicroblaze80.elf.elfcheck'
' '
00:28:23 **** Auto Build of configuration Debug for project MemTestMicroblaze80 ****
make all 
'Building target: MemTestMicroblaze80.elf'
'Invoking: MicroBlaze gcc linker'
mb-gcc -Wl,-T -Wl,../src/lscript.ld -L../../MemTestMicroblaze80_bsp/microblaze_0/lib -mlittle-endian -mxl-barrel-shift -mxl-pattern-compare -mcpu=v8.50.c -mno-xl-soft-mul -Wl,--no-relax -Wl,--gc-sections -o "MemTestMicroblaze80.elf"  ./src/helloworld.o ./src/platform.o   -Wl,--start-group,-lxil,-lgcc,-lc,--end-group
'Finished building target: MemTestMicroblaze80.elf'
' '
'Invoking: MicroBlaze Print Size'
mb-size MemTestMicroblaze80.elf  |tee "MemTestMicroblaze80.elf.size"
   text	   data	    bss	    dec	    hex	filename
   5122	    272	   2086	   7480	   1d38	MemTestMicroblaze80.elf
'Finished building: MemTestMicroblaze80.elf.size'
' '
'Invoking: Xilinx ELF Check'
elfcheck MemTestMicroblaze80.elf -hw ../../SensorMP_hw_platform/system.xml -pe microblaze_0  |tee "MemTestMicroblaze80.elf.elfcheck"
elfcheck
Xilinx EDK 14.7 Build EDK_P.20131013
Copyright (c) 1995-2012 Xilinx, Inc.  All rights reserved.

Command Line: elfcheck -hw ../../SensorMP_hw_platform/system.xml -pe
microblaze_0 MemTestMicroblaze80.elf 

ELF file	: MemTestMicroblaze80.elf
elfcheck passed.
'Finished building: MemTestMicroblaze80.elf.elfcheck'
' '
00:29:18 **** Auto Build of project MemTestMicroblaze80_bsp ****
make -k all 
'Finished building libraries'
00:29:19 **** Auto Build of project MemTestCortexA90_bsp ****
make -k all 
'Finished building libraries'
00:30:47 **** Incremental Build of configuration Debug for project MemTestMicroblaze80 ****
make all 
make: Nothing to be done for `all'.
00:30:48 **** Incremental Build of configuration Debug for project MemTestCortexA90 ****
make all 
make: Nothing to be done for `all'.
00:31:15 **** Incremental Build of configuration Debug for project MemTestMicroblaze80 ****
make all 
make: Nothing to be done for `all'.
00:31:16 **** Incremental Build of configuration Debug for project MemTestCortexA90 ****
make all 
make: Nothing to be done for `all'.
00:32:00 **** Incremental Build of configuration Debug for project MemTestMicroblaze80 ****
make all 
make: Nothing to be done for `all'.
00:32:01 **** Incremental Build of configuration Debug for project MemTestCortexA90 ****
make all 
make: Nothing to be done for `all'.
00:34:31 **** Auto Build of configuration Debug for project MemTestMicroblaze80 ****
make all 
'Building file: ../src/helloworld.c'
'Invoking: MicroBlaze gcc compiler'
mb-gcc -Wall -O0 -g3 -c -fmessage-length=0 -I../../MemTestMicroblaze80_bsp/microblaze_0/include -mlittle-endian -mxl-barrel-shift -mxl-pattern-compare -mcpu=v8.50.c -mno-xl-soft-mul -Wl,--no-relax -ffunction-sections -fdata-sections -MMD -MP -MF"src/helloworld.d" -MT"src/helloworld.d" -o "src/helloworld.o" "../src/helloworld.c"
'Finished building: ../src/helloworld.c'
' '
'Building target: MemTestMicroblaze80.elf'
'Invoking: MicroBlaze gcc linker'
mb-gcc -Wl,-T -Wl,../src/lscript.ld -L../../MemTestMicroblaze80_bsp/microblaze_0/lib -mlittle-endian -mxl-barrel-shift -mxl-pattern-compare -mcpu=v8.50.c -mno-xl-soft-mul -Wl,--no-relax -Wl,--gc-sections -o "MemTestMicroblaze80.elf"  ./src/helloworld.o ./src/platform.o   -Wl,--start-group,-lxil,-lgcc,-lc,--end-group
'Finished building target: MemTestMicroblaze80.elf'
' '
'Invoking: MicroBlaze Print Size'
mb-size MemTestMicroblaze80.elf  |tee "MemTestMicroblaze80.elf.size"
   text	   data	    bss	    dec	    hex	filename
   5122	    272	   2086	   7480	   1d38	MemTestMicroblaze80.elf
'Finished building: MemTestMicroblaze80.elf.size'
' '
'Invoking: Xilinx ELF Check'
elfcheck MemTestMicroblaze80.elf -hw ../../SensorMP_hw_platform/system.xml -pe microblaze_0  |tee "MemTestMicroblaze80.elf.elfcheck"
elfcheck
Xilinx EDK 14.7 Build EDK_P.20131013
Copyright (c) 1995-2012 Xilinx, Inc.  All rights reserved.

Command Line: elfcheck -hw ../../SensorMP_hw_platform/system.xml -pe
microblaze_0 MemTestMicroblaze80.elf 

ELF file	: MemTestMicroblaze80.elf
elfcheck passed.
'Finished building: MemTestMicroblaze80.elf.elfcheck'
' '
00:34:59 **** Incremental Build of configuration Debug for project MemTestMicroblaze80 ****
make all 
make: Nothing to be done for `all'.
00:35:00 **** Incremental Build of configuration Debug for project MemTestCortexA90 ****
make all 
make: Nothing to be done for `all'.
00:35:25 **** Incremental Build of configuration Debug for project MemTestMicroblaze80 ****
make all 
make: Nothing to be done for `all'.
00:35:26 **** Incremental Build of configuration Debug for project MemTestCortexA90 ****
make all 
make: Nothing to be done for `all'.
00:35:50 **** Incremental Build of configuration Debug for project MemTestMicroblaze80 ****
make all 
make: Nothing to be done for `all'.
00:35:51 **** Incremental Build of configuration Debug for project MemTestCortexA90 ****
make all 
make: Nothing to be done for `all'.
00:38:11 **** Auto Build of configuration Debug for project MemTestMicroblaze80 ****
make all 
'Building file: ../src/helloworld.c'
'Invoking: MicroBlaze gcc compiler'
mb-gcc -Wall -O0 -g3 -c -fmessage-length=0 -I../../MemTestMicroblaze80_bsp/microblaze_0/include -mlittle-endian -mxl-barrel-shift -mxl-pattern-compare -mcpu=v8.50.c -mno-xl-soft-mul -Wl,--no-relax -ffunction-sections -fdata-sections -MMD -MP -MF"src/helloworld.d" -MT"src/helloworld.d" -o "src/helloworld.o" "../src/helloworld.c"
'Finished building: ../src/helloworld.c'
' '
'Building target: MemTestMicroblaze80.elf'
'Invoking: MicroBlaze gcc linker'
mb-gcc -Wl,-T -Wl,../src/lscript.ld -L../../MemTestMicroblaze80_bsp/microblaze_0/lib -mlittle-endian -mxl-barrel-shift -mxl-pattern-compare -mcpu=v8.50.c -mno-xl-soft-mul -Wl,--no-relax -Wl,--gc-sections -o "MemTestMicroblaze80.elf"  ./src/helloworld.o ./src/platform.o   -Wl,--start-group,-lxil,-lgcc,-lc,--end-group
'Finished building target: MemTestMicroblaze80.elf'
' '
'Invoking: MicroBlaze Print Size'
mb-size MemTestMicroblaze80.elf  |tee "MemTestMicroblaze80.elf.size"
   text	   data	    bss	    dec	    hex	filename
   1994	    268	   2090	   4352	   1100	MemTestMicroblaze80.elf
'Finished building: MemTestMicroblaze80.elf.size'
' '
'Invoking: Xilinx ELF Check'
elfcheck MemTestMicroblaze80.elf -hw ../../SensorMP_hw_platform/system.xml -pe microblaze_0  |tee "MemTestMicroblaze80.elf.elfcheck"
elfcheck
Xilinx EDK 14.7 Build EDK_P.20131013
Copyright (c) 1995-2012 Xilinx, Inc.  All rights reserved.

Command Line: elfcheck -hw ../../SensorMP_hw_platform/system.xml -pe
microblaze_0 MemTestMicroblaze80.elf 

ELF file	: MemTestMicroblaze80.elf
elfcheck passed.
'Finished building: MemTestMicroblaze80.elf.elfcheck'
' '
00:38:54 **** Auto Build of configuration Debug for project MemTestCortexA90 ****
make all 
'Building file: ../src/main.c'
'Invoking: ARM gcc compiler'
arm-xilinx-eabi-gcc -Wall -O0 -g3 -c -fmessage-length=0 -I../../MemTestCortexA90_bsp/ps7_cortexa9_0/include -MMD -MP -MF"src/main.d" -MT"src/main.d" -o "src/main.o" "../src/main.c"
'Finished building: ../src/main.c'
' '
'Building target: MemTestCortexA90.elf'
'Invoking: ARM gcc linker'
arm-xilinx-eabi-gcc -Wl,-T -Wl,../src/lscript.ld -L../../MemTestCortexA90_bsp/ps7_cortexa9_0/lib -o "MemTestCortexA90.elf"  ./src/main.o   -Wl,--start-group,-lxil,-lgcc,-lc,--end-group
'Finished building target: MemTestCortexA90.elf'
' '
'Invoking: ARM Print Size'
arm-xilinx-eabi-size MemTestCortexA90.elf  |tee "MemTestCortexA90.elf.size"
   text	   data	    bss	    dec	    hex	filename
  25220	   1096	  29780	  56096	   db20	MemTestCortexA90.elf
'Finished building: MemTestCortexA90.elf.size'
' '
00:39:07 **** Incremental Build of configuration Debug for project MemTestMicroblaze80 ****
make all 
make: Nothing to be done for `all'.
00:39:08 **** Incremental Build of configuration Debug for project MemTestCortexA90 ****
make all 
make: Nothing to be done for `all'.
00:39:28 **** Incremental Build of configuration Debug for project MemTestMicroblaze80 ****
make all 
make: Nothing to be done for `all'.
00:39:29 **** Incremental Build of configuration Debug for project MemTestCortexA90 ****
make all 
make: Nothing to be done for `all'.
16:16:45 **** Auto Build of configuration Debug for project MemTestCortexA90 ****
make all 
'Building file: ../src/main.c'
'Invoking: ARM gcc compiler'
arm-xilinx-eabi-gcc -Wall -O0 -g3 -c -fmessage-length=0 -I../../MemTestCortexA90_bsp/ps7_cortexa9_0/include -MMD -MP -MF"src/main.d" -MT"src/main.d" -o "src/main.o" "../src/main.c"
../src/main.c: In function 'main':
../src/main.c:76:81: error: 'Location' undeclared (first use in this function)
../src/main.c:76:81: note: each undeclared identifier is reported only once for each function it appears in
../src/main.c:80:21: error: expected expression before ')' token
../src/main.c:73:17: warning: unused variable 'Ocm' [-Wunused-variable]
make: *** [src/main.o] ´íÎó 1
15:15:15 **** Auto Build of configuration Debug for project MemTestCortexA90 ****
make all 
'Building file: ../src/main.c'
'Invoking: ARM gcc compiler'
arm-xilinx-eabi-gcc -Wall -O0 -g3 -c -fmessage-length=0 -I../../MemTestCortexA90_bsp/ps7_cortexa9_0/include -MMD -MP -MF"src/main.d" -MT"src/main.d" -o "src/main.o" "../src/main.c"
../src/main.c: In function 'main':
../src/main.c:77:81: error: 'Location' undeclared (first use in this function)
../src/main.c:77:81: note: each undeclared identifier is reported only once for each function it appears in
../src/main.c:83:7: warning: implicit declaration of function 'rand' [-Wimplicit-function-declaration]
make: *** [src/main.o] ´íÎó 1
15:24:19 **** Auto Build of configuration Debug for project MemTestCortexA90 ****
make all 
'Building file: ../src/main.c'
'Invoking: ARM gcc compiler'
arm-xilinx-eabi-gcc -Wall -O0 -g3 -c -fmessage-length=0 -I../../MemTestCortexA90_bsp/ps7_cortexa9_0/include -MMD -MP -MF"src/main.d" -MT"src/main.d" -o "src/main.o" "../src/main.c"
../src/main.c: In function 'main':
../src/main.c:84:81: error: 'Location' undeclared (first use in this function)
../src/main.c:84:81: note: each undeclared identifier is reported only once for each function it appears in
../src/main.c:90:7: warning: implicit declaration of function 'rand' [-Wimplicit-function-declaration]
make: *** [src/main.o] ´íÎó 1
15:24:41 **** Auto Build of configuration Debug for project MemTestCortexA90 ****
make all 
'Building file: ../src/main.c'
'Invoking: ARM gcc compiler'
arm-xilinx-eabi-gcc -Wall -O0 -g3 -c -fmessage-length=0 -I../../MemTestCortexA90_bsp/ps7_cortexa9_0/include -MMD -MP -MF"src/main.d" -MT"src/main.d" -o "src/main.o" "../src/main.c"
../src/main.c: In function 'main':
../src/main.c:90:7: warning: implicit declaration of function 'rand' [-Wimplicit-function-declaration]
'Finished building: ../src/main.c'
' '
'Building target: MemTestCortexA90.elf'
'Invoking: ARM gcc linker'
arm-xilinx-eabi-gcc -Wl,-T -Wl,../src/lscript.ld -L../../MemTestCortexA90_bsp/ps7_cortexa9_0/lib -o "MemTestCortexA90.elf"  ./src/main.o   -Wl,--start-group,-lxil,-lgcc,-lc,--end-group
'Finished building target: MemTestCortexA90.elf'
' '
'Invoking: ARM Print Size'
arm-xilinx-eabi-size MemTestCortexA90.elf  |tee "MemTestCortexA90.elf.size"
   text	   data	    bss	    dec	    hex	filename
  25664	   1096	7345236	7371996	 707cdc	MemTestCortexA90.elf
'Finished building: MemTestCortexA90.elf.size'
' '
15:25:13 **** Auto Build of configuration Debug for project MemTestCortexA90 ****
make all 
'Building file: ../src/main.c'
'Invoking: ARM gcc compiler'
arm-xilinx-eabi-gcc -Wall -O0 -g3 -c -fmessage-length=0 -I../../MemTestCortexA90_bsp/ps7_cortexa9_0/include -MMD -MP -MF"src/main.d" -MT"src/main.d" -o "src/main.o" "../src/main.c"
'Finished building: ../src/main.c'
' '
'Building target: MemTestCortexA90.elf'
'Invoking: ARM gcc linker'
arm-xilinx-eabi-gcc -Wl,-T -Wl,../src/lscript.ld -L../../MemTestCortexA90_bsp/ps7_cortexa9_0/lib -o "MemTestCortexA90.elf"  ./src/main.o   -Wl,--start-group,-lxil,-lgcc,-lc,--end-group
'Finished building target: MemTestCortexA90.elf'
' '
'Invoking: ARM Print Size'
arm-xilinx-eabi-size MemTestCortexA90.elf  |tee "MemTestCortexA90.elf.size"
   text	   data	    bss	    dec	    hex	filename
  25664	   1096	7345236	7371996	 707cdc	MemTestCortexA90.elf
'Finished building: MemTestCortexA90.elf.size'
' '
15:29:26 **** Auto Build of configuration Debug for project MemTestMicroblaze80 ****
make all 
'Building file: ../src/helloworld.c'
'Invoking: MicroBlaze gcc compiler'
mb-gcc -Wall -O0 -g3 -c -fmessage-length=0 -I../../MemTestMicroblaze80_bsp/microblaze_0/include -mlittle-endian -mxl-barrel-shift -mxl-pattern-compare -mcpu=v8.50.c -mno-xl-soft-mul -Wl,--no-relax -ffunction-sections -fdata-sections -MMD -MP -MF"src/helloworld.d" -MT"src/helloworld.d" -o "src/helloworld.o" "../src/helloworld.c"
'Finished building: ../src/helloworld.c'
' '
'Building target: MemTestMicroblaze80.elf'
'Invoking: MicroBlaze gcc linker'
mb-gcc -Wl,-T -Wl,../src/lscript.ld -L../../MemTestMicroblaze80_bsp/microblaze_0/lib -mlittle-endian -mxl-barrel-shift -mxl-pattern-compare -mcpu=v8.50.c -mno-xl-soft-mul -Wl,--no-relax -Wl,--gc-sections -o "MemTestMicroblaze80.elf"  ./src/helloworld.o ./src/platform.o   -Wl,--start-group,-lxil,-lgcc,-lc,--end-group
'Finished building target: MemTestMicroblaze80.elf'
' '
'Invoking: MicroBlaze Print Size'
mb-size MemTestMicroblaze80.elf  |tee "MemTestMicroblaze80.elf.size"
   text	   data	    bss	    dec	    hex	filename
   2082	    268	   2090	   4440	   1158	MemTestMicroblaze80.elf
'Finished building: MemTestMicroblaze80.elf.size'
' '
'Invoking: Xilinx ELF Check'
elfcheck MemTestMicroblaze80.elf -hw ../../SensorMP_hw_platform/system.xml -pe microblaze_0  |tee "MemTestMicroblaze80.elf.elfcheck"
elfcheck
Xilinx EDK 14.7 Build EDK_P.20131013
Copyright (c) 1995-2012 Xilinx, Inc.  All rights reserved.

Command Line: elfcheck -hw ../../SensorMP_hw_platform/system.xml -pe
microblaze_0 MemTestMicroblaze80.elf 

ELF file	: MemTestMicroblaze80.elf
elfcheck passed.
'Finished building: MemTestMicroblaze80.elf.elfcheck'
' '
15:32:01 **** Auto Build of project MemTestMicroblaze80_bsp ****
make -k all 
'Finished building libraries'
15:32:02 **** Auto Build of project MemTestCortexA90_bsp ****
make -k all 
'Finished building libraries'
15:32:40 **** Auto Build of project MemTestMicroblaze80_bsp ****
make -k all 
'Finished building libraries'
15:32:40 **** Auto Build of project MemTestCortexA90_bsp ****
make -k all 
'Finished building libraries'
15:33:15 **** Incremental Build of configuration Debug for project MemTestMicroblaze80 ****
make all 
make: Nothing to be done for `all'.
15:33:17 **** Incremental Build of configuration Debug for project MemTestCortexA90 ****
make all 
make: Nothing to be done for `all'.
15:34:12 **** Incremental Build of configuration Debug for project MemTestMicroblaze80 ****
make all 
make: Nothing to be done for `all'.
15:34:13 **** Incremental Build of configuration Debug for project MemTestCortexA90 ****
make all 
make: Nothing to be done for `all'.
15:34:45 **** Auto Build of project MemTestMicroblaze80_bsp ****
make -k all 
'Finished building libraries'
15:34:46 **** Auto Build of project MemTestCortexA90_bsp ****
make -k all 
'Finished building libraries'
15:35:35 **** Auto Build of configuration Debug for project MemTestCortexA90 ****
make all 
'Building file: ../src/main.c'
'Invoking: ARM gcc compiler'
arm-xilinx-eabi-gcc -Wall -O0 -g3 -c -fmessage-length=0 -I../../MemTestCortexA90_bsp/ps7_cortexa9_0/include -MMD -MP -MF"src/main.d" -MT"src/main.d" -o "src/main.o" "../src/main.c"
'Finished building: ../src/main.c'
' '
'Building target: MemTestCortexA90.elf'
'Invoking: ARM gcc linker'
arm-xilinx-eabi-gcc -Wl,-T -Wl,../src/lscript.ld -L../../MemTestCortexA90_bsp/ps7_cortexa9_0/lib -o "MemTestCortexA90.elf"  ./src/main.o   -Wl,--start-group,-lxil,-lgcc,-lc,--end-group
'Finished building target: MemTestCortexA90.elf'
' '
'Invoking: ARM Print Size'
arm-xilinx-eabi-size MemTestCortexA90.elf  |tee "MemTestCortexA90.elf.size"
   text	   data	    bss	    dec	    hex	filename
  25712	   1096	7345236	7372044	 707d0c	MemTestCortexA90.elf
'Finished building: MemTestCortexA90.elf.size'
' '
15:35:39 **** Incremental Build of configuration Debug for project MemTestMicroblaze80 ****
make all 
make: Nothing to be done for `all'.
15:35:40 **** Incremental Build of configuration Debug for project MemTestCortexA90 ****
make all 
make: Nothing to be done for `all'.
15:36:15 **** Incremental Build of configuration Debug for project MemTestMicroblaze80 ****
make all 
make: Nothing to be done for `all'.
15:36:16 **** Incremental Build of configuration Debug for project MemTestCortexA90 ****
make all 
make: Nothing to be done for `all'.
15:42:22 **** Auto Build of configuration Debug for project MemTestCortexA90 ****
make all 
'Building file: ../src/main.c'
'Invoking: ARM gcc compiler'
arm-xilinx-eabi-gcc -Wall -O0 -g3 -c -fmessage-length=0 -I../../MemTestCortexA90_bsp/ps7_cortexa9_0/include -MMD -MP -MF"src/main.d" -MT"src/main.d" -o "src/main.o" "../src/main.c"
'Finished building: ../src/main.c'
' '
'Building target: MemTestCortexA90.elf'
'Invoking: ARM gcc linker'
arm-xilinx-eabi-gcc -Wl,-T -Wl,../src/lscript.ld -L../../MemTestCortexA90_bsp/ps7_cortexa9_0/lib -o "MemTestCortexA90.elf"  ./src/main.o   -Wl,--start-group,-lxil,-lgcc,-lc,--end-group
'Finished building target: MemTestCortexA90.elf'
' '
'Invoking: ARM Print Size'
arm-xilinx-eabi-size MemTestCortexA90.elf  |tee "MemTestCortexA90.elf.size"
   text	   data	    bss	    dec	    hex	filename
  25712	   1096	7345236	7372044	 707d0c	MemTestCortexA90.elf
'Finished building: MemTestCortexA90.elf.size'
' '
15:42:37 **** Auto Build of project MemTestMicroblaze80_bsp ****
make -k all 
'Finished building libraries'
15:42:37 **** Auto Build of project MemTestCortexA90_bsp ****
make -k all 
'Finished building libraries'
15:42:41 **** Incremental Build of configuration Debug for project MemTestMicroblaze80 ****
make all 
make: Nothing to be done for `all'.
15:42:42 **** Incremental Build of configuration Debug for project MemTestCortexA90 ****
make all 
make: Nothing to be done for `all'.
15:42:53 **** Incremental Build of configuration Debug for project MemTestMicroblaze80 ****
make all 
make: Nothing to be done for `all'.
15:42:54 **** Incremental Build of configuration Debug for project MemTestCortexA90 ****
make all 
make: Nothing to be done for `all'.
15:43:15 **** Auto Build of project MemTestMicroblaze80_bsp ****
make -k all 
'Finished building libraries'
15:43:15 **** Auto Build of project MemTestCortexA90_bsp ****
make -k all 
'Finished building libraries'
15:43:27 **** Incremental Build of configuration Debug for project MemTestMicroblaze80 ****
make all 
make: Nothing to be done for `all'.
15:43:28 **** Incremental Build of configuration Debug for project MemTestCortexA90 ****
make all 
make: Nothing to be done for `all'.
15:45:59 **** Auto Build of project MemTestMicroblaze80_bsp ****
make -k all 
'Finished building libraries'
15:45:59 **** Auto Build of project MemTestCortexA90_bsp ****
make -k all 
'Finished building libraries'
15:46:53 **** Auto Build of project MemTestMicroblaze80_bsp ****
make -k all 
'Finished building libraries'
15:46:53 **** Auto Build of project MemTestCortexA90_bsp ****
make -k all 
'Finished building libraries'
15:47:04 **** Incremental Build of configuration Debug for project MemTestMicroblaze80 ****
make all 
make: Nothing to be done for `all'.
15:47:05 **** Incremental Build of configuration Debug for project MemTestCortexA90 ****
make all 
make: Nothing to be done for `all'.
15:47:55 **** Incremental Build of configuration Debug for project MemTestMicroblaze80 ****
make all 
make: Nothing to be done for `all'.
15:47:56 **** Incremental Build of configuration Debug for project MemTestCortexA90 ****
make all 
make: Nothing to be done for `all'.
15:48:48 **** Incremental Build of configuration Debug for project MemTestMicroblaze80 ****
make all 
make: Nothing to be done for `all'.
15:48:49 **** Incremental Build of configuration Debug for project MemTestCortexA90 ****
make all 
make: Nothing to be done for `all'.
15:51:09 **** Auto Build of project MemTestMicroblaze80_bsp ****
make -k all 
'Finished building libraries'
15:51:09 **** Auto Build of project MemTestCortexA90_bsp ****
make -k all 
'Finished building libraries'
15:51:51 **** Incremental Build of configuration Debug for project MemTestMicroblaze80 ****
make all 
make: Nothing to be done for `all'.
15:51:52 **** Incremental Build of configuration Debug for project MemTestCortexA90 ****
make all 
make: Nothing to be done for `all'.
15:52:11 **** Incremental Build of configuration Debug for project MemTestMicroblaze80 ****
make all 
make: Nothing to be done for `all'.
15:52:12 **** Incremental Build of configuration Debug for project MemTestCortexA90 ****
make all 
make: Nothing to be done for `all'.
15:53:13 **** Incremental Build of configuration Debug for project MemTestMicroblaze80 ****
make all 
make: Nothing to be done for `all'.
15:53:14 **** Incremental Build of configuration Debug for project MemTestCortexA90 ****
make all 
make: Nothing to be done for `all'.
15:54:41 **** Auto Build of configuration Debug for project MemTestCortexA90 ****
make all 
'Building target: MemTestCortexA90.elf'
'Invoking: ARM gcc linker'
arm-xilinx-eabi-gcc -Wl,-T -Wl,../src/lscript.ld -L../../MemTestCortexA90_bsp/ps7_cortexa9_0/lib -o "MemTestCortexA90.elf"  ./src/main.o   -Wl,--start-group,-lxil,-lgcc,-lc,--end-group
'Finished building target: MemTestCortexA90.elf'
' '
'Invoking: ARM Print Size'
arm-xilinx-eabi-size MemTestCortexA90.elf  |tee "MemTestCortexA90.elf.size"
   text	   data	    bss	    dec	    hex	filename
  25712	   1096	2102868	2129676	 207f0c	MemTestCortexA90.elf
'Finished building: MemTestCortexA90.elf.size'
' '
15:58:17 **** Auto Build of project MemTestMicroblaze80_bsp ****
make -k all 
'Finished building libraries'
15:58:17 **** Auto Build of project MemTestCortexA90_bsp ****
make -k all 
'Finished building libraries'
15:58:51 **** Incremental Build of configuration Debug for project MemTestMicroblaze80 ****
make all 
make: Nothing to be done for `all'.
15:58:52 **** Incremental Build of configuration Debug for project MemTestCortexA90 ****
make all 
make: Nothing to be done for `all'.
15:59:22 **** Incremental Build of configuration Debug for project MemTestMicroblaze80 ****
make all 
make: Nothing to be done for `all'.
15:59:23 **** Incremental Build of configuration Debug for project MemTestCortexA90 ****
make all 
make: Nothing to be done for `all'.
16:00:50 **** Auto Build of project MemTestMicroblaze80_bsp ****
make -k all 
'Finished building libraries'
16:00:50 **** Auto Build of project MemTestCortexA90_bsp ****
make -k all 
'Finished building libraries'
16:00:55 **** Incremental Build of configuration Debug for project MemTestMicroblaze80 ****
make all 
make: Nothing to be done for `all'.
16:00:56 **** Incremental Build of configuration Debug for project MemTestCortexA90 ****
make all 
make: Nothing to be done for `all'.
16:01:42 **** Incremental Build of configuration Debug for project MemTestMicroblaze80 ****
make all 
make: Nothing to be done for `all'.
16:01:43 **** Incremental Build of configuration Debug for project MemTestCortexA90 ****
make all 
make: Nothing to be done for `all'.
16:02:11 **** Incremental Build of configuration Debug for project MemTestMicroblaze80 ****
make all 
make: Nothing to be done for `all'.
16:02:12 **** Incremental Build of configuration Debug for project MemTestCortexA90 ****
make all 
make: Nothing to be done for `all'.
16:24:07 **** Auto Build of configuration Debug for project MemTestCortexA90 ****
make all 
'Building file: ../src/main.c'
'Invoking: ARM gcc compiler'
arm-xilinx-eabi-gcc -Wall -O0 -g3 -c -fmessage-length=0 -I../../MemTestCortexA90_bsp/ps7_cortexa9_0/include -MMD -MP -MF"src/main.d" -MT"src/main.d" -o "src/main.o" "../src/main.c"
../src/main.c:29:24: fatal error: netinet/in.h: No such file or directory
compilation terminated.
make: *** [src/main.o] ´íÎó 1
16:25:17 **** Auto Build of configuration Debug for project MemTestCortexA90 ****
make all 
'Building file: ../src/main.c'
'Invoking: ARM gcc compiler'
arm-xilinx-eabi-gcc -Wall -O0 -g3 -c -fmessage-length=0 -I../../MemTestCortexA90_bsp/ps7_cortexa9_0/include -MMD -MP -MF"src/main.d" -MT"src/main.d" -o "src/main.o" "../src/main.c"
../src/main.c: In function 'main':
../src/main.c:103:8: warning: implicit declaration of function 'htonl' [-Wimplicit-function-declaration]
'Finished building: ../src/main.c'
' '
'Building target: MemTestCortexA90.elf'
'Invoking: ARM gcc linker'
arm-xilinx-eabi-gcc -Wl,-T -Wl,../src/lscript.ld -L../../MemTestCortexA90_bsp/ps7_cortexa9_0/lib -o "MemTestCortexA90.elf"  ./src/main.o   -Wl,--start-group,-lxil,-lgcc,-lc,--end-group
./src/main.o: In function `main':
D:\Git\Sandbox\InX.sdk\SDK\SDK_Export\MemTestCortexA90\Debug/../src/main.c:103: undefined reference to `htonl'
collect2.exe: error: ld returned 1 exit status
make: *** [MemTestCortexA90.elf] ´íÎó 1
16:25:50 **** Auto Build of configuration Debug for project MemTestCortexA90 ****
make all 
'Building file: ../src/main.c'
'Invoking: ARM gcc compiler'
arm-xilinx-eabi-gcc -Wall -O0 -g3 -c -fmessage-length=0 -I../../MemTestCortexA90_bsp/ps7_cortexa9_0/include -MMD -MP -MF"src/main.d" -MT"src/main.d" -o "src/main.o" "../src/main.c"
../src/main.c:29:23: fatal error: arpa/inet.h: No such file or directory
compilation terminated.
make: *** [src/main.o] ´íÎó 1
16:26:01 **** Auto Build of configuration Debug for project MemTestCortexA90 ****
make all 
'Building file: ../src/main.c'
'Invoking: ARM gcc compiler'
arm-xilinx-eabi-gcc -Wall -O0 -g3 -c -fmessage-length=0 -I../../MemTestCortexA90_bsp/ps7_cortexa9_0/include -MMD -MP -MF"src/main.d" -MT"src/main.d" -o "src/main.o" "../src/main.c"
../src/main.c:29:18: fatal error: inet.h: No such file or directory
compilation terminated.
make: *** [src/main.o] ´íÎó 1
16:26:32 **** Auto Build of configuration Debug for project MemTestCortexA90 ****
make all 
'Building file: ../src/main.c'
'Invoking: ARM gcc compiler'
arm-xilinx-eabi-gcc -Wall -O0 -g3 -c -fmessage-length=0 -I../../MemTestCortexA90_bsp/ps7_cortexa9_0/include -MMD -MP -MF"src/main.d" -MT"src/main.d" -o "src/main.o" "../src/main.c"
../src/main.c: In function 'main':
../src/main.c:104:8: warning: implicit declaration of function 'htonl' [-Wimplicit-function-declaration]
'Finished building: ../src/main.c'
' '
'Building target: MemTestCortexA90.elf'
'Invoking: ARM gcc linker'
arm-xilinx-eabi-gcc -Wl,-T -Wl,../src/lscript.ld -L../../MemTestCortexA90_bsp/ps7_cortexa9_0/lib -o "MemTestCortexA90.elf"  ./src/main.o   -Wl,--start-group,-lxil,-lgcc,-lc,--end-group
./src/main.o: In function `main':
D:\Git\Sandbox\InX.sdk\SDK\SDK_Export\MemTestCortexA90\Debug/../src/main.c:104: undefined reference to `htonl'
collect2.exe: error: ld returned 1 exit status
make: *** [MemTestCortexA90.elf] ´íÎó 1
16:34:47 **** Auto Build of configuration Debug for project MemTestCortexA90 ****
make all 
'Building file: ../src/main.c'
'Invoking: ARM gcc compiler'
arm-xilinx-eabi-gcc -Wall -O0 -g3 -c -fmessage-length=0 -I../../MemTestCortexA90_bsp/ps7_cortexa9_0/include -MMD -MP -MF"src/main.d" -MT"src/main.d" -o "src/main.o" "../src/main.c"
../src/main.c: In function 'main':
../src/main.c:88:17: warning: initialization from incompatible pointer type [enabled by default]
../src/main.c:110:8: warning: implicit declaration of function 'htonl' [-Wimplicit-function-declaration]
'Finished building: ../src/main.c'
' '
'Building target: MemTestCortexA90.elf'
'Invoking: ARM gcc linker'
arm-xilinx-eabi-gcc -Wl,-T -Wl,../src/lscript.ld -L../../MemTestCortexA90_bsp/ps7_cortexa9_0/lib -o "MemTestCortexA90.elf"  ./src/main.o   -Wl,--start-group,-lxil,-lgcc,-lc,--end-group
./src/main.o: In function `main':
D:\Git\Sandbox\InX.sdk\SDK\SDK_Export\MemTestCortexA90\Debug/../src/main.c:110: undefined reference to `htonl'
collect2.exe: error: ld returned 1 exit status
make: *** [MemTestCortexA90.elf] ´íÎó 1
16:35:20 **** Auto Build of configuration Debug for project MemTestCortexA90 ****
make all 
'Building file: ../src/main.c'
'Invoking: ARM gcc compiler'
arm-xilinx-eabi-gcc -Wall -O0 -g3 -c -fmessage-length=0 -I../../MemTestCortexA90_bsp/ps7_cortexa9_0/include -MMD -MP -MF"src/main.d" -MT"src/main.d" -o "src/main.o" "../src/main.c"
../src/main.c: In function 'main':
../src/main.c:110:8: warning: implicit declaration of function 'htonl' [-Wimplicit-function-declaration]
'Finished building: ../src/main.c'
' '
'Building target: MemTestCortexA90.elf'
'Invoking: ARM gcc linker'
arm-xilinx-eabi-gcc -Wl,-T -Wl,../src/lscript.ld -L../../MemTestCortexA90_bsp/ps7_cortexa9_0/lib -o "MemTestCortexA90.elf"  ./src/main.o   -Wl,--start-group,-lxil,-lgcc,-lc,--end-group
./src/main.o: In function `main':
D:\Git\Sandbox\InX.sdk\SDK\SDK_Export\MemTestCortexA90\Debug/../src/main.c:110: undefined reference to `htonl'
collect2.exe: error: ld returned 1 exit status
make: *** [MemTestCortexA90.elf] ´íÎó 1
16:35:31 **** Auto Build of configuration Debug for project MemTestCortexA90 ****
make all 
'Building file: ../src/main.c'
'Invoking: ARM gcc compiler'
arm-xilinx-eabi-gcc -Wall -O0 -g3 -c -fmessage-length=0 -I../../MemTestCortexA90_bsp/ps7_cortexa9_0/include -MMD -MP -MF"src/main.d" -MT"src/main.d" -o "src/main.o" "../src/main.c"
'Finished building: ../src/main.c'
' '
'Building target: MemTestCortexA90.elf'
'Invoking: ARM gcc linker'
arm-xilinx-eabi-gcc -Wl,-T -Wl,../src/lscript.ld -L../../MemTestCortexA90_bsp/ps7_cortexa9_0/lib -o "MemTestCortexA90.elf"  ./src/main.o   -Wl,--start-group,-lxil,-lgcc,-lc,--end-group
'Finished building target: MemTestCortexA90.elf'
' '
'Invoking: ARM Print Size'
arm-xilinx-eabi-size MemTestCortexA90.elf  |tee "MemTestCortexA90.elf.size"
   text	   data	    bss	    dec	    hex	filename
  25860	   1096	2102868	2129824	 207fa0	MemTestCortexA90.elf
'Finished building: MemTestCortexA90.elf.size'
' '
16:35:45 **** Auto Build of configuration Debug for project MemTestCortexA90 ****
make all 
'Building file: ../src/main.c'
'Invoking: ARM gcc compiler'
arm-xilinx-eabi-gcc -Wall -O0 -g3 -c -fmessage-length=0 -I../../MemTestCortexA90_bsp/ps7_cortexa9_0/include -MMD -MP -MF"src/main.d" -MT"src/main.d" -o "src/main.o" "../src/main.c"
'Finished building: ../src/main.c'
' '
'Building target: MemTestCortexA90.elf'
'Invoking: ARM gcc linker'
arm-xilinx-eabi-gcc -Wl,-T -Wl,../src/lscript.ld -L../../MemTestCortexA90_bsp/ps7_cortexa9_0/lib -o "MemTestCortexA90.elf"  ./src/main.o   -Wl,--start-group,-lxil,-lgcc,-lc,--end-group
'Finished building target: MemTestCortexA90.elf'
' '
'Invoking: ARM Print Size'
arm-xilinx-eabi-size MemTestCortexA90.elf  |tee "MemTestCortexA90.elf.size"
   text	   data	    bss	    dec	    hex	filename
  25284	   1096	2102868	2129248	 207d60	MemTestCortexA90.elf
'Finished building: MemTestCortexA90.elf.size'
' '
16:36:11 **** Incremental Build of configuration Debug for project MemTestMicroblaze80 ****
make all 
make: Nothing to be done for `all'.
16:36:12 **** Incremental Build of configuration Debug for project MemTestCortexA90 ****
make all 
make: Nothing to be done for `all'.
16:37:27 **** Incremental Build of configuration Debug for project MemTestMicroblaze80 ****
make all 
make: Nothing to be done for `all'.
16:37:28 **** Incremental Build of configuration Debug for project MemTestCortexA90 ****
make all 
make: Nothing to be done for `all'.
16:40:30 **** Auto Build of project MemTestMicroblaze80_bsp ****
make -k all 
'Finished building libraries'
16:40:30 **** Auto Build of project MemTestCortexA90_bsp ****
make -k all 
'Finished building libraries'
16:40:39 **** Incremental Build of configuration Debug for project MemTestMicroblaze80 ****
make all 
make: Nothing to be done for `all'.
16:40:40 **** Incremental Build of configuration Debug for project MemTestCortexA90 ****
make all 
make: Nothing to be done for `all'.
16:42:02 **** Auto Build of project MemTestMicroblaze80_bsp ****
make -k all 
'Finished building libraries'
16:42:02 **** Auto Build of project MemTestCortexA90_bsp ****
make -k all 
'Finished building libraries'
16:42:23 **** Incremental Build of configuration Debug for project MemTestMicroblaze80 ****
make all 
make: Nothing to be done for `all'.
16:42:24 **** Incremental Build of configuration Debug for project MemTestCortexA90 ****
make all 
make: Nothing to be done for `all'.
16:43:00 **** Auto Build of configuration Debug for project MemTestCortexA90 ****
make all 
'Building file: ../src/main.c'
'Invoking: ARM gcc compiler'
arm-xilinx-eabi-gcc -Wall -O0 -g3 -c -fmessage-length=0 -I../../MemTestCortexA90_bsp/ps7_cortexa9_0/include -MMD -MP -MF"src/main.d" -MT"src/main.d" -o "src/main.o" "../src/main.c"
'Finished building: ../src/main.c'
' '
'Building target: MemTestCortexA90.elf'
'Invoking: ARM gcc linker'
arm-xilinx-eabi-gcc -Wl,-T -Wl,../src/lscript.ld -L../../MemTestCortexA90_bsp/ps7_cortexa9_0/lib -o "MemTestCortexA90.elf"  ./src/main.o   -Wl,--start-group,-lxil,-lgcc,-lc,--end-group
'Finished building target: MemTestCortexA90.elf'
' '
'Invoking: ARM Print Size'
arm-xilinx-eabi-size MemTestCortexA90.elf  |tee "MemTestCortexA90.elf.size"
   text	   data	    bss	    dec	    hex	filename
  25284	   1096	2102868	2129248	 207d60	MemTestCortexA90.elf
'Finished building: MemTestCortexA90.elf.size'
' '
16:45:03 **** Auto Build of configuration Debug for project MemTestCortexA90 ****
make all 
'Building file: ../src/main.c'
'Invoking: ARM gcc compiler'
arm-xilinx-eabi-gcc -Wall -O0 -g3 -c -fmessage-length=0 -I../../MemTestCortexA90_bsp/ps7_cortexa9_0/include -MMD -MP -MF"src/main.d" -MT"src/main.d" -o "src/main.o" "../src/main.c"
'Finished building: ../src/main.c'
' '
'Building target: MemTestCortexA90.elf'
'Invoking: ARM gcc linker'
arm-xilinx-eabi-gcc -Wl,-T -Wl,../src/lscript.ld -L../../MemTestCortexA90_bsp/ps7_cortexa9_0/lib -o "MemTestCortexA90.elf"  ./src/main.o   -Wl,--start-group,-lxil,-lgcc,-lc,--end-group
'Finished building target: MemTestCortexA90.elf'
' '
'Invoking: ARM Print Size'
arm-xilinx-eabi-size MemTestCortexA90.elf  |tee "MemTestCortexA90.elf.size"
   text	   data	    bss	    dec	    hex	filename
  25860	   1096	2102868	2129824	 207fa0	MemTestCortexA90.elf
'Finished building: MemTestCortexA90.elf.size'
' '
16:46:10 **** Incremental Build of configuration Debug for project MemTestMicroblaze80 ****
make all 
make: Nothing to be done for `all'.
16:46:11 **** Incremental Build of configuration Debug for project MemTestCortexA90 ****
make all 
make: Nothing to be done for `all'.
16:47:49 **** Incremental Build of configuration Debug for project MemTestMicroblaze80 ****
make all 
make: Nothing to be done for `all'.
16:47:50 **** Incremental Build of configuration Debug for project MemTestCortexA90 ****
make all 
make: Nothing to be done for `all'.
16:48:21 **** Incremental Build of configuration Debug for project MemTestMicroblaze80 ****
make all 
make: Nothing to be done for `all'.
16:48:22 **** Incremental Build of configuration Debug for project MemTestCortexA90 ****
make all 
make: Nothing to be done for `all'.
16:50:37 **** Auto Build of configuration Debug for project MemTestCortexA90 ****
make all 
'Building file: ../src/main.c'
'Invoking: ARM gcc compiler'
arm-xilinx-eabi-gcc -Wall -O0 -g3 -c -fmessage-length=0 -I../../MemTestCortexA90_bsp/ps7_cortexa9_0/include -MMD -MP -MF"src/main.d" -MT"src/main.d" -o "src/main.o" "../src/main.c"
'Finished building: ../src/main.c'
' '
'Building target: MemTestCortexA90.elf'
'Invoking: ARM gcc linker'
arm-xilinx-eabi-gcc -Wl,-T -Wl,../src/lscript.ld -L../../MemTestCortexA90_bsp/ps7_cortexa9_0/lib -o "MemTestCortexA90.elf"  ./src/main.o   -Wl,--start-group,-lxil,-lgcc,-lc,--end-group
'Finished building target: MemTestCortexA90.elf'
' '
'Invoking: ARM Print Size'
arm-xilinx-eabi-size MemTestCortexA90.elf  |tee "MemTestCortexA90.elf.size"
   text	   data	    bss	    dec	    hex	filename
  25860	   1096	2102868	2129824	 207fa0	MemTestCortexA90.elf
'Finished building: MemTestCortexA90.elf.size'
' '
17:02:43 **** Auto Build of configuration Debug for project MemTestCortexA90 ****
make all 
'Building file: ../src/main.c'
'Invoking: ARM gcc compiler'
arm-xilinx-eabi-gcc -Wall -O0 -g3 -c -fmessage-length=0 -I../../MemTestCortexA90_bsp/ps7_cortexa9_0/include -MMD -MP -MF"src/main.d" -MT"src/main.d" -o "src/main.o" "../src/main.c"
'Finished building: ../src/main.c'
' '
'Building target: MemTestCortexA90.elf'
'Invoking: ARM gcc linker'
arm-xilinx-eabi-gcc -Wl,-T -Wl,../src/lscript.ld -L../../MemTestCortexA90_bsp/ps7_cortexa9_0/lib -o "MemTestCortexA90.elf"  ./src/main.o   -Wl,--start-group,-lxil,-lgcc,-lc,--end-group
'Finished building target: MemTestCortexA90.elf'
' '
'Invoking: ARM Print Size'
arm-xilinx-eabi-size MemTestCortexA90.elf  |tee "MemTestCortexA90.elf.size"
   text	   data	    bss	    dec	    hex	filename
  25912	   1096	1054308	1081316	 107fe4	MemTestCortexA90.elf
'Finished building: MemTestCortexA90.elf.size'
' '
17:02:50 **** Incremental Build of configuration Debug for project MemTestMicroblaze80 ****
make all 
make: Nothing to be done for `all'.
17:02:51 **** Incremental Build of configuration Debug for project MemTestCortexA90 ****
make all 
make: Nothing to be done for `all'.
17:03:44 **** Auto Build of configuration Debug for project MemTestCortexA90 ****
make all 
'Building file: ../src/main.c'
'Invoking: ARM gcc compiler'
arm-xilinx-eabi-gcc -Wall -O0 -g3 -c -fmessage-length=0 -I../../MemTestCortexA90_bsp/ps7_cortexa9_0/include -MMD -MP -MF"src/main.d" -MT"src/main.d" -o "src/main.o" "../src/main.c"
'Finished building: ../src/main.c'
' '
'Building target: MemTestCortexA90.elf'
'Invoking: ARM gcc linker'
arm-xilinx-eabi-gcc -Wl,-T -Wl,../src/lscript.ld -L../../MemTestCortexA90_bsp/ps7_cortexa9_0/lib -o "MemTestCortexA90.elf"  ./src/main.o   -Wl,--start-group,-lxil,-lgcc,-lc,--end-group
'Finished building target: MemTestCortexA90.elf'
' '
'Invoking: ARM Print Size'
arm-xilinx-eabi-size MemTestCortexA90.elf  |tee "MemTestCortexA90.elf.size"
   text	   data	    bss	    dec	    hex	filename
  25880	   1096	1054308	1081284	 107fc4	MemTestCortexA90.elf
'Finished building: MemTestCortexA90.elf.size'
' '
17:03:49 **** Incremental Build of configuration Debug for project MemTestMicroblaze80 ****
make all 
make: Nothing to be done for `all'.
17:03:50 **** Incremental Build of configuration Debug for project MemTestCortexA90 ****
make all 
make: Nothing to be done for `all'.
17:06:49 **** Auto Build of configuration Debug for project MemTestMicroblaze80 ****
make all 
'Building file: ../src/helloworld.c'
'Invoking: MicroBlaze gcc compiler'
mb-gcc -Wall -O0 -g3 -c -fmessage-length=0 -I../../MemTestMicroblaze80_bsp/microblaze_0/include -mlittle-endian -mxl-barrel-shift -mxl-pattern-compare -mcpu=v8.50.c -mno-xl-soft-mul -Wl,--no-relax -ffunction-sections -fdata-sections -MMD -MP -MF"src/helloworld.d" -MT"src/helloworld.d" -o "src/helloworld.o" "../src/helloworld.c"
'Finished building: ../src/helloworld.c'
' '
'Building target: MemTestMicroblaze80.elf'
'Invoking: MicroBlaze gcc linker'
mb-gcc -Wl,-T -Wl,../src/lscript.ld -L../../MemTestMicroblaze80_bsp/microblaze_0/lib -mlittle-endian -mxl-barrel-shift -mxl-pattern-compare -mcpu=v8.50.c -mno-xl-soft-mul -Wl,--no-relax -Wl,--gc-sections -o "MemTestMicroblaze80.elf"  ./src/helloworld.o ./src/platform.o   -Wl,--start-group,-lxil,-lgcc,-lc,--end-group
'Finished building target: MemTestMicroblaze80.elf'
' '
'Invoking: MicroBlaze Print Size'
mb-size MemTestMicroblaze80.elf  |tee "MemTestMicroblaze80.elf.size"
   text	   data	    bss	    dec	    hex	filename
   2110	    268	   2092	   4470	   1176	MemTestMicroblaze80.elf
'Finished building: MemTestMicroblaze80.elf.size'
' '
'Invoking: Xilinx ELF Check'
elfcheck MemTestMicroblaze80.elf -hw ../../SensorMP_hw_platform/system.xml -pe microblaze_0  |tee "MemTestMicroblaze80.elf.elfcheck"
elfcheck
Xilinx EDK 14.7 Build EDK_P.20131013
Copyright (c) 1995-2012 Xilinx, Inc.  All rights reserved.

Command Line: elfcheck -hw ../../SensorMP_hw_platform/system.xml -pe
microblaze_0 MemTestMicroblaze80.elf 

ELF file	: MemTestMicroblaze80.elf
elfcheck passed.
'Finished building: MemTestMicroblaze80.elf.elfcheck'
' '
17:06:51 **** Auto Build of configuration Debug for project MemTestCortexA90 ****
make all 
'Building file: ../src/main.c'
'Invoking: ARM gcc compiler'
arm-xilinx-eabi-gcc -Wall -O0 -g3 -c -fmessage-length=0 -I../../MemTestCortexA90_bsp/ps7_cortexa9_0/include -MMD -MP -MF"src/main.d" -MT"src/main.d" -o "src/main.o" "../src/main.c"
'Finished building: ../src/main.c'
' '
'Building target: MemTestCortexA90.elf'
'Invoking: ARM gcc linker'
arm-xilinx-eabi-gcc -Wl,-T -Wl,../src/lscript.ld -L../../MemTestCortexA90_bsp/ps7_cortexa9_0/lib -o "MemTestCortexA90.elf"  ./src/main.o   -Wl,--start-group,-lxil,-lgcc,-lc,--end-group
'Finished building target: MemTestCortexA90.elf'
' '
'Invoking: ARM Print Size'
arm-xilinx-eabi-size MemTestCortexA90.elf  |tee "MemTestCortexA90.elf.size"
   text	   data	    bss	    dec	    hex	filename
  25880	   1096	1054308	1081284	 107fc4	MemTestCortexA90.elf
'Finished building: MemTestCortexA90.elf.size'
' '
17:07:22 **** Auto Build of project MemTestMicroblaze80_bsp ****
make -k all 
'Finished building libraries'
17:07:23 **** Auto Build of project MemTestCortexA90_bsp ****
make -k all 
'Finished building libraries'
17:07:40 **** Incremental Build of configuration Debug for project MemTestMicroblaze80 ****
make all 
make: Nothing to be done for `all'.
17:07:41 **** Incremental Build of configuration Debug for project MemTestCortexA90 ****
make all 
make: Nothing to be done for `all'.
17:07:58 **** Incremental Build of configuration Debug for project MemTestMicroblaze80 ****
make all 
make: Nothing to be done for `all'.
17:07:59 **** Incremental Build of configuration Debug for project MemTestCortexA90 ****
make all 
make: Nothing to be done for `all'.
17:08:11 **** Incremental Build of configuration Debug for project MemTestMicroblaze80 ****
make all 
make: Nothing to be done for `all'.
17:08:12 **** Incremental Build of configuration Debug for project MemTestCortexA90 ****
make all 
make: Nothing to be done for `all'.
17:28:18 **** Auto Build of configuration Debug for project MemTestCortexA90 ****
make all 
'Building file: ../src/main.c'
'Invoking: ARM gcc compiler'
arm-xilinx-eabi-gcc -Wall -O0 -g3 -c -fmessage-length=0 -I../../MemTestCortexA90_bsp/ps7_cortexa9_0/include -MMD -MP -MF"src/main.d" -MT"src/main.d" -o "src/main.o" "../src/main.c"
'Finished building: ../src/main.c'
' '
'Building target: MemTestCortexA90.elf'
'Invoking: ARM gcc linker'
arm-xilinx-eabi-gcc -Wl,-T -Wl,../src/lscript.ld -L../../MemTestCortexA90_bsp/ps7_cortexa9_0/lib -o "MemTestCortexA90.elf"  ./src/main.o   -Wl,--start-group,-lxil,-lgcc,-lc,--end-group
'Finished building target: MemTestCortexA90.elf'
' '
'Invoking: ARM Print Size'
arm-xilinx-eabi-size MemTestCortexA90.elf  |tee "MemTestCortexA90.elf.size"
   text	   data	    bss	    dec	    hex	filename
  25924	   1096	2102868	2129888	 207fe0	MemTestCortexA90.elf
'Finished building: MemTestCortexA90.elf.size'
' '
17:28:44 **** Auto Build of configuration Debug for project MemTestMicroblaze80 ****
make all 
'Building file: ../src/helloworld.c'
'Invoking: MicroBlaze gcc compiler'
mb-gcc -Wall -O0 -g3 -c -fmessage-length=0 -I../../MemTestMicroblaze80_bsp/microblaze_0/include -mlittle-endian -mxl-barrel-shift -mxl-pattern-compare -mcpu=v8.50.c -mno-xl-soft-mul -Wl,--no-relax -ffunction-sections -fdata-sections -MMD -MP -MF"src/helloworld.d" -MT"src/helloworld.d" -o "src/helloworld.o" "../src/helloworld.c"
'Finished building: ../src/helloworld.c'
' '
'Building target: MemTestMicroblaze80.elf'
'Invoking: MicroBlaze gcc linker'
mb-gcc -Wl,-T -Wl,../src/lscript.ld -L../../MemTestMicroblaze80_bsp/microblaze_0/lib -mlittle-endian -mxl-barrel-shift -mxl-pattern-compare -mcpu=v8.50.c -mno-xl-soft-mul -Wl,--no-relax -Wl,--gc-sections -o "MemTestMicroblaze80.elf"  ./src/helloworld.o ./src/platform.o   -Wl,--start-group,-lxil,-lgcc,-lc,--end-group
'Finished building target: MemTestMicroblaze80.elf'
' '
'Invoking: MicroBlaze Print Size'
mb-size MemTestMicroblaze80.elf  |tee "MemTestMicroblaze80.elf.size"
   text	   data	    bss	    dec	    hex	filename
   2114	    268	   2098	   4480	   1180	MemTestMicroblaze80.elf
'Finished building: MemTestMicroblaze80.elf.size'
' '
'Invoking: Xilinx ELF Check'
elfcheck MemTestMicroblaze80.elf -hw ../../SensorMP_hw_platform/system.xml -pe microblaze_0  |tee "MemTestMicroblaze80.elf.elfcheck"
elfcheck
Xilinx EDK 14.7 Build EDK_P.20131013
Copyright (c) 1995-2012 Xilinx, Inc.  All rights reserved.

Command Line: elfcheck -hw ../../SensorMP_hw_platform/system.xml -pe
microblaze_0 MemTestMicroblaze80.elf 

ELF file	: MemTestMicroblaze80.elf
elfcheck passed.
'Finished building: MemTestMicroblaze80.elf.elfcheck'
' '
17:29:08 **** Auto Build of project MemTestMicroblaze80_bsp ****
make -k all 
'Finished building libraries'
17:29:08 **** Auto Build of project MemTestCortexA90_bsp ****
make -k all 
'Finished building libraries'
17:29:14 **** Incremental Build of configuration Debug for project MemTestMicroblaze80 ****
make all 
make: Nothing to be done for `all'.
17:29:15 **** Incremental Build of configuration Debug for project MemTestCortexA90 ****
make all 
make: Nothing to be done for `all'.
17:29:51 **** Incremental Build of configuration Debug for project MemTestMicroblaze80 ****
make all 
make: Nothing to be done for `all'.
17:29:52 **** Incremental Build of configuration Debug for project MemTestCortexA90 ****
make all 
make: Nothing to be done for `all'.
17:30:23 **** Incremental Build of configuration Debug for project MemTestMicroblaze80 ****
make all 
make: Nothing to be done for `all'.
17:30:24 **** Incremental Build of configuration Debug for project MemTestCortexA90 ****
make all 
make: Nothing to be done for `all'.
17:31:23 **** Auto Build of configuration Debug for project MemTestCortexA90 ****
make all 
'Building file: ../src/main.c'
'Invoking: ARM gcc compiler'
arm-xilinx-eabi-gcc -Wall -O0 -g3 -c -fmessage-length=0 -I../../MemTestCortexA90_bsp/ps7_cortexa9_0/include -MMD -MP -MF"src/main.d" -MT"src/main.d" -o "src/main.o" "../src/main.c"
'Finished building: ../src/main.c'
' '
'Building target: MemTestCortexA90.elf'
'Invoking: ARM gcc linker'
arm-xilinx-eabi-gcc -Wl,-T -Wl,../src/lscript.ld -L../../MemTestCortexA90_bsp/ps7_cortexa9_0/lib -o "MemTestCortexA90.elf"  ./src/main.o   -Wl,--start-group,-lxil,-lgcc,-lc,--end-group
'Finished building target: MemTestCortexA90.elf'
' '
'Invoking: ARM Print Size'
arm-xilinx-eabi-size MemTestCortexA90.elf  |tee "MemTestCortexA90.elf.size"
   text	   data	    bss	    dec	    hex	filename
  25872	   1096	2102868	2129836	 207fac	MemTestCortexA90.elf
'Finished building: MemTestCortexA90.elf.size'
' '
17:31:44 **** Incremental Build of configuration Debug for project MemTestMicroblaze80 ****
make all 
make: Nothing to be done for `all'.
17:31:45 **** Incremental Build of configuration Debug for project MemTestCortexA90 ****
make all 
make: Nothing to be done for `all'.
17:32:05 **** Incremental Build of configuration Debug for project MemTestMicroblaze80 ****
make all 
make: Nothing to be done for `all'.
17:32:06 **** Incremental Build of configuration Debug for project MemTestCortexA90 ****
make all 
make: Nothing to be done for `all'.
17:32:27 **** Incremental Build of configuration Debug for project MemTestMicroblaze80 ****
make all 
make: Nothing to be done for `all'.
17:32:28 **** Incremental Build of configuration Debug for project MemTestCortexA90 ****
make all 
make: Nothing to be done for `all'.
17:38:49 **** Auto Build of configuration Debug for project MemTestMicroblaze80 ****
make all 
'Building file: ../src/helloworld.c'
'Invoking: MicroBlaze gcc compiler'
mb-gcc -Wall -O0 -g3 -c -fmessage-length=0 -I../../MemTestMicroblaze80_bsp/microblaze_0/include -mlittle-endian -mxl-barrel-shift -mxl-pattern-compare -mcpu=v8.50.c -mno-xl-soft-mul -Wl,--no-relax -ffunction-sections -fdata-sections -MMD -MP -MF"src/helloworld.d" -MT"src/helloworld.d" -o "src/helloworld.o" "../src/helloworld.c"
../src/helloworld.c: In function 'main':
../src/helloworld.c:77:21: error: 'MN' undeclared (first use in this function)
../src/helloworld.c:77:21: note: each undeclared identifier is reported only once for each function it appears in
make: *** [src/helloworld.o] ´íÎó 1
17:38:49 **** Auto Build of configuration Debug for project MemTestCortexA90 ****
make all 
'Building file: ../src/main.c'
'Invoking: ARM gcc compiler'
arm-xilinx-eabi-gcc -Wall -O0 -g3 -c -fmessage-length=0 -I../../MemTestCortexA90_bsp/ps7_cortexa9_0/include -MMD -MP -MF"src/main.d" -MT"src/main.d" -o "src/main.o" "../src/main.c"
'Finished building: ../src/main.c'
' '
'Building target: MemTestCortexA90.elf'
'Invoking: ARM gcc linker'
arm-xilinx-eabi-gcc -Wl,-T -Wl,../src/lscript.ld -L../../MemTestCortexA90_bsp/ps7_cortexa9_0/lib -o "MemTestCortexA90.elf"  ./src/main.o   -Wl,--start-group,-lxil,-lgcc,-lc,--end-group
'Finished building target: MemTestCortexA90.elf'
' '
'Invoking: ARM Print Size'
arm-xilinx-eabi-size MemTestCortexA90.elf  |tee "MemTestCortexA90.elf.size"
   text	   data	    bss	    dec	    hex	filename
  25872	   1096	1054356	1081324	 107fec	MemTestCortexA90.elf
'Finished building: MemTestCortexA90.elf.size'
' '
17:39:02 **** Auto Build of configuration Debug for project MemTestMicroblaze80 ****
make all 
'Building file: ../src/helloworld.c'
'Invoking: MicroBlaze gcc compiler'
mb-gcc -Wall -O0 -g3 -c -fmessage-length=0 -I../../MemTestMicroblaze80_bsp/microblaze_0/include -mlittle-endian -mxl-barrel-shift -mxl-pattern-compare -mcpu=v8.50.c -mno-xl-soft-mul -Wl,--no-relax -ffunction-sections -fdata-sections -MMD -MP -MF"src/helloworld.d" -MT"src/helloworld.d" -o "src/helloworld.o" "../src/helloworld.c"
'Finished building: ../src/helloworld.c'
' '
'Building target: MemTestMicroblaze80.elf'
'Invoking: MicroBlaze gcc linker'
mb-gcc -Wl,-T -Wl,../src/lscript.ld -L../../MemTestMicroblaze80_bsp/microblaze_0/lib -mlittle-endian -mxl-barrel-shift -mxl-pattern-compare -mcpu=v8.50.c -mno-xl-soft-mul -Wl,--no-relax -Wl,--gc-sections -o "MemTestMicroblaze80.elf"  ./src/helloworld.o ./src/platform.o   -Wl,--start-group,-lxil,-lgcc,-lc,--end-group
'Finished building target: MemTestMicroblaze80.elf'
' '
'Invoking: MicroBlaze Print Size'
mb-size MemTestMicroblaze80.elf  |tee "MemTestMicroblaze80.elf.size"
   text	   data	    bss	    dec	    hex	filename
   2110	    268	   2092	   4470	   1176	MemTestMicroblaze80.elf
'Finished building: MemTestMicroblaze80.elf.size'
' '
'Invoking: Xilinx ELF Check'
elfcheck MemTestMicroblaze80.elf -hw ../../SensorMP_hw_platform/system.xml -pe microblaze_0  |tee "MemTestMicroblaze80.elf.elfcheck"
elfcheck
Xilinx EDK 14.7 Build EDK_P.20131013
Copyright (c) 1995-2012 Xilinx, Inc.  All rights reserved.

Command Line: elfcheck -hw ../../SensorMP_hw_platform/system.xml -pe
microblaze_0 MemTestMicroblaze80.elf 

ELF file	: MemTestMicroblaze80.elf
elfcheck passed.
'Finished building: MemTestMicroblaze80.elf.elfcheck'
' '
17:39:15 **** Incremental Build of configuration Debug for project MemTestMicroblaze80 ****
make all 
make: Nothing to be done for `all'.
17:39:16 **** Incremental Build of configuration Debug for project MemTestCortexA90 ****
make all 
make: Nothing to be done for `all'.
17:39:33 **** Incremental Build of configuration Debug for project MemTestMicroblaze80 ****
make all 
make: Nothing to be done for `all'.
17:39:34 **** Incremental Build of configuration Debug for project MemTestCortexA90 ****
make all 
make: Nothing to be done for `all'.
17:40:32 **** Auto Build of configuration Debug for project MemTestMicroblaze80 ****
make all 
'Building file: ../src/helloworld.c'
'Invoking: MicroBlaze gcc compiler'
mb-gcc -Wall -O0 -g3 -c -fmessage-length=0 -I../../MemTestMicroblaze80_bsp/microblaze_0/include -mlittle-endian -mxl-barrel-shift -mxl-pattern-compare -mcpu=v8.50.c -mno-xl-soft-mul -Wl,--no-relax -ffunction-sections -fdata-sections -MMD -MP -MF"src/helloworld.d" -MT"src/helloworld.d" -o "src/helloworld.o" "../src/helloworld.c"
'Finished building: ../src/helloworld.c'
' '
'Building target: MemTestMicroblaze80.elf'
'Invoking: MicroBlaze gcc linker'
mb-gcc -Wl,-T -Wl,../src/lscript.ld -L../../MemTestMicroblaze80_bsp/microblaze_0/lib -mlittle-endian -mxl-barrel-shift -mxl-pattern-compare -mcpu=v8.50.c -mno-xl-soft-mul -Wl,--no-relax -Wl,--gc-sections -o "MemTestMicroblaze80.elf"  ./src/helloworld.o ./src/platform.o   -Wl,--start-group,-lxil,-lgcc,-lc,--end-group
'Finished building target: MemTestMicroblaze80.elf'
' '
'Invoking: MicroBlaze Print Size'
mb-size MemTestMicroblaze80.elf  |tee "MemTestMicroblaze80.elf.size"
   text	   data	    bss	    dec	    hex	filename
   2114	    268	   2098	   4480	   1180	MemTestMicroblaze80.elf
'Finished building: MemTestMicroblaze80.elf.size'
' '
'Invoking: Xilinx ELF Check'
elfcheck MemTestMicroblaze80.elf -hw ../../SensorMP_hw_platform/system.xml -pe microblaze_0  |tee "MemTestMicroblaze80.elf.elfcheck"
elfcheck
Xilinx EDK 14.7 Build EDK_P.20131013
Copyright (c) 1995-2012 Xilinx, Inc.  All rights reserved.

Command Line: elfcheck -hw ../../SensorMP_hw_platform/system.xml -pe
microblaze_0 MemTestMicroblaze80.elf 

ELF file	: MemTestMicroblaze80.elf
elfcheck passed.
'Finished building: MemTestMicroblaze80.elf.elfcheck'
' '
17:40:35 **** Auto Build of configuration Debug for project MemTestCortexA90 ****
make all 
'Building file: ../src/main.c'
'Invoking: ARM gcc compiler'
arm-xilinx-eabi-gcc -Wall -O0 -g3 -c -fmessage-length=0 -I../../MemTestCortexA90_bsp/ps7_cortexa9_0/include -MMD -MP -MF"src/main.d" -MT"src/main.d" -o "src/main.o" "../src/main.c"
'Finished building: ../src/main.c'
' '
'Building target: MemTestCortexA90.elf'
'Invoking: ARM gcc linker'
arm-xilinx-eabi-gcc -Wl,-T -Wl,../src/lscript.ld -L../../MemTestCortexA90_bsp/ps7_cortexa9_0/lib -o "MemTestCortexA90.elf"  ./src/main.o   -Wl,--start-group,-lxil,-lgcc,-lc,--end-group
'Finished building target: MemTestCortexA90.elf'
' '
'Invoking: ARM Print Size'
arm-xilinx-eabi-size MemTestCortexA90.elf  |tee "MemTestCortexA90.elf.size"
   text	   data	    bss	    dec	    hex	filename
  25872	   1096	2102868	2129836	 207fac	MemTestCortexA90.elf
'Finished building: MemTestCortexA90.elf.size'
' '
17:40:44 **** Incremental Build of configuration Debug for project MemTestMicroblaze80 ****
make all 
make: Nothing to be done for `all'.
17:40:45 **** Incremental Build of configuration Debug for project MemTestCortexA90 ****
make all 
make: Nothing to be done for `all'.
17:41:02 **** Incremental Build of configuration Debug for project MemTestMicroblaze80 ****
make all 
make: Nothing to be done for `all'.
17:41:03 **** Incremental Build of configuration Debug for project MemTestCortexA90 ****
make all 
make: Nothing to be done for `all'.
17:42:31 **** Auto Build of configuration Debug for project MemTestMicroblaze80 ****
make all 
'Building file: ../src/helloworld.c'
'Invoking: MicroBlaze gcc compiler'
mb-gcc -Wall -O0 -g3 -c -fmessage-length=0 -I../../MemTestMicroblaze80_bsp/microblaze_0/include -mlittle-endian -mxl-barrel-shift -mxl-pattern-compare -mcpu=v8.50.c -mno-xl-soft-mul -Wl,--no-relax -ffunction-sections -fdata-sections -MMD -MP -MF"src/helloworld.d" -MT"src/helloworld.d" -o "src/helloworld.o" "../src/helloworld.c"
'Finished building: ../src/helloworld.c'
' '
'Building target: MemTestMicroblaze80.elf'
'Invoking: MicroBlaze gcc linker'
mb-gcc -Wl,-T -Wl,../src/lscript.ld -L../../MemTestMicroblaze80_bsp/microblaze_0/lib -mlittle-endian -mxl-barrel-shift -mxl-pattern-compare -mcpu=v8.50.c -mno-xl-soft-mul -Wl,--no-relax -Wl,--gc-sections -o "MemTestMicroblaze80.elf"  ./src/helloworld.o ./src/platform.o   -Wl,--start-group,-lxil,-lgcc,-lc,--end-group
'Finished building target: MemTestMicroblaze80.elf'
' '
'Invoking: MicroBlaze Print Size'
mb-size MemTestMicroblaze80.elf  |tee "MemTestMicroblaze80.elf.size"
   text	   data	    bss	    dec	    hex	filename
   2114	    268	   2098	   4480	   1180	MemTestMicroblaze80.elf
'Finished building: MemTestMicroblaze80.elf.size'
' '
'Invoking: Xilinx ELF Check'
elfcheck MemTestMicroblaze80.elf -hw ../../SensorMP_hw_platform/system.xml -pe microblaze_0  |tee "MemTestMicroblaze80.elf.elfcheck"
elfcheck
Xilinx EDK 14.7 Build EDK_P.20131013
Copyright (c) 1995-2012 Xilinx, Inc.  All rights reserved.

Command Line: elfcheck -hw ../../SensorMP_hw_platform/system.xml -pe
microblaze_0 MemTestMicroblaze80.elf 

ELF file	: MemTestMicroblaze80.elf
elfcheck passed.
'Finished building: MemTestMicroblaze80.elf.elfcheck'
' '
17:42:34 **** Auto Build of configuration Debug for project MemTestCortexA90 ****
make all 
'Building file: ../src/main.c'
'Invoking: ARM gcc compiler'
arm-xilinx-eabi-gcc -Wall -O0 -g3 -c -fmessage-length=0 -I../../MemTestCortexA90_bsp/ps7_cortexa9_0/include -MMD -MP -MF"src/main.d" -MT"src/main.d" -o "src/main.o" "../src/main.c"
'Finished building: ../src/main.c'
' '
'Building target: MemTestCortexA90.elf'
'Invoking: ARM gcc linker'
arm-xilinx-eabi-gcc -Wl,-T -Wl,../src/lscript.ld -L../../MemTestCortexA90_bsp/ps7_cortexa9_0/lib -o "MemTestCortexA90.elf"  ./src/main.o   -Wl,--start-group,-lxil,-lgcc,-lc,--end-group
'Finished building target: MemTestCortexA90.elf'
' '
'Invoking: ARM Print Size'
arm-xilinx-eabi-size MemTestCortexA90.elf  |tee "MemTestCortexA90.elf.size"
   text	   data	    bss	    dec	    hex	filename
  25872	   1096	2102868	2129836	 207fac	MemTestCortexA90.elf
'Finished building: MemTestCortexA90.elf.size'
' '
17:42:46 **** Incremental Build of configuration Debug for project MemTestMicroblaze80 ****
make all 
make: Nothing to be done for `all'.
17:42:47 **** Incremental Build of configuration Debug for project MemTestCortexA90 ****
make all 
make: Nothing to be done for `all'.
17:43:06 **** Incremental Build of configuration Debug for project MemTestMicroblaze80 ****
make all 
make: Nothing to be done for `all'.
17:43:07 **** Incremental Build of configuration Debug for project MemTestCortexA90 ****
make all 
make: Nothing to be done for `all'.
17:43:37 **** Auto Build of configuration Debug for project MemTestMicroblaze80 ****
make all 
'Building file: ../src/helloworld.c'
'Invoking: MicroBlaze gcc compiler'
mb-gcc -Wall -O0 -g3 -c -fmessage-length=0 -I../../MemTestMicroblaze80_bsp/microblaze_0/include -mlittle-endian -mxl-barrel-shift -mxl-pattern-compare -mcpu=v8.50.c -mno-xl-soft-mul -Wl,--no-relax -ffunction-sections -fdata-sections -MMD -MP -MF"src/helloworld.d" -MT"src/helloworld.d" -o "src/helloworld.o" "../src/helloworld.c"
'Finished building: ../src/helloworld.c'
' '
'Building target: MemTestMicroblaze80.elf'
'Invoking: MicroBlaze gcc linker'
mb-gcc -Wl,-T -Wl,../src/lscript.ld -L../../MemTestMicroblaze80_bsp/microblaze_0/lib -mlittle-endian -mxl-barrel-shift -mxl-pattern-compare -mcpu=v8.50.c -mno-xl-soft-mul -Wl,--no-relax -Wl,--gc-sections -o "MemTestMicroblaze80.elf"  ./src/helloworld.o ./src/platform.o   -Wl,--start-group,-lxil,-lgcc,-lc,--end-group
'Finished building target: MemTestMicroblaze80.elf'
' '
'Invoking: MicroBlaze Print Size'
mb-size MemTestMicroblaze80.elf  |tee "MemTestMicroblaze80.elf.size"
   text	   data	    bss	    dec	    hex	filename
   2110	    268	   2092	   4470	   1176	MemTestMicroblaze80.elf
'Finished building: MemTestMicroblaze80.elf.size'
' '
'Invoking: Xilinx ELF Check'
elfcheck MemTestMicroblaze80.elf -hw ../../SensorMP_hw_platform/system.xml -pe microblaze_0  |tee "MemTestMicroblaze80.elf.elfcheck"
elfcheck
Xilinx EDK 14.7 Build EDK_P.20131013
Copyright (c) 1995-2012 Xilinx, Inc.  All rights reserved.

Command Line: elfcheck -hw ../../SensorMP_hw_platform/system.xml -pe
microblaze_0 MemTestMicroblaze80.elf 

ELF file	: MemTestMicroblaze80.elf
elfcheck passed.
'Finished building: MemTestMicroblaze80.elf.elfcheck'
' '
17:43:39 **** Auto Build of configuration Debug for project MemTestCortexA90 ****
make all 
'Building file: ../src/main.c'
'Invoking: ARM gcc compiler'
arm-xilinx-eabi-gcc -Wall -O0 -g3 -c -fmessage-length=0 -I../../MemTestCortexA90_bsp/ps7_cortexa9_0/include -MMD -MP -MF"src/main.d" -MT"src/main.d" -o "src/main.o" "../src/main.c"
'Finished building: ../src/main.c'
' '
'Building target: MemTestCortexA90.elf'
'Invoking: ARM gcc linker'
arm-xilinx-eabi-gcc -Wl,-T -Wl,../src/lscript.ld -L../../MemTestCortexA90_bsp/ps7_cortexa9_0/lib -o "MemTestCortexA90.elf"  ./src/main.o   -Wl,--start-group,-lxil,-lgcc,-lc,--end-group
'Finished building target: MemTestCortexA90.elf'
' '
'Invoking: ARM Print Size'
arm-xilinx-eabi-size MemTestCortexA90.elf  |tee "MemTestCortexA90.elf.size"
   text	   data	    bss	    dec	    hex	filename
  25872	   1096	1159156	1186124	 12194c	MemTestCortexA90.elf
'Finished building: MemTestCortexA90.elf.size'
' '
17:43:49 **** Incremental Build of configuration Debug for project MemTestMicroblaze80 ****
make all 
make: Nothing to be done for `all'.
17:43:50 **** Incremental Build of configuration Debug for project MemTestCortexA90 ****
make all 
make: Nothing to be done for `all'.
17:44:05 **** Incremental Build of configuration Debug for project MemTestMicroblaze80 ****
make all 
make: Nothing to be done for `all'.
17:44:06 **** Incremental Build of configuration Debug for project MemTestCortexA90 ****
make all 
make: Nothing to be done for `all'.
17:45:07 **** Auto Build of configuration Debug for project MemTestMicroblaze80 ****
make all 
'Building file: ../src/helloworld.c'
'Invoking: MicroBlaze gcc compiler'
mb-gcc -Wall -O0 -g3 -c -fmessage-length=0 -I../../MemTestMicroblaze80_bsp/microblaze_0/include -mlittle-endian -mxl-barrel-shift -mxl-pattern-compare -mcpu=v8.50.c -mno-xl-soft-mul -Wl,--no-relax -ffunction-sections -fdata-sections -MMD -MP -MF"src/helloworld.d" -MT"src/helloworld.d" -o "src/helloworld.o" "../src/helloworld.c"
'Finished building: ../src/helloworld.c'
' '
'Building target: MemTestMicroblaze80.elf'
'Invoking: MicroBlaze gcc linker'
mb-gcc -Wl,-T -Wl,../src/lscript.ld -L../../MemTestMicroblaze80_bsp/microblaze_0/lib -mlittle-endian -mxl-barrel-shift -mxl-pattern-compare -mcpu=v8.50.c -mno-xl-soft-mul -Wl,--no-relax -Wl,--gc-sections -o "MemTestMicroblaze80.elf"  ./src/helloworld.o ./src/platform.o   -Wl,--start-group,-lxil,-lgcc,-lc,--end-group
'Finished building target: MemTestMicroblaze80.elf'
' '
'Invoking: MicroBlaze Print Size'
mb-size MemTestMicroblaze80.elf  |tee "MemTestMicroblaze80.elf.size"
   text	   data	    bss	    dec	    hex	filename
   2114	    268	   2098	   4480	   1180	MemTestMicroblaze80.elf
'Finished building: MemTestMicroblaze80.elf.size'
' '
'Invoking: Xilinx ELF Check'
elfcheck MemTestMicroblaze80.elf -hw ../../SensorMP_hw_platform/system.xml -pe microblaze_0  |tee "MemTestMicroblaze80.elf.elfcheck"
elfcheck
Xilinx EDK 14.7 Build EDK_P.20131013
Copyright (c) 1995-2012 Xilinx, Inc.  All rights reserved.

Command Line: elfcheck -hw ../../SensorMP_hw_platform/system.xml -pe
microblaze_0 MemTestMicroblaze80.elf 

ELF file	: MemTestMicroblaze80.elf
elfcheck passed.
'Finished building: MemTestMicroblaze80.elf.elfcheck'
' '
17:45:10 **** Auto Build of configuration Debug for project MemTestCortexA90 ****
make all 
'Building file: ../src/main.c'
'Invoking: ARM gcc compiler'
arm-xilinx-eabi-gcc -Wall -O0 -g3 -c -fmessage-length=0 -I../../MemTestCortexA90_bsp/ps7_cortexa9_0/include -MMD -MP -MF"src/main.d" -MT"src/main.d" -o "src/main.o" "../src/main.c"
'Finished building: ../src/main.c'
' '
'Building target: MemTestCortexA90.elf'
'Invoking: ARM gcc linker'
arm-xilinx-eabi-gcc -Wl,-T -Wl,../src/lscript.ld -L../../MemTestCortexA90_bsp/ps7_cortexa9_0/lib -o "MemTestCortexA90.elf"  ./src/main.o   -Wl,--start-group,-lxil,-lgcc,-lc,--end-group
'Finished building target: MemTestCortexA90.elf'
' '
'Invoking: ARM Print Size'
arm-xilinx-eabi-size MemTestCortexA90.elf  |tee "MemTestCortexA90.elf.size"
   text	   data	    bss	    dec	    hex	filename
  25872	   1096	1840724	1867692	 1c7fac	MemTestCortexA90.elf
'Finished building: MemTestCortexA90.elf.size'
' '
17:45:27 **** Incremental Build of configuration Debug for project MemTestMicroblaze80 ****
make all 
make: Nothing to be done for `all'.
17:45:27 **** Incremental Build of configuration Debug for project MemTestCortexA90 ****
make all 
make: Nothing to be done for `all'.
17:45:43 **** Incremental Build of configuration Debug for project MemTestMicroblaze80 ****
make all 
make: Nothing to be done for `all'.
17:45:44 **** Incremental Build of configuration Debug for project MemTestCortexA90 ****
make all 
make: Nothing to be done for `all'.
10:30:17 **** Auto Build of configuration Debug for project MemTestCortexA90 ****
make all 
'Building file: ../src/main.c'
'Invoking: ARM gcc compiler'
arm-xilinx-eabi-gcc -Wall -O0 -g3 -c -fmessage-length=0 -I../../MemTestCortexA90_bsp/ps7_cortexa9_0/include -MMD -MP -MF"src/main.d" -MT"src/main.d" -o "src/main.o" "../src/main.c"
'Finished building: ../src/main.c'
' '
'Building target: MemTestCortexA90.elf'
'Invoking: ARM gcc linker'
arm-xilinx-eabi-gcc -Wl,-T -Wl,../src/lscript.ld -L../../MemTestCortexA90_bsp/ps7_cortexa9_0/lib -o "MemTestCortexA90.elf"  ./src/main.o   -Wl,--start-group,-lxil,-lgcc,-lc,--end-group
'Finished building target: MemTestCortexA90.elf'
' '
'Invoking: ARM Print Size'
arm-xilinx-eabi-size MemTestCortexA90.elf  |tee "MemTestCortexA90.elf.size"
   text	   data	    bss	    dec	    hex	filename
  25872	   1096	1316436	1343404	 147fac	MemTestCortexA90.elf
'Finished building: MemTestCortexA90.elf.size'
' '
10:30:44 **** Auto Build of configuration Debug for project MemTestMicroblaze80 ****
make all 
'Building file: ../src/helloworld.c'
'Invoking: MicroBlaze gcc compiler'
mb-gcc -Wall -O0 -g3 -c -fmessage-length=0 -I../../MemTestMicroblaze80_bsp/microblaze_0/include -mlittle-endian -mxl-barrel-shift -mxl-pattern-compare -mcpu=v8.50.c -mno-xl-soft-mul -Wl,--no-relax -ffunction-sections -fdata-sections -MMD -MP -MF"src/helloworld.d" -MT"src/helloworld.d" -o "src/helloworld.o" "../src/helloworld.c"
'Finished building: ../src/helloworld.c'
' '
'Building target: MemTestMicroblaze80.elf'
'Invoking: MicroBlaze gcc linker'
mb-gcc -Wl,-T -Wl,../src/lscript.ld -L../../MemTestMicroblaze80_bsp/microblaze_0/lib -mlittle-endian -mxl-barrel-shift -mxl-pattern-compare -mcpu=v8.50.c -mno-xl-soft-mul -Wl,--no-relax -Wl,--gc-sections -o "MemTestMicroblaze80.elf"  ./src/helloworld.o ./src/platform.o   -Wl,--start-group,-lxil,-lgcc,-lc,--end-group
'Finished building target: MemTestMicroblaze80.elf'
' '
'Invoking: MicroBlaze Print Size'
mb-size MemTestMicroblaze80.elf  |tee "MemTestMicroblaze80.elf.size"
   text	   data	    bss	    dec	    hex	filename
   2114	    268	   2098	   4480	   1180	MemTestMicroblaze80.elf
'Finished building: MemTestMicroblaze80.elf.size'
' '
'Invoking: Xilinx ELF Check'
elfcheck MemTestMicroblaze80.elf -hw ../../SensorMP_hw_platform/system.xml -pe microblaze_0  |tee "MemTestMicroblaze80.elf.elfcheck"
elfcheck
Xilinx EDK 14.7 Build EDK_P.20131013
Copyright (c) 1995-2012 Xilinx, Inc.  All rights reserved.

Command Line: elfcheck -hw ../../SensorMP_hw_platform/system.xml -pe
microblaze_0 MemTestMicroblaze80.elf 

ELF file	: MemTestMicroblaze80.elf
elfcheck passed.
'Finished building: MemTestMicroblaze80.elf.elfcheck'
' '
10:32:24 **** Auto Build of project MemTestMicroblaze80_bsp ****
make -k all 
'Finished building libraries'
10:32:25 **** Auto Build of project MemTestCortexA90_bsp ****
make -k all 
'Finished building libraries'
10:32:35 **** Incremental Build of configuration Debug for project MemTestMicroblaze80 ****
make all 
make: Nothing to be done for `all'.
10:32:37 **** Incremental Build of configuration Debug for project MemTestCortexA90 ****
make all 
make: Nothing to be done for `all'.
10:32:58 **** Incremental Build of configuration Debug for project MemTestMicroblaze80 ****
make all 
make: Nothing to be done for `all'.
10:32:59 **** Incremental Build of configuration Debug for project MemTestCortexA90 ****
make all 
make: Nothing to be done for `all'.
10:34:00 **** Incremental Build of configuration Debug for project MemTestMicroblaze80 ****
make all 
make: Nothing to be done for `all'.
10:34:01 **** Incremental Build of configuration Debug for project MemTestCortexA90 ****
make all 
make: Nothing to be done for `all'.
10:34:20 **** Incremental Build of configuration Debug for project MemTestMicroblaze80 ****
make all 
make: Nothing to be done for `all'.
10:34:21 **** Incremental Build of configuration Debug for project MemTestCortexA90 ****
make all 
make: Nothing to be done for `all'.
10:34:31 **** Incremental Build of configuration Debug for project MemTestMicroblaze80 ****
make all 
make: Nothing to be done for `all'.
10:34:32 **** Incremental Build of configuration Debug for project MemTestCortexA90 ****
make all 
make: Nothing to be done for `all'.
10:39:21 **** Auto Build of configuration Debug for project MemTestCortexA90 ****
make all 
make: Nothing to be done for `all'.
10:39:35 **** Auto Build of configuration Debug for project MemTestMicroblaze80 ****
make all 
make: Nothing to be done for `all'.
10:40:14 **** Auto Build of configuration Debug for project MemTestMicroblaze80 ****
make all 
'Building file: ../src/helloworld.c'
'Invoking: MicroBlaze gcc compiler'
mb-gcc -Wall -O0 -g3 -c -fmessage-length=0 -I../../MemTestMicroblaze80_bsp/microblaze_0/include -mlittle-endian -mxl-barrel-shift -mxl-pattern-compare -mcpu=v8.50.c -mno-xl-soft-mul -Wl,--no-relax -ffunction-sections -fdata-sections -MMD -MP -MF"src/helloworld.d" -MT"src/helloworld.d" -o "src/helloworld.o" "../src/helloworld.c"
'Finished building: ../src/helloworld.c'
' '
'Building target: MemTestMicroblaze80.elf'
'Invoking: MicroBlaze gcc linker'
mb-gcc -Wl,-T -Wl,../src/lscript.ld -L../../MemTestMicroblaze80_bsp/microblaze_0/lib -mlittle-endian -mxl-barrel-shift -mxl-pattern-compare -mcpu=v8.50.c -mno-xl-soft-mul -Wl,--no-relax -Wl,--gc-sections -o "MemTestMicroblaze80.elf"  ./src/helloworld.o ./src/platform.o   -Wl,--start-group,-lxil,-lgcc,-lc,--end-group
'Finished building target: MemTestMicroblaze80.elf'
' '
'Invoking: MicroBlaze Print Size'
mb-size MemTestMicroblaze80.elf  |tee "MemTestMicroblaze80.elf.size"
   text	   data	    bss	    dec	    hex	filename
   2114	    268	   2098	   4480	   1180	MemTestMicroblaze80.elf
'Finished building: MemTestMicroblaze80.elf.size'
' '
'Invoking: Xilinx ELF Check'
elfcheck MemTestMicroblaze80.elf -hw ../../SensorMP_hw_platform/system.xml -pe microblaze_0  |tee "MemTestMicroblaze80.elf.elfcheck"
elfcheck
Xilinx EDK 14.7 Build EDK_P.20131013
Copyright (c) 1995-2012 Xilinx, Inc.  All rights reserved.

Command Line: elfcheck -hw ../../SensorMP_hw_platform/system.xml -pe
microblaze_0 MemTestMicroblaze80.elf 

ELF file	: MemTestMicroblaze80.elf
elfcheck passed.
'Finished building: MemTestMicroblaze80.elf.elfcheck'
' '
10:41:54 **** Auto Build of configuration Debug for project MemTestMicroblaze80 ****
make all 
'Building file: ../src/helloworld.c'
'Invoking: MicroBlaze gcc compiler'
mb-gcc -Wall -O0 -g3 -c -fmessage-length=0 -I../../MemTestMicroblaze80_bsp/microblaze_0/include -mlittle-endian -mxl-barrel-shift -mxl-pattern-compare -mcpu=v8.50.c -mno-xl-soft-mul -Wl,--no-relax -ffunction-sections -fdata-sections -MMD -MP -MF"src/helloworld.d" -MT"src/helloworld.d" -o "src/helloworld.o" "../src/helloworld.c"
../src/helloworld.c:111:17: fatal error: ecc.h: No such file or directory
compilation terminated.
make: *** [src/helloworld.o] ´íÎó 1
10:50:37 **** Auto Build of configuration Debug for project MemTestMicroblaze80 ****
make all 
'Building file: ../src/helloworld.c'
'Invoking: MicroBlaze gcc compiler'
mb-gcc -Wall -O0 -g3 -c -fmessage-length=0 -I../../MemTestMicroblaze80_bsp/microblaze_0/include -mlittle-endian -mxl-barrel-shift -mxl-pattern-compare -mcpu=v8.50.c -mno-xl-soft-mul -Wl,--no-relax -ffunction-sections -fdata-sections -MMD -MP -MF"src/helloworld.d" -MT"src/helloworld.d" -o "src/helloworld.o" "../src/helloworld.c"
../src/helloworld.c: In function 'rs255239_init':
../src/helloworld.c:143:5: error: 'for' loop initial declarations are only allowed in C99 mode
../src/helloworld.c:143:5: note: use option -std=c99 or -std=gnu99 to compile your code
../src/helloworld.c:155:13: error: redefinition of 'i'
../src/helloworld.c:143:13: note: previous definition of 'i' was here
../src/helloworld.c:155:5: error: 'for' loop initial declarations are only allowed in C99 mode
../src/helloworld.c: In function 'rs255239_pdiv':
../src/helloworld.c:167:5: error: 'for' loop initial declarations are only allowed in C99 mode
../src/helloworld.c:172:13: error: 'for' loop initial declarations are only allowed in C99 mode
../src/helloworld.c: At top level:
../src/helloworld.c:214:5: error: conflicting types for 'main'
../src/helloworld.c:63:5: note: previous definition of 'main' was here
../src/helloworld.c: In function 'main':
../src/helloworld.c:229:5: error: 'for' loop initial declarations are only allowed in C99 mode
../src/helloworld.c:234:5: error: 'for' loop initial declarations are only allowed in C99 mode
../src/helloworld.c:240:13: error: redefinition of 'k'
../src/helloworld.c:234:13: note: previous definition of 'k' was here
../src/helloworld.c:240:5: error: 'for' loop initial declarations are only allowed in C99 mode
../src/helloworld.c:249:13: error: redefinition of 'k'
../src/helloworld.c:240:13: note: previous definition of 'k' was here
../src/helloworld.c:249:5: error: 'for' loop initial declarations are only allowed in C99 mode
../src/helloworld.c:265:5: error: 'for' loop initial declarations are only allowed in C99 mode
../src/helloworld.c:267:5: error: 'for' loop initial declarations are only allowed in C99 mode
../src/helloworld.c:271:9: error: 'for' loop initial declarations are only allowed in C99 mode
../src/helloworld.c:275:17: error: redefinition of 'k'
../src/helloworld.c:271:17: note: previous definition of 'k' was here
../src/helloworld.c:275:9: error: 'for' loop initial declarations are only allowed in C99 mode
../src/helloworld.c:286:17: error: redefinition of 'k'
../src/helloworld.c:275:17: note: previous definition of 'k' was here
[...]
microblaze_0 MemTestMicroblaze80.elf 

ELF file	: MemTestMicroblaze80.elf
elfcheck passed.
'Finished building: MemTestMicroblaze80.elf.elfcheck'
' '
01:25:25 **** Auto Build of configuration Debug for project MemTestMicroblaze80 ****
make all 
'Building file: ../src/helloworld.c'
'Invoking: MicroBlaze gcc compiler'
mb-gcc -Wall -O3 -c -fmessage-length=0 -std=gnu99 -I../../TimerTestMicroblaze_bsp/microblaze_0/include -mlittle-endian -mxl-barrel-shift -mxl-pattern-compare -mcpu=v8.50.c -mno-xl-soft-mul -Wl,--no-relax -ffunction-sections -fdata-sections -MMD -MP -MF"src/helloworld.d" -MT"src/helloworld.d" -o "src/helloworld.o" "../src/helloworld.c"
'Finished building: ../src/helloworld.c'
' '
'Building target: MemTestMicroblaze80.elf'
'Invoking: MicroBlaze gcc linker'
mb-gcc -Wl,-T -Wl,../src/lscript.ld -L../../TimerTestMicroblaze_bsp/microblaze_0/lib -mlittle-endian -mxl-barrel-shift -mxl-pattern-compare -mcpu=v8.50.c -mno-xl-soft-mul -Wl,--no-relax -Wl,--gc-sections -o "MemTestMicroblaze80.elf"  ./src/helloworld.o ./src/md5.o ./src/platform.o   -Wl,--start-group,-lxil,-lgcc,-lc,--end-group
'Finished building target: MemTestMicroblaze80.elf'
' '
'Invoking: MicroBlaze Print Size'
mb-size MemTestMicroblaze80.elf  |tee "MemTestMicroblaze80.elf.size"
   text	   data	    bss	    dec	    hex	filename
   9114	    268	  22306	  31688	   7bc8	MemTestMicroblaze80.elf
'Finished building: MemTestMicroblaze80.elf.size'
' '
'Invoking: Xilinx ELF Check'
elfcheck MemTestMicroblaze80.elf -hw ../../SensorMP_hw_platform/system.xml -pe microblaze_0  |tee "MemTestMicroblaze80.elf.elfcheck"
elfcheck
Xilinx EDK 14.7 Build EDK_P.20131013
Copyright (c) 1995-2012 Xilinx, Inc.  All rights reserved.

Command Line: elfcheck -hw ../../SensorMP_hw_platform/system.xml -pe
microblaze_0 MemTestMicroblaze80.elf 

ELF file	: MemTestMicroblaze80.elf
elfcheck passed.
'Finished building: MemTestMicroblaze80.elf.elfcheck'
' '
01:31:11 **** Auto Build of configuration Debug for project MemTestMicroblaze80 ****
make all 
'Building file: ../src/helloworld.c'
'Invoking: MicroBlaze gcc compiler'
mb-gcc -Wall -O3 -c -fmessage-length=0 -std=gnu99 -I../../TimerTestMicroblaze_bsp/microblaze_0/include -mlittle-endian -mxl-barrel-shift -mxl-pattern-compare -mcpu=v8.50.c -mno-xl-soft-mul -Wl,--no-relax -ffunction-sections -fdata-sections -MMD -MP -MF"src/helloworld.d" -MT"src/helloworld.d" -o "src/helloworld.o" "../src/helloworld.c"
../src/helloworld.c: In function 'main':
../src/helloworld.c:367:6: error: 'SEMAPHORE_SYSTEM_STATUS' undeclared (first use in this function)
../src/helloworld.c:367:6: note: each undeclared identifier is reported only once for each function it appears in
make: *** [src/helloworld.o] ´íÎó 1
01:32:09 **** Auto Build of configuration Debug for project MemTestMicroblaze80 ****
make all 
'Building file: ../src/helloworld.c'
'Invoking: MicroBlaze gcc compiler'
mb-gcc -Wall -O3 -c -fmessage-length=0 -std=gnu99 -I../../TimerTestMicroblaze_bsp/microblaze_0/include -mlittle-endian -mxl-barrel-shift -mxl-pattern-compare -mcpu=v8.50.c -mno-xl-soft-mul -Wl,--no-relax -ffunction-sections -fdata-sections -MMD -MP -MF"src/helloworld.d" -MT"src/helloworld.d" -o "src/helloworld.o" "../src/helloworld.c"
../src/helloworld.c: In function 'main':
../src/helloworld.c:403:18: error: incompatible types when assigning to type 'u32[2]' from type 'int'
../src/helloworld.c:417:19: error: invalid operands to binary | (have 'u32[2]' and 'u32')
../src/helloworld.c:423:23: error: invalid operands to binary | (have 'u32[2]' and 'int')
../src/helloworld.c:426:23: error: invalid operands to binary | (have 'u32[2]' and 'int')
make: *** [src/helloworld.o] ´íÎó 1
01:42:54 **** Auto Build of configuration Debug for project MemTestMicroblaze80 ****
make all 
'Building file: ../src/helloworld.c'
'Invoking: MicroBlaze gcc compiler'
mb-gcc -Wall -O3 -c -fmessage-length=0 -std=gnu99 -I../../TimerTestMicroblaze_bsp/microblaze_0/include -mlittle-endian -mxl-barrel-shift -mxl-pattern-compare -mcpu=v8.50.c -mno-xl-soft-mul -Wl,--no-relax -ffunction-sections -fdata-sections -MMD -MP -MF"src/helloworld.d" -MT"src/helloworld.d" -o "src/helloworld.o" "../src/helloworld.c"
'Finished building: ../src/helloworld.c'
' '
'Building target: MemTestMicroblaze80.elf'
'Invoking: MicroBlaze gcc linker'
mb-gcc -Wl,-T -Wl,../src/lscript.ld -L../../TimerTestMicroblaze_bsp/microblaze_0/lib -mlittle-endian -mxl-barrel-shift -mxl-pattern-compare -mcpu=v8.50.c -mno-xl-soft-mul -Wl,--no-relax -Wl,--gc-sections -o "MemTestMicroblaze80.elf"  ./src/helloworld.o ./src/md5.o ./src/platform.o   -Wl,--start-group,-lxil,-lgcc,-lc,--end-group
'Finished building target: MemTestMicroblaze80.elf'
' '
'Invoking: MicroBlaze Print Size'
mb-size MemTestMicroblaze80.elf  |tee "MemTestMicroblaze80.elf.size"
   text	   data	    bss	    dec	    hex	filename
   9102	    268	  22300	  31670	   7bb6	MemTestMicroblaze80.elf
'Finished building: MemTestMicroblaze80.elf.size'
' '
'Invoking: Xilinx ELF Check'
elfcheck MemTestMicroblaze80.elf -hw ../../SensorMP_hw_platform/system.xml -pe microblaze_0  |tee "MemTestMicroblaze80.elf.elfcheck"
elfcheck
Xilinx EDK 14.7 Build EDK_P.20131013
Copyright (c) 1995-2012 Xilinx, Inc.  All rights reserved.

Command Line: elfcheck -hw ../../SensorMP_hw_platform/system.xml -pe
microblaze_0 MemTestMicroblaze80.elf 

ELF file	: MemTestMicroblaze80.elf
elfcheck passed.
'Finished building: MemTestMicroblaze80.elf.elfcheck'
' '
01:44:25 **** Auto Build of configuration Debug for project MemTestMicroblaze80 ****
make all 
'Building file: ../src/helloworld.c'
'Invoking: MicroBlaze gcc compiler'
mb-gcc -Wall -O3 -c -fmessage-length=0 -std=gnu99 -I../../TimerTestMicroblaze_bsp/microblaze_0/include -mlittle-endian -mxl-barrel-shift -mxl-pattern-compare -mcpu=v8.50.c -mno-xl-soft-mul -Wl,--no-relax -ffunction-sections -fdata-sections -MMD -MP -MF"src/helloworld.d" -MT"src/helloworld.d" -o "src/helloworld.o" "../src/helloworld.c"
'Finished building: ../src/helloworld.c'
' '
'Building target: MemTestMicroblaze80.elf'
'Invoking: MicroBlaze gcc linker'
mb-gcc -Wl,-T -Wl,../src/lscript.ld -L../../TimerTestMicroblaze_bsp/microblaze_0/lib -mlittle-endian -mxl-barrel-shift -mxl-pattern-compare -mcpu=v8.50.c -mno-xl-soft-mul -Wl,--no-relax -Wl,--gc-sections -o "MemTestMicroblaze80.elf"  ./src/helloworld.o ./src/md5.o ./src/platform.o   -Wl,--start-group,-lxil,-lgcc,-lc,--end-group
'Finished building target: MemTestMicroblaze80.elf'
' '
'Invoking: MicroBlaze Print Size'
mb-size MemTestMicroblaze80.elf  |tee "MemTestMicroblaze80.elf.size"
   text	   data	    bss	    dec	    hex	filename
   9950	    282	  22350	  32582	   7f46	MemTestMicroblaze80.elf
'Finished building: MemTestMicroblaze80.elf.size'
' '
'Invoking: Xilinx ELF Check'
elfcheck MemTestMicroblaze80.elf -hw ../../SensorMP_hw_platform/system.xml -pe microblaze_0  |tee "MemTestMicroblaze80.elf.elfcheck"
elfcheck
Xilinx EDK 14.7 Build EDK_P.20131013
Copyright (c) 1995-2012 Xilinx, Inc.  All rights reserved.

Command Line: elfcheck -hw ../../SensorMP_hw_platform/system.xml -pe
microblaze_0 MemTestMicroblaze80.elf 

ELF file	: MemTestMicroblaze80.elf
elfcheck passed.
'Finished building: MemTestMicroblaze80.elf.elfcheck'
' '
01:45:27 **** Auto Build of configuration Debug for project MemTestMicroblaze80 ****
make all 
'Building target: MemTestMicroblaze80.elf'
'Invoking: MicroBlaze gcc linker'
mb-gcc -Wl,-T -Wl,../src/lscript.ld -L../../TimerTestMicroblaze_bsp/microblaze_0/lib -mlittle-endian -mxl-barrel-shift -mxl-pattern-compare -mcpu=v8.50.c -mno-xl-soft-mul -Wl,--no-relax -Wl,--gc-sections -o "MemTestMicroblaze80.elf"  ./src/helloworld.o ./src/md5.o ./src/platform.o   -Wl,--start-group,-lxil,-lgcc,-lc,--end-group
'Finished building target: MemTestMicroblaze80.elf'
' '
'Invoking: MicroBlaze Print Size'
mb-size MemTestMicroblaze80.elf  |tee "MemTestMicroblaze80.elf.size"
   text	   data	    bss	    dec	    hex	filename
   9950	    282	  22350	  32582	   7f46	MemTestMicroblaze80.elf
'Finished building: MemTestMicroblaze80.elf.size'
' '
'Invoking: Xilinx ELF Check'
elfcheck MemTestMicroblaze80.elf -hw ../../SensorMP_hw_platform/system.xml -pe microblaze_0  |tee "MemTestMicroblaze80.elf.elfcheck"
elfcheck
Xilinx EDK 14.7 Build EDK_P.20131013
Copyright (c) 1995-2012 Xilinx, Inc.  All rights reserved.

Command Line: elfcheck -hw ../../SensorMP_hw_platform/system.xml -pe
microblaze_0 MemTestMicroblaze80.elf 

ELF file	: MemTestMicroblaze80.elf
elfcheck passed.
'Finished building: MemTestMicroblaze80.elf.elfcheck'
' '
01:48:26 **** Auto Build of configuration Debug for project MemTestCortexA90 ****
make all 
'Building file: ../src/main.c'
'Invoking: ARM gcc compiler'
arm-xilinx-eabi-gcc -Wall -O2 -c -fmessage-length=0 -std=gnu99 -I../../MemTestCortexA90_bsp/ps7_cortexa9_0/include -MMD -MP -MF"src/main.d" -MT"src/main.d" -o "src/main.o" "../src/main.c"
../src/main.c: In function 'main':
../src/main.c:180:107: error: 'SEMAPHORE_SEQUENCE_ERROR' undeclared (first use in this function)
../src/main.c:180:107: note: each undeclared identifier is reported only once for each function it appears in
make: *** [src/main.o] ´íÎó 1
01:50:20 **** Auto Build of configuration Debug for project MemTestCortexA90 ****
make all 
'Building file: ../src/main.c'
'Invoking: ARM gcc compiler'
arm-xilinx-eabi-gcc -Wall -O2 -c -fmessage-length=0 -std=gnu99 -I../../MemTestCortexA90_bsp/ps7_cortexa9_0/include -MMD -MP -MF"src/main.d" -MT"src/main.d" -o "src/main.o" "../src/main.c"
'Finished building: ../src/main.c'
' '
'Building target: MemTestCortexA90.elf'
'Invoking: ARM gcc linker'
arm-xilinx-eabi-gcc -Wl,-T -Wl,../src/lscript.ld -L../../MemTestCortexA90_bsp/ps7_cortexa9_0/lib -o "MemTestCortexA90.elf"  ./src/main.o   -Wl,--start-group,-lxil,-lgcc,-lc,--end-group
'Finished building target: MemTestCortexA90.elf'
' '
'Invoking: ARM Print Size'
arm-xilinx-eabi-size MemTestCortexA90.elf  |tee "MemTestCortexA90.elf.size"
   text	   data	    bss	    dec	    hex	filename
  29728	   2136	335549620	335581484	1400912c	MemTestCortexA90.elf
'Finished building: MemTestCortexA90.elf.size'
' '
01:51:48 **** Auto Build of project MemTestMicroblaze80_bsp ****
make -k all 
'Finished building libraries'
01:51:49 **** Auto Build of project MemTestCortexA90_bsp ****
make -k all 
'Finished building libraries'
01:51:49 **** Auto Build of project TimerTestMicroblaze_bsp ****
make -k all 
'Finished building libraries'
01:52:02 **** Incremental Build of configuration Debug for project MemTestCortexA90 ****
make all 
make: Nothing to be done for `all'.
01:52:03 **** Incremental Build of configuration Debug for project TimerTestMicroblaze ****
make all 
make: Nothing to be done for `all'.
01:52:04 **** Incremental Build of configuration Debug for project MemTestMicroblaze80 ****
make all 
make: Nothing to be done for `all'.
01:52:25 **** Incremental Build of configuration Debug for project MemTestCortexA90 ****
make all 
make: Nothing to be done for `all'.
01:52:26 **** Incremental Build of configuration Debug for project TimerTestMicroblaze ****
make all 
make: Nothing to be done for `all'.
01:52:27 **** Incremental Build of configuration Debug for project MemTestMicroblaze80 ****
make all 
make: Nothing to be done for `all'.
01:53:30 **** Incremental Build of configuration Debug for project MemTestCortexA90 ****
make all 
make: Nothing to be done for `all'.
01:53:31 **** Incremental Build of configuration Debug for project TimerTestMicroblaze ****
make all 
make: Nothing to be done for `all'.
01:53:32 **** Incremental Build of configuration Debug for project MemTestMicroblaze80 ****
make all 
make: Nothing to be done for `all'.
01:53:50 **** Incremental Build of configuration Debug for project MemTestCortexA90 ****
make all 
make: Nothing to be done for `all'.
01:53:51 **** Incremental Build of configuration Debug for project TimerTestMicroblaze ****
make all 
make: Nothing to be done for `all'.
01:53:52 **** Incremental Build of configuration Debug for project MemTestMicroblaze80 ****
make all 
make: Nothing to be done for `all'.
01:59:33 **** Auto Build of configuration Debug for project MemTestMicroblaze80 ****
make all 
'Building file: ../src/helloworld.c'
'Invoking: MicroBlaze gcc compiler'
mb-gcc -Wall -O3 -c -fmessage-length=0 -std=gnu99 -I../../TimerTestMicroblaze_bsp/microblaze_0/include -mlittle-endian -mxl-barrel-shift -mxl-pattern-compare -mcpu=v8.50.c -mno-xl-soft-mul -Wl,--no-relax -ffunction-sections -fdata-sections -MMD -MP -MF"src/helloworld.d" -MT"src/helloworld.d" -o "src/helloworld.o" "../src/helloworld.c"
'Finished building: ../src/helloworld.c'
' '
'Building target: MemTestMicroblaze80.elf'
'Invoking: MicroBlaze gcc linker'
mb-gcc -Wl,-T -Wl,../src/lscript.ld -L../../TimerTestMicroblaze_bsp/microblaze_0/lib -mlittle-endian -mxl-barrel-shift -mxl-pattern-compare -mcpu=v8.50.c -mno-xl-soft-mul -Wl,--no-relax -Wl,--gc-sections -o "MemTestMicroblaze80.elf"  ./src/helloworld.o ./src/md5.o ./src/platform.o   -Wl,--start-group,-lxil,-lgcc,-lc,--end-group
'Finished building target: MemTestMicroblaze80.elf'
' '
'Invoking: MicroBlaze Print Size'
mb-size MemTestMicroblaze80.elf  |tee "MemTestMicroblaze80.elf.size"
   text	   data	    bss	    dec	    hex	filename
   9950	    282	  22350	  32582	   7f46	MemTestMicroblaze80.elf
'Finished building: MemTestMicroblaze80.elf.size'
' '
'Invoking: Xilinx ELF Check'
elfcheck MemTestMicroblaze80.elf -hw ../../SensorMP_hw_platform/system.xml -pe microblaze_0  |tee "MemTestMicroblaze80.elf.elfcheck"
elfcheck
Xilinx EDK 14.7 Build EDK_P.20131013
Copyright (c) 1995-2012 Xilinx, Inc.  All rights reserved.

Command Line: elfcheck -hw ../../SensorMP_hw_platform/system.xml -pe
microblaze_0 MemTestMicroblaze80.elf 

ELF file	: MemTestMicroblaze80.elf
elfcheck passed.
'Finished building: MemTestMicroblaze80.elf.elfcheck'
' '
02:00:00 **** Incremental Build of configuration Debug for project MemTestCortexA90 ****
make all 
make: Nothing to be done for `all'.
02:00:02 **** Incremental Build of configuration Debug for project TimerTestMicroblaze ****
make all 
make: Nothing to be done for `all'.
02:00:03 **** Incremental Build of configuration Debug for project MemTestMicroblaze80 ****
make all 
make: Nothing to be done for `all'.
02:00:20 **** Incremental Build of configuration Debug for project MemTestCortexA90 ****
make all 
make: Nothing to be done for `all'.
02:00:21 **** Incremental Build of configuration Debug for project TimerTestMicroblaze ****
make all 
make: Nothing to be done for `all'.
02:00:22 **** Incremental Build of configuration Debug for project MemTestMicroblaze80 ****
make all 
make: Nothing to be done for `all'.
02:01:57 **** Auto Build of configuration Debug for project MemTestMicroblaze80 ****
make all 
'Building file: ../src/helloworld.c'
'Invoking: MicroBlaze gcc compiler'
mb-gcc -Wall -O3 -c -fmessage-length=0 -std=gnu99 -I../../TimerTestMicroblaze_bsp/microblaze_0/include -mlittle-endian -mxl-barrel-shift -mxl-pattern-compare -mcpu=v8.50.c -mno-xl-soft-mul -Wl,--no-relax -ffunction-sections -fdata-sections -MMD -MP -MF"src/helloworld.d" -MT"src/helloworld.d" -o "src/helloworld.o" "../src/helloworld.c"
'Finished building: ../src/helloworld.c'
' '
'Building target: MemTestMicroblaze80.elf'
'Invoking: MicroBlaze gcc linker'
mb-gcc -Wl,-T -Wl,../src/lscript.ld -L../../TimerTestMicroblaze_bsp/microblaze_0/lib -mlittle-endian -mxl-barrel-shift -mxl-pattern-compare -mcpu=v8.50.c -mno-xl-soft-mul -Wl,--no-relax -Wl,--gc-sections -o "MemTestMicroblaze80.elf"  ./src/helloworld.o ./src/md5.o ./src/platform.o   -Wl,--start-group,-lxil,-lgcc,-lc,--end-group
'Finished building target: MemTestMicroblaze80.elf'
' '
'Invoking: MicroBlaze Print Size'
mb-size MemTestMicroblaze80.elf  |tee "MemTestMicroblaze80.elf.size"
   text	   data	    bss	    dec	    hex	filename
   9950	    282	  22350	  32582	   7f46	MemTestMicroblaze80.elf
'Finished building: MemTestMicroblaze80.elf.size'
' '
'Invoking: Xilinx ELF Check'
elfcheck MemTestMicroblaze80.elf -hw ../../SensorMP_hw_platform/system.xml -pe microblaze_0  |tee "MemTestMicroblaze80.elf.elfcheck"
elfcheck
Xilinx EDK 14.7 Build EDK_P.20131013
Copyright (c) 1995-2012 Xilinx, Inc.  All rights reserved.

Command Line: elfcheck -hw ../../SensorMP_hw_platform/system.xml -pe
microblaze_0 MemTestMicroblaze80.elf 

ELF file	: MemTestMicroblaze80.elf
elfcheck passed.
'Finished building: MemTestMicroblaze80.elf.elfcheck'
' '
02:02:15 **** Auto Build of configuration Debug for project MemTestMicroblaze80 ****
make all 
'Building file: ../src/helloworld.c'
'Invoking: MicroBlaze gcc compiler'
mb-gcc -Wall -O3 -c -fmessage-length=0 -std=gnu99 -I../../TimerTestMicroblaze_bsp/microblaze_0/include -mlittle-endian -mxl-barrel-shift -mxl-pattern-compare -mcpu=v8.50.c -mno-xl-soft-mul -Wl,--no-relax -ffunction-sections -fdata-sections -MMD -MP -MF"src/helloworld.d" -MT"src/helloworld.d" -o "src/helloworld.o" "../src/helloworld.c"
'Finished building: ../src/helloworld.c'
' '
'Building target: MemTestMicroblaze80.elf'
'Invoking: MicroBlaze gcc linker'
mb-gcc -Wl,-T -Wl,../src/lscript.ld -L../../TimerTestMicroblaze_bsp/microblaze_0/lib -mlittle-endian -mxl-barrel-shift -mxl-pattern-compare -mcpu=v8.50.c -mno-xl-soft-mul -Wl,--no-relax -Wl,--gc-sections -o "MemTestMicroblaze80.elf"  ./src/helloworld.o ./src/md5.o ./src/platform.o   -Wl,--start-group,-lxil,-lgcc,-lc,--end-group
'Finished building target: MemTestMicroblaze80.elf'
' '
'Invoking: MicroBlaze Print Size'
mb-size MemTestMicroblaze80.elf  |tee "MemTestMicroblaze80.elf.size"
   text	   data	    bss	    dec	    hex	filename
   9950	    282	  22350	  32582	   7f46	MemTestMicroblaze80.elf
'Finished building: MemTestMicroblaze80.elf.size'
' '
'Invoking: Xilinx ELF Check'
elfcheck MemTestMicroblaze80.elf -hw ../../SensorMP_hw_platform/system.xml -pe microblaze_0  |tee "MemTestMicroblaze80.elf.elfcheck"
elfcheck
Xilinx EDK 14.7 Build EDK_P.20131013
Copyright (c) 1995-2012 Xilinx, Inc.  All rights reserved.

Command Line: elfcheck -hw ../../SensorMP_hw_platform/system.xml -pe
microblaze_0 MemTestMicroblaze80.elf 

ELF file	: MemTestMicroblaze80.elf
elfcheck passed.
'Finished building: MemTestMicroblaze80.elf.elfcheck'
' '
02:07:21 **** Auto Build of configuration Debug for project MemTestMicroblaze80 ****
make all 
'Building file: ../src/helloworld.c'
'Invoking: MicroBlaze gcc compiler'
mb-gcc -Wall -O3 -c -fmessage-length=0 -std=gnu99 -I../../TimerTestMicroblaze_bsp/microblaze_0/include -mlittle-endian -mxl-barrel-shift -mxl-pattern-compare -mcpu=v8.50.c -mno-xl-soft-mul -Wl,--no-relax -ffunction-sections -fdata-sections -MMD -MP -MF"src/helloworld.d" -MT"src/helloworld.d" -o "src/helloworld.o" "../src/helloworld.c"
'Finished building: ../src/helloworld.c'
' '
'Building target: MemTestMicroblaze80.elf'
'Invoking: MicroBlaze gcc linker'
mb-gcc -Wl,-T -Wl,../src/lscript.ld -L../../TimerTestMicroblaze_bsp/microblaze_0/lib -mlittle-endian -mxl-barrel-shift -mxl-pattern-compare -mcpu=v8.50.c -mno-xl-soft-mul -Wl,--no-relax -Wl,--gc-sections -o "MemTestMicroblaze80.elf"  ./src/helloworld.o ./src/md5.o ./src/platform.o   -Wl,--start-group,-lxil,-lgcc,-lc,--end-group
'Finished building target: MemTestMicroblaze80.elf'
' '
'Invoking: MicroBlaze Print Size'
mb-size MemTestMicroblaze80.elf  |tee "MemTestMicroblaze80.elf.size"
   text	   data	    bss	    dec	    hex	filename
   9950	    282	  22350	  32582	   7f46	MemTestMicroblaze80.elf
'Finished building: MemTestMicroblaze80.elf.size'
' '
'Invoking: Xilinx ELF Check'
elfcheck MemTestMicroblaze80.elf -hw ../../SensorMP_hw_platform/system.xml -pe microblaze_0  |tee "MemTestMicroblaze80.elf.elfcheck"
elfcheck
Xilinx EDK 14.7 Build EDK_P.20131013
Copyright (c) 1995-2012 Xilinx, Inc.  All rights reserved.

Command Line: elfcheck -hw ../../SensorMP_hw_platform/system.xml -pe
microblaze_0 MemTestMicroblaze80.elf 

ELF file	: MemTestMicroblaze80.elf
elfcheck passed.
'Finished building: MemTestMicroblaze80.elf.elfcheck'
' '
