13:33:10 **** Auto Build of configuration Debug for project MemTestMicroblaze80 ****
make all 
'Building file: ../src/helloworld.c'
'Invoking: MicroBlaze gcc compiler'
mb-gcc -Wall -O3 -c -fmessage-length=0 -std=c99 -I../../TimerTestMicroblaze_bsp/microblaze_0/include -mlittle-endian -mxl-barrel-shift -mxl-pattern-compare -mcpu=v8.50.c -mno-xl-soft-mul -Wl,--no-relax -ffunction-sections -fdata-sections -MMD -MP -MF"src/helloworld.d" -MT"src/helloworld.d" -o "src/helloworld.o" "../src/helloworld.c"
'Finished building: ../src/helloworld.c'
' '
'Building target: MemTestMicroblaze80.elf'
'Invoking: MicroBlaze gcc linker'
mb-gcc -Wl,-T -Wl,../src/lscript.ld -L../../TimerTestMicroblaze_bsp/microblaze_0/lib -mlittle-endian -mxl-barrel-shift -mxl-pattern-compare -mcpu=v8.50.c -mno-xl-soft-mul -Wl,--no-relax -Wl,--gc-sections -o "MemTestMicroblaze80.elf"  ./src/helloworld.o ./src/platform.o   -Wl,--start-group,-lxil,-lgcc,-lc,--end-group
'Finished building target: MemTestMicroblaze80.elf'
' '
'Invoking: MicroBlaze Print Size'
mb-size MemTestMicroblaze80.elf  |tee "MemTestMicroblaze80.elf.size"
   text	   data	    bss	    dec	    hex	filename
   3410	    282	   5476	   9168	   23d0	MemTestMicroblaze80.elf
'Finished building: MemTestMicroblaze80.elf.size'
' '
'Invoking: Xilinx ELF Check'
elfcheck MemTestMicroblaze80.elf -hw ../../SensorMP_hw_platform/system.xml -pe microblaze_0  |tee "MemTestMicroblaze80.elf.elfcheck"
elfcheck
Xilinx EDK 14.7 Build EDK_P.20131013
Copyright (c) 1995-2012 Xilinx, Inc.  All rights reserved.

Command Line: elfcheck -hw ../../SensorMP_hw_platform/system.xml -pe
microblaze_0 MemTestMicroblaze80.elf 

ELF file	: MemTestMicroblaze80.elf
elfcheck passed.
'Finished building: MemTestMicroblaze80.elf.elfcheck'
' '

13:33:12 Build Finished (took 2s.465ms)

