11:01:44 **** Build of configuration Debug for project TimerTestMicroblaze ****
make all 
'Building file: ../src/testperiph.c'
'Invoking: MicroBlaze gcc compiler'
mb-gcc -Wall -O0 -g3 -c -fmessage-length=0 -I../../TimerTestMicroblaze_bsp/microblaze_0/include -mlittle-endian -mxl-barrel-shift -mxl-pattern-compare -mcpu=v8.50.c -mno-xl-soft-mul -Wl,--no-relax -ffunction-sections -fdata-sections -MMD -MP -MF"src/testperiph.d" -MT"src/testperiph.d" -o "src/testperiph.o" "../src/testperiph.c"
'Finished building: ../src/testperiph.c'
' '
'Building file: ../src/xtmrctr_selftest_example.c'
'Invoking: MicroBlaze gcc compiler'
mb-gcc -Wall -O0 -g3 -c -fmessage-length=0 -I../../TimerTestMicroblaze_bsp/microblaze_0/include -mlittle-endian -mxl-barrel-shift -mxl-pattern-compare -mcpu=v8.50.c -mno-xl-soft-mul -Wl,--no-relax -ffunction-sections -fdata-sections -MMD -MP -MF"src/xtmrctr_selftest_example.d" -MT"src/xtmrctr_selftest_example.d" -o "src/xtmrctr_selftest_example.o" "../src/xtmrctr_selftest_example.c"
'Finished building: ../src/xtmrctr_selftest_example.c'
' '
'Building target: TimerTestMicroblaze.elf'
'Invoking: MicroBlaze gcc linker'
mb-gcc -Wl,-T -Wl,../src/lscript.ld -L../../TimerTestMicroblaze_bsp/microblaze_0/lib -mlittle-endian -mxl-barrel-shift -mxl-pattern-compare -mcpu=v8.50.c -mno-xl-soft-mul -Wl,--no-relax -Wl,--gc-sections -o "TimerTestMicroblaze.elf"  ./src/testperiph.o ./src/xtmrctr_selftest_example.o   -Wl,--start-group,-lxil,-lgcc,-lc,--end-group
'Finished building target: TimerTestMicroblaze.elf'
' '
'Invoking: MicroBlaze Print Size'
mb-size TimerTestMicroblaze.elf  |tee "TimerTestMicroblaze.elf.size"
   text	   data	    bss	    dec	    hex	filename
   3550	    284	   2124	   5958	   1746	TimerTestMicroblaze.elf
'Finished building: TimerTestMicroblaze.elf.size'
' '
'Invoking: Xilinx ELF Check'
elfcheck TimerTestMicroblaze.elf -hw ../../SensorMP_hw_platform/system.xml -pe microblaze_0  |tee "TimerTestMicroblaze.elf.elfcheck"
elfcheck
Xilinx EDK 14.7 Build EDK_P.20131013
Copyright (c) 1995-2012 Xilinx, Inc.  All rights reserved.

Command Line: elfcheck -hw ../../SensorMP_hw_platform/system.xml -pe
microblaze_0 TimerTestMicroblaze.elf 

ELF file	: TimerTestMicroblaze.elf
elfcheck passed.
'Finished building: TimerTestMicroblaze.elf.elfcheck'
' '

11:01:50 Build Finished (took 5s.913ms)

