18:17:21 **** Clean-only build of configuration Debug for project test ****
make clean 
rm -rf  ./src/testperiph.o ./src/xbram_example.o  ./src/testperiph.d ./src/xbram_example.d  test.elf.size  test.elf.elfcheck  test.elf
' '
18:17:21 **** Clean-only build of project mem_test_bsp ****
make -k clean 
rm -rf ps7_cortexa9_0
18:17:22 **** Build of project mem_test_bsp ****
make -k all 
libgen -hw ../sensor_hw_platform/system.xml\
	       \
	       -pe ps7_cortexa9_0 \
	       -log libgen.log \
	       system.mss
libgen
Xilinx EDK 14.7 Build EDK_P.20131013
Copyright (c) 1995-2012 Xilinx, Inc.  All rights reserved.

Command Line: libgen -hw ../sensor_hw_platform/system.xml -pe ps7_cortexa9_0
-log libgen.log system.mss 


Staging source files.
Running DRCs.
Running generate.
Running post_generate.
Running include - 'make -s include "COMPILER=arm-xilinx-eabi-gcc"
"ARCHIVER=arm-xilinx-eabi-ar" "COMPILER_FLAGS= -O2 -c"
"EXTRA_COMPILER_FLAGS=-g"'.

Running libs - 'make -s libs "COMPILER=arm-xilinx-eabi-gcc"
"ARCHIVER=arm-xilinx-eabi-ar" "COMPILER_FLAGS= -O2 -c"
"EXTRA_COMPILER_FLAGS=-g"'.
"Compiling standalone"
arm-xilinx-eabi-ar: creating ../../../lib/libxil.a
"Compiling devcfg"
"Compiling dmaps"
"Compiling emacps"
"Compiling gpiops"
"Compiling iicps"
"Compiling qspips"
"Compiling scugic"
"Compiling scutimer"
"Compiling scuwdt"
"Compiling uartps"
"Compiling usbps"
"Compiling xadcps"
"Compiling cpu_cortexa9"
Running execs_generate.
'Finished building libraries'
18:17:53 **** Auto Build of configuration Debug for project mem_test ****
make all 
make: Nothing to be done for `all'.
18:17:53 **** Build of configuration Debug for project test ****
make all 
'Building file: ../src/testperiph.c'
'Invoking: MicroBlaze gcc compiler'
mb-gcc -Wall -O0 -g3 -c -fmessage-length=0 -I../../mem_test_bsp/ps7_cortexa9_0/include -mlittle-endian -mxl-pattern-compare -mcpu=v8.50.c -mno-xl-soft-mul -Wl,--no-relax -ffunction-sections -fdata-sections -MMD -MP -MF"src/testperiph.d" -MT"src/testperiph.d" -o "src/testperiph.o" "../src/testperiph.c"
../src/testperiph.c:34:26: fatal error: xbasic_types.h: No such file or directory
compilation terminated.
make: *** [src/testperiph.o] ´íÎó 1
18:19:25 **** Build of project test_bsp ****
make -k all 
libgen -hw ../sensor_hw_platform/system.xml\
	       \
	       -pe microblaze_0 \
	       -log libgen.log \
	       system.mss
libgen
Xilinx EDK 14.7 Build EDK_P.20131013
Copyright (c) 1995-2012 Xilinx, Inc.  All rights reserved.

Command Line: libgen -hw ../sensor_hw_platform/system.xml -pe microblaze_0 -log
libgen.log system.mss 

ERROR:EDK:410 - bram -
   C:\Users\lixun\Documents\Hardware\zynq7010\InGaAs\InGaAs.sdk\SDK\SDK_Export\t
   est_bsp\system.mss line 19 - No IP instance named microblaze_0_d_bram_cntlr
   is present in the hardware!
ERROR:EDK:410 - bram -
   C:\Users\lixun\Documents\Hardware\zynq7010\InGaAs\InGaAs.sdk\SDK\SDK_Export\t
   est_bsp\system.mss line 25 - No IP instance named microblaze_0_i_bram_cntlr
   is present in the hardware!
ERROR:EDK:1206 - Errors occured while parsing MSS file.
make: *** [microblaze_0/lib/libxil.a] ´íÎó 2
make: ÓÉÓÚ´íÎóÄ¿±ê¡°all¡±²¢Î´ÖØÐÂ´´½¨¡£

**** Build of configuration Debug for project test ****

Nothing to build for project test
18:20:35 **** Auto Build of configuration Debug for project test ****
make all 
'Building file: ../src/helloworld.c'
'Invoking: MicroBlaze gcc compiler'
mb-gcc -Wall -O0 -g3 -c -fmessage-length=0 -I../../test_bsp/microblaze_0/include -mlittle-endian -mxl-pattern-compare -mcpu=v8.50.c -mno-xl-soft-mul -Wl,--no-relax -ffunction-sections -fdata-sections -MMD -MP -MF"src/helloworld.d" -MT"src/helloworld.d" -o "src/helloworld.o" "../src/helloworld.c"
../src/helloworld.c:25:20: fatal error: xil_io.h: No such file or directory
compilation terminated.
make: *** [src/helloworld.o] ´íÎó 1
18:23:57 **** Clean-only build of configuration Debug for project ethernet_test ****
make clean 
rm -rf  ./src/echo.o ./src/main.o ./src/platform.o ./src/platform_mb.o ./src/platform_ppc.o ./src/platform_zynq.o  ./src/echo.d ./src/main.d ./src/platform.d ./src/platform_mb.d ./src/platform_ppc.d ./src/platform_zynq.d  ethernet_test.elf.size  ethernet_test.elf
' '
18:23:57 **** Clean-only build of configuration Debug for project mem_test ****
make clean 
rm -rf  ./src/memory_config_g.o ./src/memorytest.o ./src/platform.o  ./src/memory_config_g.d ./src/memorytest.d ./src/platform.d  mem_test.elf.size  mem_test.elf
' '
18:23:57 **** Clean-only build of configuration Debug for project test ****
make clean 
rm -rf  ./src/helloworld.o ./src/platform.o  ./src/helloworld.d ./src/platform.d  test.elf.size  test.elf.elfcheck  test.elf
' '
18:23:57 **** Clean-only build of project mem_test_bsp ****
18:23:57 **** Clean-only build of project test_bsp ****
18:23:57 **** Clean-only build of project ethernet_test_bsp ****
make -k clean 
make -k clean 
make -k clean 
rm -rf microblaze_0
rm -rf ps7_cortexa9_0
rm -rf ps7_cortexa9_0
18:23:59 **** Build of project mem_test_bsp ****
make -k all 
libgen -hw ../sensor_hw_platform/system.xml\
	       \
	       -pe ps7_cortexa9_0 \
	       -log libgen.log \
	       system.mss
libgen
Xilinx EDK 14.7 Build EDK_P.20131013
Copyright (c) 1995-2012 Xilinx, Inc.  All rights reserved.

Command Line: libgen -hw ../sensor_hw_platform/system.xml -pe ps7_cortexa9_0
-log libgen.log system.mss 


Staging source files.
Running DRCs.
Running generate.
Running post_generate.
Running include - 'make -s include "COMPILER=arm-xilinx-eabi-gcc"
"ARCHIVER=arm-xilinx-eabi-ar" "COMPILER_FLAGS= -O2 -c"
"EXTRA_COMPILER_FLAGS=-g"'.

Running libs - 'make -s libs "COMPILER=arm-xilinx-eabi-gcc"
"ARCHIVER=arm-xilinx-eabi-ar" "COMPILER_FLAGS= -O2 -c"
"EXTRA_COMPILER_FLAGS=-g"'.
"Compiling standalone"
arm-xilinx-eabi-ar: creating ../../../lib/libxil.a
"Compiling devcfg"
"Compiling dmaps"
"Compiling emacps"
"Compiling gpiops"
"Compiling iicps"
"Compiling qspips"
"Compiling scugic"
"Compiling scutimer"
"Compiling scuwdt"
"Compiling uartps"
"Compiling usbps"
"Compiling xadcps"
"Compiling cpu_cortexa9"
Running execs_generate.
'Finished building libraries'
18:24:30 **** Build of configuration Debug for project mem_test ****
make all 
'Building file: ../src/memory_config_g.c'
'Invoking: ARM gcc compiler'
arm-xilinx-eabi-gcc -Wall -O0 -g3 -c -fmessage-length=0 -I../../mem_test_bsp/ps7_cortexa9_0/include -MMD -MP -MF"src/memory_config_g.d" -MT"src/memory_config_g.d" -o "src/memory_config_g.o" "../src/memory_config_g.c"
'Finished building: ../src/memory_config_g.c'
' '
'Building file: ../src/memorytest.c'
'Invoking: ARM gcc compiler'
arm-xilinx-eabi-gcc -Wall -O0 -g3 -c -fmessage-length=0 -I../../mem_test_bsp/ps7_cortexa9_0/include -MMD -MP -MF"src/memorytest.d" -MT"src/memorytest.d" -o "src/memorytest.o" "../src/memorytest.c"
'Finished building: ../src/memorytest.c'
' '
'Building file: ../src/platform.c'
'Invoking: ARM gcc compiler'
arm-xilinx-eabi-gcc -Wall -O0 -g3 -c -fmessage-length=0 -I../../mem_test_bsp/ps7_cortexa9_0/include -MMD -MP -MF"src/platform.d" -MT"src/platform.d" -o "src/platform.o" "../src/platform.c"
'Finished building: ../src/platform.c'
' '
'Building target: mem_test.elf'
'Invoking: ARM gcc linker'
arm-xilinx-eabi-gcc -Wl,-T -Wl,../src/lscript.ld -L../../mem_test_bsp/ps7_cortexa9_0/lib -o "mem_test.elf"  ./src/memory_config_g.o ./src/memorytest.o ./src/platform.o   -Wl,--start-group,-lxil,-lgcc,-lc,--end-group
'Finished building target: mem_test.elf'
' '
'Invoking: ARM Print Size'
arm-xilinx-eabi-size mem_test.elf  |tee "mem_test.elf.size"
   text	   data	    bss	    dec	    hex	filename
  26144	   1136	  21604	  48884	   bef4	mem_test.elf
'Finished building: mem_test.elf.size'
' '
18:24:32 **** Build of project ethernet_test_bsp ****
make -k all 
libgen -hw ../sensor_hw_platform/system.xml\
	       \
	       -pe ps7_cortexa9_0 \
	       -log libgen.log \
	       system.mss
libgen
Xilinx EDK 14.7 Build EDK_P.20131013
Copyright (c) 1995-2012 Xilinx, Inc.  All rights reserved.

Command Line: libgen -hw ../sensor_hw_platform/system.xml -pe ps7_cortexa9_0
-log libgen.log system.mss 


Staging source files.
Running DRCs.
Runnning DRC for lwIP library... 



lwIP can be used with the following EMAC peripherals found in your system:
ps7_ethernet_0

Running generate.
Little Endian system

Running post_generate.
Running include - 'make -s include "COMPILER=arm-xilinx-eabi-gcc"
"ARCHIVER=arm-xilinx-eabi-ar" "COMPILER_FLAGS= -O2 -c"
"EXTRA_COMPILER_FLAGS=-g"'.

Running libs - 'make -s libs "COMPILER=arm-xilinx-eabi-gcc"
"ARCHIVER=arm-xilinx-eabi-ar" "COMPILER_FLAGS= -O2 -c"
"EXTRA_COMPILER_FLAGS=-g"'.
"Compiling standalone"
arm-xilinx-eabi-ar: creating ../../../lib/libxil.a
"Compiling lwIP"
"Compiling lwIP adapter for Xilinx MAC"
"Creating archive liblwip4.a"
"Compiling devcfg"
"Compiling dmaps"
"Compiling emacps"
"Compiling gpiops"
"Compiling iicps"
"Compiling qspips"
"Compiling scugic"
"Compiling scutimer"
"Compiling scuwdt"
"Compiling uartps"
"Compiling usbps"
"Compiling xadcps"
"Compiling cpu_cortexa9"
Running execs_generate.
'Finished building libraries'
18:25:13 **** Build of configuration Debug for project ethernet_test ****
make all 
'Building file: ../src/echo.c'
'Invoking: ARM gcc compiler'
arm-xilinx-eabi-gcc -Wall -O2 -g3 -c -fmessage-length=0 -I../../ethernet_test_bsp/ps7_cortexa9_0/include -MMD -MP -MF"src/echo.d" -MT"src/echo.d" -o "src/echo.o" "../src/echo.c"
../src/echo.c:93:1: warning: 'txperf_sent_callback1' defined but not used [-Wunused-function]
'Finished building: ../src/echo.c'
' '
'Building file: ../src/main.c'
'Invoking: ARM gcc compiler'
arm-xilinx-eabi-gcc -Wall -O2 -g3 -c -fmessage-length=0 -I../../ethernet_test_bsp/ps7_cortexa9_0/include -MMD -MP -MF"src/main.d" -MT"src/main.d" -o "src/main.o" "../src/main.c"
'Finished building: ../src/main.c'
' '
'Building file: ../src/platform.c'
'Invoking: ARM gcc compiler'
arm-xilinx-eabi-gcc -Wall -O2 -g3 -c -fmessage-length=0 -I../../ethernet_test_bsp/ps7_cortexa9_0/include -MMD -MP -MF"src/platform.d" -MT"src/platform.d" -o "src/platform.o" "../src/platform.c"
'Finished building: ../src/platform.c'
' '
'Building file: ../src/platform_mb.c'
'Invoking: ARM gcc compiler'
arm-xilinx-eabi-gcc -Wall -O2 -g3 -c -fmessage-length=0 -I../../ethernet_test_bsp/ps7_cortexa9_0/include -MMD -MP -MF"src/platform_mb.d" -MT"src/platform_mb.d" -o "src/platform_mb.o" "../src/platform_mb.c"
'Finished building: ../src/platform_mb.c'
' '
'Building file: ../src/platform_ppc.c'
'Invoking: ARM gcc compiler'
arm-xilinx-eabi-gcc -Wall -O2 -g3 -c -fmessage-length=0 -I../../ethernet_test_bsp/ps7_cortexa9_0/include -MMD -MP -MF"src/platform_ppc.d" -MT"src/platform_ppc.d" -o "src/platform_ppc.o" "../src/platform_ppc.c"
'Finished building: ../src/platform_ppc.c'
' '
'Building file: ../src/platform_zynq.c'
'Invoking: ARM gcc compiler'
arm-xilinx-eabi-gcc -Wall -O2 -g3 -c -fmessage-length=0 -I../../ethernet_test_bsp/ps7_cortexa9_0/include -MMD -MP -MF"src/platform_zynq.d" -MT"src/platform_zynq.d" -o "src/platform_zynq.o" "../src/platform_zynq.c"
'Finished building: ../src/platform_zynq.c'
' '
'Building target: ethernet_test.elf'
'Invoking: ARM gcc linker'
arm-xilinx-eabi-gcc -Wl,-T -Wl,../src/lscript.ld -L../../ethernet_test_bsp/ps7_cortexa9_0/lib -o "ethernet_test.elf"  ./src/echo.o ./src/main.o ./src/platform.o ./src/platform_mb.o ./src/platform_ppc.o ./src/platform_zynq.o   -Wl,--start-group,-lxil,-lgcc,-lc,--end-group -Wl,--start-group,-lxil,-llwip4,-lgcc,-lc,--end-group
'Finished building target: ethernet_test.elf'
' '
'Invoking: ARM Print Size'
arm-xilinx-eabi-size ethernet_test.elf  |tee "ethernet_test.elf.size"
   text	   data	    bss	    dec	    hex	filename
 117972	   3104	10285804	10406880	 9ecbe0	ethernet_test.elf
'Finished building: ethernet_test.elf.size'
' '
18:25:16 **** Build of project test_bsp ****
make -k all 
libgen -hw ../sensor_hw_platform/system.xml\
	       \
	       -pe microblaze_0 \
	       -log libgen.log \
	       system.mss
libgen
Xilinx EDK 14.7 Build EDK_P.20131013
Copyright (c) 1995-2012 Xilinx, Inc.  All rights reserved.

Command Line: libgen -hw ../sensor_hw_platform/system.xml -pe microblaze_0 -log
libgen.log system.mss 

ERROR:EDK:410 - bram -
   C:\Users\lixun\Documents\Hardware\zynq7010\InGaAs\InGaAs.sdk\SDK\SDK_Export\t
   est_bsp\system.mss line 19 - No IP instance named microblaze_0_d_bram_cntlr
   is present in the hardware!
ERROR:EDK:410 - bram -
   C:\Users\lixun\Documents\Hardware\zynq7010\InGaAs\InGaAs.sdk\SDK\SDK_Export\t
   est_bsp\system.mss line 25 - No IP instance named microblaze_0_i_bram_cntlr
   is present in the hardware!
ERROR:EDK:1206 - Errors occured while parsing MSS file.
make: *** [microblaze_0/lib/libxil.a] ´íÎó 2
make: ÓÉÓÚ´íÎóÄ¿±ê¡°all¡±²¢Î´ÖØÐÂ´´½¨¡£
18:25:18 **** Build of configuration Debug for project test ****
make all 
'Building file: ../src/helloworld.c'
'Invoking: MicroBlaze gcc compiler'
mb-gcc -Wall -O0 -g3 -c -fmessage-length=0 -I../../test_bsp/microblaze_0/include -mlittle-endian -mxl-pattern-compare -mcpu=v8.50.c -mno-xl-soft-mul -Wl,--no-relax -ffunction-sections -fdata-sections -MMD -MP -MF"src/helloworld.d" -MT"src/helloworld.d" -o "src/helloworld.o" "../src/helloworld.c"
../src/helloworld.c:25:20: fatal error: xil_io.h: No such file or directory
compilation terminated.
make: *** [src/helloworld.o] ´íÎó 1
19:04:21 **** Clean-only build of project test_bsp ****
make -k clean 
rm -rf microblaze_0
19:04:21 **** Build of project test_bsp ****
make -k all 
libgen -hw ../sensor_hw_platform/system.xml\
	       \
	       -pe microblaze_0 \
	       -log libgen.log \
	       system.mss
libgen
Xilinx EDK 14.7 Build EDK_P.20131013
Copyright (c) 1995-2012 Xilinx, Inc.  All rights reserved.

Command Line: libgen -hw ../sensor_hw_platform/system.xml -pe microblaze_0 -log
libgen.log system.mss 


Staging source files.
Running DRCs.
Running generate.
Running post_generate.
Running include - 'make -s include "COMPILER=mb-gcc" "ARCHIVER=mb-ar"
"COMPILER_FLAGS=-mlittle-endian -mno-xl-soft-mul -mxl-barrel-shift
-mxl-pattern-compare -mcpu=v8.50.c  -O2 -c" "EXTRA_COMPILER_FLAGS=-g
-ffunction-sections -fdata-sections"'.

Running libs - 'make -s libs "COMPILER=mb-gcc" "ARCHIVER=mb-ar"
"COMPILER_FLAGS=-mlittle-endian -mno-xl-soft-mul -mxl-barrel-shift
-mxl-pattern-compare -mcpu=v8.50.c  -O2 -c" "EXTRA_COMPILER_FLAGS=-g
-ffunction-sections -fdata-sections"'.
"Compiling common"
"Compiling standalone";
"Compiling bram"
"Compiling cpu"
Running execs_generate.
'Finished building libraries'
19:04:34 **** Auto Build of configuration Debug for project test ****
make all 
'Building file: ../src/helloworld.c'
'Invoking: MicroBlaze gcc compiler'
mb-gcc -Wall -O0 -g3 -c -fmessage-length=0 -I../../test_bsp/microblaze_0/include -mlittle-endian -mxl-pattern-compare -mcpu=v8.50.c -mno-xl-soft-mul -Wl,--no-relax -ffunction-sections -fdata-sections -MMD -MP -MF"src/helloworld.d" -MT"src/helloworld.d" -o "src/helloworld.o" "../src/helloworld.c"
../src/helloworld.c:26:19: fatal error: xintc.h: No such file or directory
compilation terminated.
make: *** [src/helloworld.o] ´íÎó 1
19:10:36 **** Auto Build of configuration Debug for project test ****
make all 
'Building file: ../src/helloworld.c'
'Invoking: MicroBlaze gcc compiler'
mb-gcc -Wall -O0 -g3 -c -fmessage-length=0 -I../../test_bsp/microblaze_0/include -mlittle-endian -mxl-pattern-compare -mcpu=v8.50.c -mno-xl-soft-mul -Wl,--no-relax -ffunction-sections -fdata-sections -MMD -MP -MF"src/helloworld.d" -MT"src/helloworld.d" -o "src/helloworld.o" "../src/helloworld.c"
../src/helloworld.c: In function 'main':
../src/helloworld.c:36:12: error: 'XST_SUCCESS' undeclared (first use in this function)
../src/helloworld.c:36:12: note: each undeclared identifier is reported only once for each function it appears in
../src/helloworld.c:37:1: warning: control reaches end of non-void function [-Wreturn-type]
make: *** [src/helloworld.o] ´íÎó 1
19:10:45 **** Auto Build of configuration Debug for project test ****
make all 
'Building file: ../src/helloworld.c'
'Invoking: MicroBlaze gcc compiler'
mb-gcc -Wall -O0 -g3 -c -fmessage-length=0 -I../../test_bsp/microblaze_0/include -mlittle-endian -mxl-pattern-compare -mcpu=v8.50.c -mno-xl-soft-mul -Wl,--no-relax -ffunction-sections -fdata-sections -MMD -MP -MF"src/helloworld.d" -MT"src/helloworld.d" -o "src/helloworld.o" "../src/helloworld.c"
'Finished building: ../src/helloworld.c'
' '
'Building file: ../src/platform.c'
'Invoking: MicroBlaze gcc compiler'
mb-gcc -Wall -O0 -g3 -c -fmessage-length=0 -I../../test_bsp/microblaze_0/include -mlittle-endian -mxl-pattern-compare -mcpu=v8.50.c -mno-xl-soft-mul -Wl,--no-relax -ffunction-sections -fdata-sections -MMD -MP -MF"src/platform.d" -MT"src/platform.d" -o "src/platform.o" "../src/platform.c"
'Finished building: ../src/platform.c'
' '
'Building target: test.elf'
'Invoking: MicroBlaze gcc linker'
mb-gcc -Wl,-T -Wl,../src/lscript.ld -L../../test_bsp/microblaze_0/lib -mlittle-endian -mxl-pattern-compare -mcpu=v8.50.c -mno-xl-soft-mul -Wl,--no-relax -Wl,--gc-sections -o "test.elf"  ./src/helloworld.o ./src/platform.o   -Wl,--start-group,-lxil,-lgcc,-lc,--end-group
../../test_bsp/microblaze_0/lib\libxil.a(xil_printf.o): In function `padding':
/wrk/ptx/users/nagaraju/GCC_2013_03/newlib/libgloss/microblaze/xil_printf.c:50: undefined reference to `outbyte'
../../test_bsp/microblaze_0/lib\libxil.a(xil_printf.o): In function `outnum':
/wrk/ptx/users/nagaraju/GCC_2013_03/newlib/libgloss/microblaze/xil_printf.c:112: undefined reference to `outbyte'
../../test_bsp/microblaze_0/lib\libxil.a(xil_printf.o): In function `xil_printf':
/wrk/ptx/users/nagaraju/GCC_2013_03/newlib/libgloss/microblaze/xil_printf.c:168: undefined reference to `outbyte'
../../test_bsp/microblaze_0/lib\libxil.a(xil_printf.o): In function `outs':
/wrk/ptx/users/nagaraju/GCC_2013_03/newlib/libgloss/microblaze/xil_printf.c:66: undefined reference to `outbyte'
../../test_bsp/microblaze_0/lib\libxil.a(xil_printf.o): In function `xil_printf':
/wrk/ptx/users/nagaraju/GCC_2013_03/newlib/libgloss/microblaze/xil_printf.c:229: undefined reference to `outbyte'
../../test_bsp/microblaze_0/lib\libxil.a(xil_printf.o):/wrk/ptx/users/nagaraju/GCC_2013_03/newlib/libgloss/microblaze/xil_printf.c:238: more undefined references to `outbyte' follow
collect2: ld returned 1 exit status
make: *** [test.elf] ´íÎó 1
19:11:11 **** Auto Build of configuration Debug for project test ****
make all 
'Building file: ../src/helloworld.c'
'Invoking: MicroBlaze gcc compiler'
mb-gcc -Wall -O0 -g3 -c -fmessage-length=0 -I../../test_bsp/microblaze_0/include -mlittle-endian -mxl-pattern-compare -mcpu=v8.50.c -mno-xl-soft-mul -Wl,--no-relax -ffunction-sections -fdata-sections -MMD -MP -MF"src/helloworld.d" -MT"src/helloworld.d" -o "src/helloworld.o" "../src/helloworld.c"
../src/helloworld.c: In function 'main':
../src/helloworld.c:33:5: warning: implicit declaration of function 'xil_print' [-Wimplicit-function-declaration]
'Finished building: ../src/helloworld.c'
' '
'Building target: test.elf'
'Invoking: MicroBlaze gcc linker'
mb-gcc -Wl,-T -Wl,../src/lscript.ld -L../../test_bsp/microblaze_0/lib -mlittle-endian -mxl-pattern-compare -mcpu=v8.50.c -mno-xl-soft-mul -Wl,--no-relax -Wl,--gc-sections -o "test.elf"  ./src/helloworld.o ./src/platform.o   -Wl,--start-group,-lxil,-lgcc,-lc,--end-group
./src/helloworld.o: In function `main':
C:\Users\lixun\Documents\Hardware\zynq7010\InGaAs\InGaAs.sdk\SDK\SDK_Export\test\Debug/../src/helloworld.c:33: undefined reference to `xil_print'
collect2: ld returned 1 exit status
make: *** [test.elf] ´íÎó 1
19:12:10 **** Auto Build of configuration Debug for project test ****
make all 
'Building file: ../src/helloworld.c'
'Invoking: MicroBlaze gcc compiler'
mb-gcc -Wall -O0 -g3 -c -fmessage-length=0 -I../../test_bsp/microblaze_0/include -mlittle-endian -mxl-pattern-compare -mcpu=v8.50.c -mno-xl-soft-mul -Wl,--no-relax -ffunction-sections -fdata-sections -MMD -MP -MF"src/helloworld.d" -MT"src/helloworld.d" -o "src/helloworld.o" "../src/helloworld.c"
'Finished building: ../src/helloworld.c'
' '
'Building target: test.elf'
'Invoking: MicroBlaze gcc linker'
mb-gcc -Wl,-T -Wl,../src/lscript.ld -L../../test_bsp/microblaze_0/lib -mlittle-endian -mxl-pattern-compare -mcpu=v8.50.c -mno-xl-soft-mul -Wl,--no-relax -Wl,--gc-sections -o "test.elf"  ./src/helloworld.o ./src/platform.o   -Wl,--start-group,-lxil,-lgcc,-lc,--end-group
../../test_bsp/microblaze_0/lib\libxil.a(xil_printf.o): In function `padding':
/wrk/ptx/users/nagaraju/GCC_2013_03/newlib/libgloss/microblaze/xil_printf.c:50: undefined reference to `outbyte'
../../test_bsp/microblaze_0/lib\libxil.a(xil_printf.o): In function `outnum':
/wrk/ptx/users/nagaraju/GCC_2013_03/newlib/libgloss/microblaze/xil_printf.c:112: undefined reference to `outbyte'
../../test_bsp/microblaze_0/lib\libxil.a(xil_printf.o): In function `xil_printf':
/wrk/ptx/users/nagaraju/GCC_2013_03/newlib/libgloss/microblaze/xil_printf.c:168: undefined reference to `outbyte'
../../test_bsp/microblaze_0/lib\libxil.a(xil_printf.o): In function `outs':
/wrk/ptx/users/nagaraju/GCC_2013_03/newlib/libgloss/microblaze/xil_printf.c:66: undefined reference to `outbyte'
../../test_bsp/microblaze_0/lib\libxil.a(xil_printf.o): In function `xil_printf':
/wrk/ptx/users/nagaraju/GCC_2013_03/newlib/libgloss/microblaze/xil_printf.c:229: undefined reference to `outbyte'
../../test_bsp/microblaze_0/lib\libxil.a(xil_printf.o):/wrk/ptx/users/nagaraju/GCC_2013_03/newlib/libgloss/microblaze/xil_printf.c:238: more undefined references to `outbyte' follow
collect2: ld returned 1 exit status
make: *** [test.elf] ´íÎó 1
19:13:10 **** Auto Build of configuration Debug for project test ****
make all 
'Building file: ../src/helloworld.c'
'Invoking: MicroBlaze gcc compiler'
mb-gcc -Wall -O0 -g3 -c -fmessage-length=0 -I../../test_bsp/microblaze_0/include -mlittle-endian -mxl-pattern-compare -mcpu=v8.50.c -mno-xl-soft-mul -Wl,--no-relax -ffunction-sections -fdata-sections -MMD -MP -MF"src/helloworld.d" -MT"src/helloworld.d" -o "src/helloworld.o" "../src/helloworld.c"
'Finished building: ../src/helloworld.c'
' '
'Building target: test.elf'
'Invoking: MicroBlaze gcc linker'
mb-gcc -Wl,-T -Wl,../src/lscript.ld -L../../test_bsp/microblaze_0/lib -mlittle-endian -mxl-pattern-compare -mcpu=v8.50.c -mno-xl-soft-mul -Wl,--no-relax -Wl,--gc-sections -o "test.elf"  ./src/helloworld.o ./src/platform.o   -Wl,--start-group,-lxil,-lgcc,-lc,--end-group
../../test_bsp/microblaze_0/lib\libxil.a(print.o): In function `print':
/wrk/ptx/users/nagaraju/GCC_2013_03/newlib/libgloss/microblaze/print.c:25: undefined reference to `outbyte'
collect2: ld returned 1 exit status
make: *** [test.elf] ´íÎó 1
19:13:47 **** Auto Build of configuration Debug for project test ****
make all 
'Building file: ../src/helloworld.c'
'Invoking: MicroBlaze gcc compiler'
mb-gcc -Wall -O0 -g3 -c -fmessage-length=0 -I../../test_bsp/microblaze_0/include -mlittle-endian -mxl-pattern-compare -mcpu=v8.50.c -mno-xl-soft-mul -Wl,--no-relax -ffunction-sections -fdata-sections -MMD -MP -MF"src/helloworld.d" -MT"src/helloworld.d" -o "src/helloworld.o" "../src/helloworld.c"
'Finished building: ../src/helloworld.c'
' '
'Building target: test.elf'
'Invoking: MicroBlaze gcc linker'
mb-gcc -Wl,-T -Wl,../src/lscript.ld -L../../test_bsp/microblaze_0/lib -mlittle-endian -mxl-pattern-compare -mcpu=v8.50.c -mno-xl-soft-mul -Wl,--no-relax -Wl,--gc-sections -o "test.elf"  ./src/helloworld.o ./src/platform.o   -Wl,--start-group,-lxil,-lgcc,-lc,--end-group
../../test_bsp/microblaze_0/lib\libxil.a(print.o): In function `print':
/wrk/ptx/users/nagaraju/GCC_2013_03/newlib/libgloss/microblaze/print.c:25: undefined reference to `outbyte'
collect2: ld returned 1 exit status
make: *** [test.elf] ´íÎó 1
19:14:12 **** Auto Build of configuration Debug for project test ****
make all 
'Building file: ../src/helloworld.c'
'Invoking: MicroBlaze gcc compiler'
mb-gcc -Wall -O0 -g3 -c -fmessage-length=0 -I../../test_bsp/microblaze_0/include -mlittle-endian -mxl-pattern-compare -mcpu=v8.50.c -mno-xl-soft-mul -Wl,--no-relax -ffunction-sections -fdata-sections -MMD -MP -MF"src/helloworld.d" -MT"src/helloworld.d" -o "src/helloworld.o" "../src/helloworld.c"
'Finished building: ../src/helloworld.c'
' '
'Building target: test.elf'
'Invoking: MicroBlaze gcc linker'
mb-gcc -Wl,-T -Wl,../src/lscript.ld -L../../test_bsp/microblaze_0/lib -mlittle-endian -mxl-pattern-compare -mcpu=v8.50.c -mno-xl-soft-mul -Wl,--no-relax -Wl,--gc-sections -o "test.elf"  ./src/helloworld.o ./src/platform.o   -Wl,--start-group,-lxil,-lgcc,-lc,--end-group
../../test_bsp/microblaze_0/lib\libxil.a(print.o): In function `print':
/wrk/ptx/users/nagaraju/GCC_2013_03/newlib/libgloss/microblaze/print.c:25: undefined reference to `outbyte'
collect2: ld returned 1 exit status
make: *** [test.elf] ´íÎó 1
19:16:14 **** Auto Build of configuration Debug for project test ****
make all 
'Building file: ../src/helloworld.c'
'Invoking: MicroBlaze gcc compiler'
mb-gcc -Wall -O0 -g3 -c -fmessage-length=0 -I../../test_bsp/microblaze_0/include -mlittle-endian -mxl-pattern-compare -mcpu=v8.50.c -mno-xl-soft-mul -Wl,--no-relax -ffunction-sections -fdata-sections -MMD -MP -MF"src/helloworld.d" -MT"src/helloworld.d" -o "src/helloworld.o" "../src/helloworld.c"
../src/helloworld.c: In function 'main':
../src/helloworld.c:40:9: warning: unused variable 'c' [-Wunused-variable]
'Finished building: ../src/helloworld.c'
' '
'Building target: test.elf'
'Invoking: MicroBlaze gcc linker'
mb-gcc -Wl,-T -Wl,../src/lscript.ld -L../../test_bsp/microblaze_0/lib -mlittle-endian -mxl-pattern-compare -mcpu=v8.50.c -mno-xl-soft-mul -Wl,--no-relax -Wl,--gc-sections -o "test.elf"  ./src/helloworld.o ./src/platform.o   -Wl,--start-group,-lxil,-lgcc,-lc,--end-group
'Finished building target: test.elf'
' '
'Invoking: MicroBlaze Print Size'
mb-size test.elf  |tee "test.elf.size"
   text	   data	    bss	    dec	    hex	filename
   2422	    268	   2084	   4774	   12a6	test.elf
'Finished building: test.elf.size'
' '
'Invoking: Xilinx ELF Check'
elfcheck test.elf -hw ../../sensor_hw_platform/system.xml -pe microblaze_0  |tee "test.elf.elfcheck"
elfcheck
Xilinx EDK 14.7 Build EDK_P.20131013
Copyright (c) 1995-2012 Xilinx, Inc.  All rights reserved.

Command Line: elfcheck -hw ../../sensor_hw_platform/system.xml -pe microblaze_0
test.elf 

ELF file	: test.elf
ERROR:EDK:3165 - elfcheck failed!
The following sections did not fit into Processor  memory:
	Section .fini (0x980 - 0x99F)
	Section .init (0x944 - 0x97F)
	Section .text (0x50 - 0x943)
	Section .vectors.hw_exception (0x20 - 0x27)
	Section .vectors.interrupt (0x10 - 0x17)
	Section .vectors.sw_exception (0x8 - 0xF)
	Section .vectors.reset (0x0 - 0x7)

Try using the linker script generation tools to generate an ELF that maps
correctly to your hardware design.
'Finished building: test.elf.elfcheck'
' '
19:19:09 **** Auto Build of configuration Debug for project test ****
make all 
'Building target: test.elf'
'Invoking: MicroBlaze gcc linker'
mb-gcc -Wl,-T -Wl,../src/lscript.ld -L../../test_bsp/microblaze_0/lib -mlittle-endian -mxl-pattern-compare -mcpu=v8.50.c -mno-xl-soft-mul -Wl,--no-relax -Wl,--gc-sections -o "test.elf"  ./src/helloworld.o ./src/platform.o   -Wl,--start-group,-lxil,-lgcc,-lc,--end-group
'Finished building target: test.elf'
' '
'Invoking: MicroBlaze Print Size'
mb-size test.elf  |tee "test.elf.size"
   text	   data	    bss	    dec	    hex	filename
   2422	    268	   2084	   4774	   12a6	test.elf
'Finished building: test.elf.size'
' '
'Invoking: Xilinx ELF Check'
elfcheck test.elf -hw ../../sensor_hw_platform/system.xml -pe microblaze_0  |tee "test.elf.elfcheck"
elfcheck
Xilinx EDK 14.7 Build EDK_P.20131013
Copyright (c) 1995-2012 Xilinx, Inc.  All rights reserved.

Command Line: elfcheck -hw ../../sensor_hw_platform/system.xml -pe microblaze_0
test.elf 

ELF file	: test.elf
ERROR:EDK:3165 - elfcheck failed!
The following sections did not fit into Processor  memory:
	Section .stack (0xE0000E88 - 0xE0001287)
	Section .heap (0xE0000A88 - 0xE0000E87)
	Section .bss (0xE0000A68 - 0xE0000A87)
	Section .sdata (0xE0000A64 - 0xE0000A67)
	Section .data (0xE0000968 - 0xE0000A63)
	Section .rodata (0xE0000960 - 0xE0000965)
	Section .dtors (0xE0000958 - 0xE000095F)
	Section .ctors (0xE0000950 - 0xE0000957)
	Section .fini (0xE0000930 - 0xE000094F)
	Section .init (0xE00008F4 - 0xE000092F)
	Section .text (0xE0000000 - 0xE00008F3)
	Section .vectors.hw_exception (0x20 - 0x27)
	Section .vectors.interrupt (0x10 - 0x17)
	Section .vectors.sw_exception (0x8 - 0xF)
	Section .vectors.reset (0x0 - 0x7)

Try using the linker script generation tools to generate an ELF that maps
correctly to your hardware design.
'Finished building: test.elf.elfcheck'
' '
19:22:30 **** Auto Build of configuration Debug for project test ****
make all 
'Building file: ../src/helloworld.c'
'Invoking: MicroBlaze gcc compiler'
mb-gcc -Wall -O0 -g3 -c -fmessage-length=0 -I../../test_bsp/microblaze_0/include -mlittle-endian -mxl-pattern-compare -mcpu=v8.50.c -mno-xl-soft-mul -Wl,--no-relax -ffunction-sections -fdata-sections -MMD -MP -MF"src/helloworld.d" -MT"src/helloworld.d" -o "src/helloworld.o" "../src/helloworld.c"
../src/helloworld.c: In function 'main':
../src/helloworld.c:41:9: warning: unused variable 'c' [-Wunused-variable]
'Finished building: ../src/helloworld.c'
' '
'Building target: test.elf'
'Invoking: MicroBlaze gcc linker'
mb-gcc -Wl,-T -Wl,../src/lscript.ld -L../../test_bsp/microblaze_0/lib -mlittle-endian -mxl-pattern-compare -mcpu=v8.50.c -mno-xl-soft-mul -Wl,--no-relax -Wl,--gc-sections -o "test.elf"  ./src/helloworld.o ./src/platform.o   -Wl,--start-group,-lxil,-lgcc,-lc,--end-group
../../test_bsp/microblaze_0/lib\libxil.a(xil_printf.o): In function `padding':
/wrk/ptx/users/nagaraju/GCC_2013_03/newlib/libgloss/microblaze/xil_printf.c:50: undefined reference to `outbyte'
../../test_bsp/microblaze_0/lib\libxil.a(xil_printf.o): In function `outnum':
/wrk/ptx/users/nagaraju/GCC_2013_03/newlib/libgloss/microblaze/xil_printf.c:112: undefined reference to `outbyte'
../../test_bsp/microblaze_0/lib\libxil.a(xil_printf.o): In function `xil_printf':
/wrk/ptx/users/nagaraju/GCC_2013_03/newlib/libgloss/microblaze/xil_printf.c:168: undefined reference to `outbyte'
../../test_bsp/microblaze_0/lib\libxil.a(xil_printf.o): In function `outs':
/wrk/ptx/users/nagaraju/GCC_2013_03/newlib/libgloss/microblaze/xil_printf.c:66: undefined reference to `outbyte'
../../test_bsp/microblaze_0/lib\libxil.a(xil_printf.o): In function `xil_printf':
/wrk/ptx/users/nagaraju/GCC_2013_03/newlib/libgloss/microblaze/xil_printf.c:229: undefined reference to `outbyte'
../../test_bsp/microblaze_0/lib\libxil.a(xil_printf.o):/wrk/ptx/users/nagaraju/GCC_2013_03/newlib/libgloss/microblaze/xil_printf.c:238: more undefined references to `outbyte' follow
collect2: ld returned 1 exit status
make: *** [test.elf] ´íÎó 1
19:22:38 **** Auto Build of configuration Debug for project test ****
make all 
'Building file: ../src/helloworld.c'
'Invoking: MicroBlaze gcc compiler'
mb-gcc -Wall -O0 -g3 -c -fmessage-length=0 -I../../test_bsp/microblaze_0/include -mlittle-endian -mxl-pattern-compare -mcpu=v8.50.c -mno-xl-soft-mul -Wl,--no-relax -ffunction-sections -fdata-sections -MMD -MP -MF"src/helloworld.d" -MT"src/helloworld.d" -o "src/helloworld.o" "../src/helloworld.c"
../src/helloworld.c: In function 'main':
../src/helloworld.c:41:9: warning: unused variable 'c' [-Wunused-variable]
'Finished building: ../src/helloworld.c'
' '
'Building target: test.elf'
'Invoking: MicroBlaze gcc linker'
mb-gcc -Wl,-T -Wl,../src/lscript.ld -L../../test_bsp/microblaze_0/lib -mlittle-endian -mxl-pattern-compare -mcpu=v8.50.c -mno-xl-soft-mul -Wl,--no-relax -Wl,--gc-sections -o "test.elf"  ./src/helloworld.o ./src/platform.o   -Wl,--start-group,-lxil,-lgcc,-lc,--end-group
'Finished building target: test.elf'
' '
'Invoking: MicroBlaze Print Size'
mb-size test.elf  |tee "test.elf.size"
   text	   data	    bss	    dec	    hex	filename
   2422	    268	   2084	   4774	   12a6	test.elf
'Finished building: test.elf.size'
' '
'Invoking: Xilinx ELF Check'
elfcheck test.elf -hw ../../sensor_hw_platform/system.xml -pe microblaze_0  |tee "test.elf.elfcheck"
elfcheck
Xilinx EDK 14.7 Build EDK_P.20131013
Copyright (c) 1995-2012 Xilinx, Inc.  All rights reserved.

Command Line: elfcheck -hw ../../sensor_hw_platform/system.xml -pe microblaze_0
test.elf 

ELF file	: test.elf
ERROR:EDK:3165 - elfcheck failed!
The following sections did not fit into Processor  memory:
	Section .stack (0xE0000E88 - 0xE0001287)
	Section .heap (0xE0000A88 - 0xE0000E87)
	Section .bss (0xE0000A68 - 0xE0000A87)
	Section .sdata (0xE0000A64 - 0xE0000A67)
	Section .data (0xE0000968 - 0xE0000A63)
	Section .rodata (0xE0000960 - 0xE0000965)
	Section .dtors (0xE0000958 - 0xE000095F)
	Section .ctors (0xE0000950 - 0xE0000957)
	Section .fini (0xE0000930 - 0xE000094F)
	Section .init (0xE00008F4 - 0xE000092F)
	Section .text (0xE0000000 - 0xE00008F3)
	Section .vectors.hw_exception (0x20 - 0x27)
	Section .vectors.interrupt (0x10 - 0x17)
	Section .vectors.sw_exception (0x8 - 0xF)
	Section .vectors.reset (0x0 - 0x7)

Try using the linker script generation tools to generate an ELF that maps
correctly to your hardware design.
'Finished building: test.elf.elfcheck'
' '
19:24:28 **** Auto Build of configuration Debug for project test ****
make all 
'Building file: ../src/helloworld.c'
'Invoking: MicroBlaze gcc compiler'
mb-gcc -Wall -O0 -g3 -c -fmessage-length=0 -I../../test_bsp/microblaze_0/include -mlittle-endian -mxl-pattern-compare -mcpu=v8.50.c -mno-xl-soft-mul -Wl,--no-relax -ffunction-sections -fdata-sections -MMD -MP -MF"src/helloworld.d" -MT"src/helloworld.d" -o "src/helloworld.o" "../src/helloworld.c"
../src/helloworld.c: In function 'main':
../src/helloworld.c:45:9: warning: unused variable 'c' [-Wunused-variable]
'Finished building: ../src/helloworld.c'
' '
'Building target: test.elf'
'Invoking: MicroBlaze gcc linker'
mb-gcc -Wl,-T -Wl,../src/lscript.ld -L../../test_bsp/microblaze_0/lib -mlittle-endian -mxl-pattern-compare -mcpu=v8.50.c -mno-xl-soft-mul -Wl,--no-relax -Wl,--gc-sections -o "test.elf"  ./src/helloworld.o ./src/platform.o   -Wl,--start-group,-lxil,-lgcc,-lc,--end-group
'Finished building target: test.elf'
' '
'Invoking: MicroBlaze Print Size'
mb-size test.elf  |tee "test.elf.size"
   text	   data	    bss	    dec	    hex	filename
   2442	    268	   2090	   4800	   12c0	test.elf
'Finished building: test.elf.size'
' '
'Invoking: Xilinx ELF Check'
elfcheck test.elf -hw ../../sensor_hw_platform/system.xml -pe microblaze_0  |tee "test.elf.elfcheck"
elfcheck
Xilinx EDK 14.7 Build EDK_P.20131013
Copyright (c) 1995-2012 Xilinx, Inc.  All rights reserved.

Command Line: elfcheck -hw ../../sensor_hw_platform/system.xml -pe microblaze_0
test.elf 

ELF file	: test.elf
ERROR:EDK:3165 - elfcheck failed!
The following sections did not fit into Processor  memory:
	Section .stack (0xE0000EA0 - 0xE000129F)
	Section .heap (0xE0000AA0 - 0xE0000E9F)
	Section .bss (0xE0000A80 - 0xE0000A9F)
	Section .sdata (0xE0000A7C - 0xE0000A7F)
	Section .data (0xE0000980 - 0xE0000A7B)
	Section .sdata2 (0xE000097A - 0xE000097F)
	Section .rodata (0xE0000974 - 0xE0000979)
	Section .dtors (0xE000096C - 0xE0000973)
	Section .ctors (0xE0000964 - 0xE000096B)
	Section .fini (0xE0000944 - 0xE0000963)
	Section .init (0xE0000908 - 0xE0000943)
	Section .text (0xE0000000 - 0xE0000907)
	Section .vectors.hw_exception (0x20 - 0x27)
	Section .vectors.interrupt (0x10 - 0x17)
	Section .vectors.sw_exception (0x8 - 0xF)
	Section .vectors.reset (0x0 - 0x7)

Try using the linker script generation tools to generate an ELF that maps
correctly to your hardware design.
'Finished building: test.elf.elfcheck'
' '
19:27:34 **** Build of project cortexa9_test_bsp ****
make -k all 
libgen -hw ../sensor_hw_platform/system.xml\
	       \
	       -pe ps7_cortexa9_0 \
	       -log libgen.log \
	       system.mss
libgen
Xilinx EDK 14.7 Build EDK_P.20131013
Copyright (c) 1995-2012 Xilinx, Inc.  All rights reserved.

Command Line: libgen -hw ../sensor_hw_platform/system.xml -pe ps7_cortexa9_0
-log libgen.log system.mss 


Staging source files.
Running DRCs.
Running generate.
Running post_generate.
Running include - 'make -s include "COMPILER=arm-xilinx-eabi-gcc"
"ARCHIVER=arm-xilinx-eabi-ar" "COMPILER_FLAGS= -O2 -c"
"EXTRA_COMPILER_FLAGS=-g"'.

Running libs - 'make -s libs "COMPILER=arm-xilinx-eabi-gcc"
"ARCHIVER=arm-xilinx-eabi-ar" "COMPILER_FLAGS= -O2 -c"
"EXTRA_COMPILER_FLAGS=-g"'.
"Compiling standalone"
arm-xilinx-eabi-ar: creating ../../../lib/libxil.a
"Compiling devcfg"
"Compiling dmaps"
"Compiling emacps"
"Compiling gpiops"
"Compiling iicps"
"Compiling qspips"
"Compiling scugic"
"Compiling scutimer"
"Compiling scuwdt"
"Compiling uartps"
"Compiling usbps"
"Compiling xadcps"
"Compiling cpu_cortexa9"
Running execs_generate.
'Finished building libraries'
19:28:08 **** Build of configuration Debug for project cortexa9_test ****
make all 
'Building file: ../src/helloworld.c'
'Invoking: ARM gcc compiler'
arm-xilinx-eabi-gcc -Wall -O0 -g3 -c -fmessage-length=0 -I../../cortexa9_test_bsp/ps7_cortexa9_0/include -MMD -MP -MF"src/helloworld.d" -MT"src/helloworld.d" -o "src/helloworld.o" "../src/helloworld.c"
'Finished building: ../src/helloworld.c'
' '
'Building file: ../src/platform.c'
'Invoking: ARM gcc compiler'
arm-xilinx-eabi-gcc -Wall -O0 -g3 -c -fmessage-length=0 -I../../cortexa9_test_bsp/ps7_cortexa9_0/include -MMD -MP -MF"src/platform.d" -MT"src/platform.d" -o "src/platform.o" "../src/platform.c"
'Finished building: ../src/platform.c'
' '
'Building target: cortexa9_test.elf'
'Invoking: ARM gcc linker'
arm-xilinx-eabi-gcc -Wl,-T -Wl,../src/lscript.ld -L../../cortexa9_test_bsp/ps7_cortexa9_0/lib -o "cortexa9_test.elf"  ./src/helloworld.o ./src/platform.o   -Wl,--start-group,-lxil,-lgcc,-lc,--end-group
'Finished building target: cortexa9_test.elf'
' '
'Invoking: ARM Print Size'
arm-xilinx-eabi-size cortexa9_test.elf  |tee "cortexa9_test.elf.size"
   text	   data	    bss	    dec	    hex	filename
  22872	   1096	  29780	  53748	   d1f4	cortexa9_test.elf
'Finished building: cortexa9_test.elf.size'
' '
19:31:49 **** Auto Build of configuration Debug for project cortexa9_test ****
make all 
'Building file: ../src/helloworld.c'
'Invoking: ARM gcc compiler'
arm-xilinx-eabi-gcc -Wall -O0 -g3 -c -fmessage-length=0 -I../../cortexa9_test_bsp/ps7_cortexa9_0/include -MMD -MP -MF"src/helloworld.d" -MT"src/helloworld.d" -o "src/helloworld.o" "../src/helloworld.c"
../src/helloworld.c: In function 'main':
../src/helloworld.c:58:6: warning: implicit declaration of function 'xil_printf' [-Wimplicit-function-declaration]
../src/helloworld.c:58:6: error: unknown type name 'u32'
make: *** [src/helloworld.o] ´íÎó 1
19:32:09 **** Auto Build of configuration Debug for project cortexa9_test ****
make all 
'Building file: ../src/helloworld.c'
'Invoking: ARM gcc compiler'
arm-xilinx-eabi-gcc -Wall -O0 -g3 -c -fmessage-length=0 -I../../cortexa9_test_bsp/ps7_cortexa9_0/include -MMD -MP -MF"src/helloworld.d" -MT"src/helloworld.d" -o "src/helloworld.o" "../src/helloworld.c"
../src/helloworld.c: In function 'main':
../src/helloworld.c:59:6: warning: implicit declaration of function 'xil_printf' [-Wimplicit-function-declaration]
'Finished building: ../src/helloworld.c'
' '
'Building target: cortexa9_test.elf'
'Invoking: ARM gcc linker'
arm-xilinx-eabi-gcc -Wl,-T -Wl,../src/lscript.ld -L../../cortexa9_test_bsp/ps7_cortexa9_0/lib -o "cortexa9_test.elf"  ./src/helloworld.o ./src/platform.o   -Wl,--start-group,-lxil,-lgcc,-lc,--end-group
'Finished building target: cortexa9_test.elf'
' '
'Invoking: ARM Print Size'
arm-xilinx-eabi-size cortexa9_test.elf  |tee "cortexa9_test.elf.size"
   text	   data	    bss	    dec	    hex	filename
  25060	   1104	  29796	  55960	   da98	cortexa9_test.elf
'Finished building: cortexa9_test.elf.size'
' '
19:33:40 **** Incremental Build of configuration Debug for project mem_test ****
make all 
make: Nothing to be done for `all'.
19:33:41 **** Incremental Build of configuration Debug for project ethernet_test ****
make all 
make: Nothing to be done for `all'.
19:33:43 **** Incremental Build of configuration Debug for project cortexa9_test ****
make all 
make: Nothing to be done for `all'.
19:33:44 **** Clean-only build of configuration Debug for project test ****
make clean 
rm -rf  ./src/helloworld.o ./src/platform.o  ./src/helloworld.d ./src/platform.d  test.elf.size  test.elf.elfcheck  test.elf
' '
19:33:44 **** Incremental Build of configuration Debug for project test ****
make all 
'Building file: ../src/helloworld.c'
'Invoking: MicroBlaze gcc compiler'
mb-gcc -Wall -O0 -g3 -c -fmessage-length=0 -I../../test_bsp/microblaze_0/include -mlittle-endian -mxl-pattern-compare -mcpu=v8.50.c -mno-xl-soft-mul -Wl,--no-relax -ffunction-sections -fdata-sections -MMD -MP -MF"src/helloworld.d" -MT"src/helloworld.d" -o "src/helloworld.o" "../src/helloworld.c"
../src/helloworld.c: In function 'main':
../src/helloworld.c:45:9: warning: unused variable 'c' [-Wunused-variable]
'Finished building: ../src/helloworld.c'
' '
'Building file: ../src/platform.c'
'Invoking: MicroBlaze gcc compiler'
mb-gcc -Wall -O0 -g3 -c -fmessage-length=0 -I../../test_bsp/microblaze_0/include -mlittle-endian -mxl-pattern-compare -mcpu=v8.50.c -mno-xl-soft-mul -Wl,--no-relax -ffunction-sections -fdata-sections -MMD -MP -MF"src/platform.d" -MT"src/platform.d" -o "src/platform.o" "../src/platform.c"
'Finished building: ../src/platform.c'
' '
'Building target: test.elf'
'Invoking: MicroBlaze gcc linker'
mb-gcc -Wl,-T -Wl,../src/lscript.ld -L../../test_bsp/microblaze_0/lib -mlittle-endian -mxl-pattern-compare -mcpu=v8.50.c -mno-xl-soft-mul -Wl,--no-relax -Wl,--gc-sections -o "test.elf"  ./src/helloworld.o ./src/platform.o   -Wl,--start-group,-lxil,-lgcc,-lc,--end-group
'Finished building target: test.elf'
' '
'Invoking: MicroBlaze Print Size'
mb-size test.elf  |tee "test.elf.size"
   text	   data	    bss	    dec	    hex	filename
   2442	    268	   2090	   4800	   12c0	test.elf
'Finished building: test.elf.size'
' '
'Invoking: Xilinx ELF Check'
elfcheck test.elf -hw ../../sensor_hw_platform/system.xml -pe microblaze_0  |tee "test.elf.elfcheck"
elfcheck
Xilinx EDK 14.7 Build EDK_P.20131013
Copyright (c) 1995-2012 Xilinx, Inc.  All rights reserved.

Command Line: elfcheck -hw ../../sensor_hw_platform/system.xml -pe microblaze_0
test.elf 

ELF file	: test.elf
ERROR:EDK:3165 - elfcheck failed!
The following sections did not fit into Processor  memory:
	Section .stack (0xE0000EA0 - 0xE000129F)
	Section .heap (0xE0000AA0 - 0xE0000E9F)
	Section .bss (0xE0000A80 - 0xE0000A9F)
	Section .sdata (0xE0000A7C - 0xE0000A7F)
	Section .data (0xE0000980 - 0xE0000A7B)
	Section .sdata2 (0xE000097A - 0xE000097F)
	Section .rodata (0xE0000974 - 0xE0000979)
	Section .dtors (0xE000096C - 0xE0000973)
	Section .ctors (0xE0000964 - 0xE000096B)
	Section .fini (0xE0000944 - 0xE0000963)
	Section .init (0xE0000908 - 0xE0000943)
	Section .text (0xE0000000 - 0xE0000907)
	Section .vectors.hw_exception (0x20 - 0x27)
	Section .vectors.interrupt (0x10 - 0x17)
	Section .vectors.sw_exception (0x8 - 0xF)
	Section .vectors.reset (0x0 - 0x7)

Try using the linker script generation tools to generate an ELF that maps
correctly to your hardware design.
'Finished building: test.elf.elfcheck'
' '
19:34:41 **** Auto Build of configuration Debug for project cortexa9_test ****
make all 
'Building file: ../src/helloworld.c'
'Invoking: ARM gcc compiler'
arm-xilinx-eabi-gcc -Wall -O0 -g3 -c -fmessage-length=0 -I../../cortexa9_test_bsp/ps7_cortexa9_0/include -MMD -MP -MF"src/helloworld.d" -MT"src/helloworld.d" -o "src/helloworld.o" "../src/helloworld.c"
../src/helloworld.c: In function 'main':
../src/helloworld.c:59:6: warning: implicit declaration of function 'xil_printf' [-Wimplicit-function-declaration]
'Finished building: ../src/helloworld.c'
' '
'Building target: cortexa9_test.elf'
'Invoking: ARM gcc linker'
arm-xilinx-eabi-gcc -Wl,-T -Wl,../src/lscript.ld -L../../cortexa9_test_bsp/ps7_cortexa9_0/lib -o "cortexa9_test.elf"  ./src/helloworld.o ./src/platform.o   -Wl,--start-group,-lxil,-lgcc,-lc,--end-group
'Finished building target: cortexa9_test.elf'
' '
'Invoking: ARM Print Size'
arm-xilinx-eabi-size cortexa9_test.elf  |tee "cortexa9_test.elf.size"
   text	   data	    bss	    dec	    hex	filename
  25060	   1104	  29796	  55960	   da98	cortexa9_test.elf
'Finished building: cortexa9_test.elf.size'
' '
19:37:08 **** Auto Build of configuration Debug for project test ****
make all 
'Building target: test.elf'
'Invoking: MicroBlaze gcc linker'
mb-gcc -Wl,-T -Wl,../src/lscript.ld -L../../test_bsp/microblaze_0/lib -mlittle-endian -mxl-pattern-compare -mcpu=v8.50.c -mno-xl-soft-mul -Wl,--no-relax -Wl,--gc-sections -o "test.elf"  ./src/helloworld.o ./src/platform.o   -Wl,--start-group,-lxil,-lgcc,-lc,--end-group
'Finished building target: test.elf'
' '
'Invoking: MicroBlaze Print Size'
mb-size test.elf  |tee "test.elf.size"
   text	   data	    bss	    dec	    hex	filename
   2442	    268	   2090	   4800	   12c0	test.elf
'Finished building: test.elf.size'
' '
'Invoking: Xilinx ELF Check'
elfcheck test.elf -hw ../../sensor_hw_platform/system.xml -pe microblaze_0  |tee "test.elf.elfcheck"
elfcheck
Xilinx EDK 14.7 Build EDK_P.20131013
Copyright (c) 1995-2012 Xilinx, Inc.  All rights reserved.

Command Line: elfcheck -hw ../../sensor_hw_platform/system.xml -pe microblaze_0
test.elf 

ELF file	: test.elf
ERROR:EDK:3165 - elfcheck failed!
The following sections did not fit into Processor  memory:
	Section .vectors.hw_exception (0x20 - 0x27)
	Section .vectors.interrupt (0x10 - 0x17)
	Section .vectors.sw_exception (0x8 - 0xF)
	Section .vectors.reset (0x0 - 0x7)

Try using the linker script generation tools to generate an ELF that maps
correctly to your hardware design.
'Finished building: test.elf.elfcheck'
' '
19:37:45 **** Clean-only build of configuration Debug for project test ****
make clean 
rm -rf  ./src/helloworld.o ./src/platform.o  ./src/helloworld.d ./src/platform.d  test.elf.size  test.elf.elfcheck  test.elf
' '
19:37:45 **** Auto Build of configuration Debug for project test ****
make all 
'Building file: ../src/helloworld.c'
'Invoking: MicroBlaze gcc compiler'
mb-gcc -Wall -O0 -g3 -c -fmessage-length=0 -I../../test_bsp/microblaze_0/include -mlittle-endian -mxl-pattern-compare -mcpu=v8.50.c -mno-xl-soft-mul -Wl,--no-relax -ffunction-sections -fdata-sections -MMD -MP -MF"src/helloworld.d" -MT"src/helloworld.d" -o "src/helloworld.o" "../src/helloworld.c"
../src/helloworld.c: In function 'main':
../src/helloworld.c:45:9: warning: unused variable 'c' [-Wunused-variable]
'Finished building: ../src/helloworld.c'
' '
'Building file: ../src/platform.c'
'Invoking: MicroBlaze gcc compiler'
mb-gcc -Wall -O0 -g3 -c -fmessage-length=0 -I../../test_bsp/microblaze_0/include -mlittle-endian -mxl-pattern-compare -mcpu=v8.50.c -mno-xl-soft-mul -Wl,--no-relax -ffunction-sections -fdata-sections -MMD -MP -MF"src/platform.d" -MT"src/platform.d" -o "src/platform.o" "../src/platform.c"
'Finished building: ../src/platform.c'
' '
make: *** Ã»ÓÐ¹æÔò¿ÉÒÔ´´½¨¡°test.elf¡±ÐèÒªµÄÄ¿±ê¡°../src/lscript.ld¡±¡£ Í£Ö¹¡£
19:38:03 **** Clean-only build of configuration Debug for project test ****
make clean 
rm -rf  ./src/helloworld.o ./src/platform.o  ./src/helloworld.d ./src/platform.d  test.elf.size  test.elf.elfcheck  test.elf
' '
19:38:03 **** Auto Build of configuration Debug for project test ****
make all 
'Building file: ../src/helloworld.c'
'Invoking: MicroBlaze gcc compiler'
mb-gcc -Wall -O0 -g3 -c -fmessage-length=0 -I../../test_bsp/microblaze_0/include -mlittle-endian -mxl-pattern-compare -mcpu=v8.50.c -mno-xl-soft-mul -Wl,--no-relax -ffunction-sections -fdata-sections -MMD -MP -MF"src/helloworld.d" -MT"src/helloworld.d" -o "src/helloworld.o" "../src/helloworld.c"
../src/helloworld.c: In function 'main':
../src/helloworld.c:45:9: warning: unused variable 'c' [-Wunused-variable]
'Finished building: ../src/helloworld.c'
' '
'Building file: ../src/platform.c'
'Invoking: MicroBlaze gcc compiler'
mb-gcc -Wall -O0 -g3 -c -fmessage-length=0 -I../../test_bsp/microblaze_0/include -mlittle-endian -mxl-pattern-compare -mcpu=v8.50.c -mno-xl-soft-mul -Wl,--no-relax -ffunction-sections -fdata-sections -MMD -MP -MF"src/platform.d" -MT"src/platform.d" -o "src/platform.o" "../src/platform.c"
'Finished building: ../src/platform.c'
' '
'Building target: test.elf'
'Invoking: MicroBlaze gcc linker'
mb-gcc -Wl,-T -Wl,../src/lscript.ld -L../../test_bsp/microblaze_0/lib -mlittle-endian -mxl-pattern-compare -mcpu=v8.50.c -mno-xl-soft-mul -Wl,--no-relax -Wl,--gc-sections -o "test.elf"  ./src/helloworld.o ./src/platform.o   -Wl,--start-group,-lxil,-lgcc,-lc,--end-group
'Finished building target: test.elf'
' '
'Invoking: MicroBlaze Print Size'
mb-size test.elf  |tee "test.elf.size"
   text	   data	    bss	    dec	    hex	filename
   2442	    268	   2090	   4800	   12c0	test.elf
'Finished building: test.elf.size'
' '
'Invoking: Xilinx ELF Check'
elfcheck test.elf -hw ../../sensor_hw_platform/system.xml -pe microblaze_0  |tee "test.elf.elfcheck"
elfcheck
Xilinx EDK 14.7 Build EDK_P.20131013
Copyright (c) 1995-2012 Xilinx, Inc.  All rights reserved.

Command Line: elfcheck -hw ../../sensor_hw_platform/system.xml -pe microblaze_0
test.elf 

ELF file	: test.elf
elfcheck passed.
'Finished building: test.elf.elfcheck'
' '
19:38:43 **** Auto Build of project mem_test_bsp ****
make -k all 
'Finished building libraries'
19:38:43 **** Auto Build of project ethernet_test_bsp ****
make -k all 
'Finished building libraries'
19:38:44 **** Auto Build of project cortexa9_test_bsp ****
make -k all 
'Finished building libraries'
19:38:44 **** Auto Build of project test_bsp ****
make -k all 
'Finished building libraries'
19:39:00 **** Incremental Build of configuration Debug for project mem_test ****
make all 
make: Nothing to be done for `all'.
19:39:01 **** Incremental Build of configuration Debug for project ethernet_test ****
make all 
make: Nothing to be done for `all'.
19:39:02 **** Incremental Build of configuration Debug for project cortexa9_test ****
make all 
make: Nothing to be done for `all'.
19:39:04 **** Incremental Build of configuration Debug for project test ****
make all 
make: Nothing to be done for `all'.
21:39:40 **** Auto Build of project mem_test_bsp ****
make -k all 
'Finished building libraries'
21:39:44 **** Auto Build of project ethernet_test_bsp ****
make -k all 
libgen -hw ../sensor_hw_platform/system.xml\
	       \
	       -pe ps7_cortexa9_0 \
	       -log libgen.log \
	       system.mss
libgen
Xilinx EDK 14.7 Build EDK_P.20131013
Copyright (c) 1995-2012 Xilinx, Inc.  All rights reserved.

Command Line: libgen -hw ../sensor_hw_platform/system.xml -pe ps7_cortexa9_0
-log libgen.log system.mss 


Staging source files.
Running DRCs.
Runnning DRC for lwIP library... 



lwIP can be used with the following EMAC peripherals found in your system:
ps7_ethernet_0

Running generate.
Little Endian system

Running post_generate.
Running include - 'make -s include "COMPILER=arm-xilinx-eabi-gcc"
"ARCHIVER=arm-xilinx-eabi-ar" "COMPILER_FLAGS= -O2 -c"
"EXTRA_COMPILER_FLAGS=-g"'.

Running libs - 'make -s libs "COMPILER=arm-xilinx-eabi-gcc"
"ARCHIVER=arm-xilinx-eabi-ar" "COMPILER_FLAGS= -O2 -c"
"EXTRA_COMPILER_FLAGS=-g"'.
"Compiling standalone"
arm-xilinx-eabi-ar: creating ../../../lib/libxil.a
"Compiling lwIP"
"Compiling lwIP adapter for Xilinx MAC"
"Creating archive liblwip4.a"
"Compiling devcfg"
"Compiling dmaps"
"Compiling emacps"
"Compiling gpiops"
"Compiling iicps"
"Compiling qspips"
"Compiling scugic"
"Compiling scutimer"
"Compiling scuwdt"
"Compiling uartps"
"Compiling usbps"
"Compiling xadcps"
"Compiling cpu_cortexa9"
Running execs_generate.
'Finished building libraries'
21:40:37 **** Auto Build of configuration Debug for project ethernet_test ****
make all 
make: Nothing to be done for `all'.
21:40:37 **** Auto Build of project cortexa9_test_bsp ****
make -k all 
libgen -hw ../sensor_hw_platform/system.xml\
	       \
	       -pe ps7_cortexa9_0 \
	       -log libgen.log \
	       system.mss
libgen
Xilinx EDK 14.7 Build EDK_P.20131013
Copyright (c) 1995-2012 Xilinx, Inc.  All rights reserved.

Command Line: libgen -hw ../sensor_hw_platform/system.xml -pe ps7_cortexa9_0
-log libgen.log system.mss 


Staging source files.
Running DRCs.
Running generate.
Running post_generate.
Running include - 'make -s include "COMPILER=arm-xilinx-eabi-gcc"
"ARCHIVER=arm-xilinx-eabi-ar" "COMPILER_FLAGS= -O2 -c"
"EXTRA_COMPILER_FLAGS=-g"'.

Running libs - 'make -s libs "COMPILER=arm-xilinx-eabi-gcc"
"ARCHIVER=arm-xilinx-eabi-ar" "COMPILER_FLAGS= -O2 -c"
"EXTRA_COMPILER_FLAGS=-g"'.
"Compiling standalone"
arm-xilinx-eabi-ar: creating ../../../lib/libxil.a
"Compiling devcfg"
"Compiling dmaps"
"Compiling emacps"
"Compiling gpiops"
"Compiling iicps"
"Compiling qspips"
"Compiling scugic"
"Compiling scutimer"
"Compiling scuwdt"
"Compiling uartps"
"Compiling usbps"
"Compiling xadcps"
"Compiling cpu_cortexa9"
Running execs_generate.
'Finished building libraries'
21:41:12 **** Clean-only build of project cortexa9_test_bsp ****
21:41:12 **** Clean-only build of project ethernet_test_bsp ****
21:41:12 **** Clean-only build of project mem_test_bsp ****
make -k clean 
make -k clean 
rm -rf ps7_cortexa9_0
make -k clean 
rm -rf ps7_cortexa9_0
rm -rf ps7_cortexa9_0
21:41:14 **** Clean-only build of project test_bsp ****
make -k clean 
rm -rf microblaze_0
21:41:15 **** Clean-only build of configuration Debug for project cortexa9_test ****
make clean 
rm -rf  ./src/helloworld.o ./src/platform.o  ./src/helloworld.d ./src/platform.d  cortexa9_test.elf.size  cortexa9_test.elf
' '
21:41:15 **** Clean-only build of configuration Debug for project ethernet_test ****
make clean 
rm -rf  ./src/echo.o ./src/main.o ./src/platform.o ./src/platform_mb.o ./src/platform_ppc.o ./src/platform_zynq.o  ./src/echo.d ./src/main.d ./src/platform.d ./src/platform_mb.d ./src/platform_ppc.d ./src/platform_zynq.d  ethernet_test.elf.size  ethernet_test.elf
' '
21:41:16 **** Clean-only build of configuration Debug for project mem_test ****
make clean 
rm -rf  ./src/memory_config_g.o ./src/memorytest.o ./src/platform.o  ./src/memory_config_g.d ./src/memorytest.d ./src/platform.d  mem_test.elf.size  mem_test.elf
' '
21:41:16 **** Clean-only build of configuration Debug for project test ****
make clean 
rm -rf  ./src/helloworld.o ./src/platform.o  ./src/helloworld.d ./src/platform.d  test.elf.size  test.elf.elfcheck  test.elf
' '
21:41:16 **** Build of project mem_test_bsp ****
make -k all 
libgen -hw ../sensor_hw_platform/system.xml\
	       \
	       -pe ps7_cortexa9_0 \
	       -log libgen.log \
	       system.mss
libgen
Xilinx EDK 14.7 Build EDK_P.20131013
Copyright (c) 1995-2012 Xilinx, Inc.  All rights reserved.

Command Line: libgen -hw ../sensor_hw_platform/system.xml -pe ps7_cortexa9_0
-log libgen.log system.mss 


Staging source files.
Running DRCs.
Running generate.
Running post_generate.
Running include - 'make -s include "COMPILER=arm-xilinx-eabi-gcc"
"ARCHIVER=arm-xilinx-eabi-ar" "COMPILER_FLAGS= -O2 -c"
"EXTRA_COMPILER_FLAGS=-g"'.

Running libs - 'make -s libs "COMPILER=arm-xilinx-eabi-gcc"
"ARCHIVER=arm-xilinx-eabi-ar" "COMPILER_FLAGS= -O2 -c"
"EXTRA_COMPILER_FLAGS=-g"'.
"Compiling standalone"
arm-xilinx-eabi-ar: creating ../../../lib/libxil.a
"Compiling devcfg"
"Compiling dmaps"
"Compiling emacps"
"Compiling gpiops"
"Compiling iicps"
"Compiling qspips"
"Compiling scugic"
"Compiling scutimer"
"Compiling scuwdt"
"Compiling uartps"
"Compiling usbps"
"Compiling xadcps"
"Compiling cpu_cortexa9"
Running execs_generate.
'Finished building libraries'
21:41:50 **** Build of configuration Debug for project mem_test ****
make all 
'Building file: ../src/memory_config_g.c'
'Invoking: ARM gcc compiler'
arm-xilinx-eabi-gcc -Wall -O0 -g3 -c -fmessage-length=0 -I../../mem_test_bsp/ps7_cortexa9_0/include -MMD -MP -MF"src/memory_config_g.d" -MT"src/memory_config_g.d" -o "src/memory_config_g.o" "../src/memory_config_g.c"
'Finished building: ../src/memory_config_g.c'
' '
'Building file: ../src/memorytest.c'
'Invoking: ARM gcc compiler'
arm-xilinx-eabi-gcc -Wall -O0 -g3 -c -fmessage-length=0 -I../../mem_test_bsp/ps7_cortexa9_0/include -MMD -MP -MF"src/memorytest.d" -MT"src/memorytest.d" -o "src/memorytest.o" "../src/memorytest.c"
'Finished building: ../src/memorytest.c'
' '
'Building file: ../src/platform.c'
'Invoking: ARM gcc compiler'
arm-xilinx-eabi-gcc -Wall -O0 -g3 -c -fmessage-length=0 -I../../mem_test_bsp/ps7_cortexa9_0/include -MMD -MP -MF"src/platform.d" -MT"src/platform.d" -o "src/platform.o" "../src/platform.c"
'Finished building: ../src/platform.c'
' '
'Building target: mem_test.elf'
'Invoking: ARM gcc linker'
arm-xilinx-eabi-gcc -Wl,-T -Wl,../src/lscript.ld -L../../mem_test_bsp/ps7_cortexa9_0/lib -o "mem_test.elf"  ./src/memory_config_g.o ./src/memorytest.o ./src/platform.o   -Wl,--start-group,-lxil,-lgcc,-lc,--end-group
'Finished building target: mem_test.elf'
' '
'Invoking: ARM Print Size'
arm-xilinx-eabi-size mem_test.elf  |tee "mem_test.elf.size"
   text	   data	    bss	    dec	    hex	filename
  26144	   1136	  21604	  48884	   bef4	mem_test.elf
'Finished building: mem_test.elf.size'
' '
21:41:52 **** Build of project ethernet_test_bsp ****
make -k all 
libgen -hw ../sensor_hw_platform/system.xml\
	       \
	       -pe ps7_cortexa9_0 \
	       -log libgen.log \
	       system.mss
libgen
Xilinx EDK 14.7 Build EDK_P.20131013
Copyright (c) 1995-2012 Xilinx, Inc.  All rights reserved.

Command Line: libgen -hw ../sensor_hw_platform/system.xml -pe ps7_cortexa9_0
-log libgen.log system.mss 


Staging source files.
Running DRCs.
Runnning DRC for lwIP library... 



lwIP can be used with the following EMAC peripherals found in your system:
ps7_ethernet_0

Running generate.
Little Endian system

Running post_generate.
Running include - 'make -s include "COMPILER=arm-xilinx-eabi-gcc"
"ARCHIVER=arm-xilinx-eabi-ar" "COMPILER_FLAGS= -O2 -c"
"EXTRA_COMPILER_FLAGS=-g"'.

Running libs - 'make -s libs "COMPILER=arm-xilinx-eabi-gcc"
"ARCHIVER=arm-xilinx-eabi-ar" "COMPILER_FLAGS= -O2 -c"
"EXTRA_COMPILER_FLAGS=-g"'.
"Compiling standalone"
arm-xilinx-eabi-ar: creating ../../../lib/libxil.a
"Compiling lwIP"
"Compiling lwIP adapter for Xilinx MAC"
"Creating archive liblwip4.a"
"Compiling devcfg"
"Compiling dmaps"
"Compiling emacps"
"Compiling gpiops"
"Compiling iicps"
"Compiling qspips"
"Compiling scugic"
"Compiling scutimer"
"Compiling scuwdt"
"Compiling uartps"
"Compiling usbps"
"Compiling xadcps"
"Compiling cpu_cortexa9"
Running execs_generate.
'Finished building libraries'
21:42:40 **** Build of configuration Debug for project ethernet_test ****
make all 
'Building file: ../src/echo.c'
'Invoking: ARM gcc compiler'
arm-xilinx-eabi-gcc -Wall -O2 -g3 -c -fmessage-length=0 -I../../ethernet_test_bsp/ps7_cortexa9_0/include -MMD -MP -MF"src/echo.d" -MT"src/echo.d" -o "src/echo.o" "../src/echo.c"
../src/echo.c:93:1: warning: 'txperf_sent_callback1' defined but not used [-Wunused-function]
'Finished building: ../src/echo.c'
' '
'Building file: ../src/main.c'
'Invoking: ARM gcc compiler'
arm-xilinx-eabi-gcc -Wall -O2 -g3 -c -fmessage-length=0 -I../../ethernet_test_bsp/ps7_cortexa9_0/include -MMD -MP -MF"src/main.d" -MT"src/main.d" -o "src/main.o" "../src/main.c"
'Finished building: ../src/main.c'
' '
'Building file: ../src/platform.c'
'Invoking: ARM gcc compiler'
arm-xilinx-eabi-gcc -Wall -O2 -g3 -c -fmessage-length=0 -I../../ethernet_test_bsp/ps7_cortexa9_0/include -MMD -MP -MF"src/platform.d" -MT"src/platform.d" -o "src/platform.o" "../src/platform.c"
'Finished building: ../src/platform.c'
' '
'Building file: ../src/platform_mb.c'
'Invoking: ARM gcc compiler'
arm-xilinx-eabi-gcc -Wall -O2 -g3 -c -fmessage-length=0 -I../../ethernet_test_bsp/ps7_cortexa9_0/include -MMD -MP -MF"src/platform_mb.d" -MT"src/platform_mb.d" -o "src/platform_mb.o" "../src/platform_mb.c"
'Finished building: ../src/platform_mb.c'
' '
'Building file: ../src/platform_ppc.c'
'Invoking: ARM gcc compiler'
arm-xilinx-eabi-gcc -Wall -O2 -g3 -c -fmessage-length=0 -I../../ethernet_test_bsp/ps7_cortexa9_0/include -MMD -MP -MF"src/platform_ppc.d" -MT"src/platform_ppc.d" -o "src/platform_ppc.o" "../src/platform_ppc.c"
'Finished building: ../src/platform_ppc.c'
' '
'Building file: ../src/platform_zynq.c'
'Invoking: ARM gcc compiler'
arm-xilinx-eabi-gcc -Wall -O2 -g3 -c -fmessage-length=0 -I../../ethernet_test_bsp/ps7_cortexa9_0/include -MMD -MP -MF"src/platform_zynq.d" -MT"src/platform_zynq.d" -o "src/platform_zynq.o" "../src/platform_zynq.c"
'Finished building: ../src/platform_zynq.c'
' '
'Building target: ethernet_test.elf'
'Invoking: ARM gcc linker'
arm-xilinx-eabi-gcc -Wl,-T -Wl,../src/lscript.ld -L../../ethernet_test_bsp/ps7_cortexa9_0/lib -o "ethernet_test.elf"  ./src/echo.o ./src/main.o ./src/platform.o ./src/platform_mb.o ./src/platform_ppc.o ./src/platform_zynq.o   -Wl,--start-group,-lxil,-lgcc,-lc,--end-group -Wl,--start-group,-lxil,-llwip4,-lgcc,-lc,--end-group
'Finished building target: ethernet_test.elf'
' '
'Invoking: ARM Print Size'
arm-xilinx-eabi-size ethernet_test.elf  |tee "ethernet_test.elf.size"
   text	   data	    bss	    dec	    hex	filename
 117972	   3104	10285804	10406880	 9ecbe0	ethernet_test.elf
'Finished building: ethernet_test.elf.size'
' '
21:42:44 **** Build of project cortexa9_test_bsp ****
make -k all 
libgen -hw ../sensor_hw_platform/system.xml\
	       \
	       -pe ps7_cortexa9_0 \
	       -log libgen.log \
	       system.mss
libgen
Xilinx EDK 14.7 Build EDK_P.20131013
Copyright (c) 1995-2012 Xilinx, Inc.  All rights reserved.

Command Line: libgen -hw ../sensor_hw_platform/system.xml -pe ps7_cortexa9_0
-log libgen.log system.mss 


Staging source files.
Running DRCs.
Running generate.
Running post_generate.
Running include - 'make -s include "COMPILER=arm-xilinx-eabi-gcc"
"ARCHIVER=arm-xilinx-eabi-ar" "COMPILER_FLAGS= -O2 -c"
"EXTRA_COMPILER_FLAGS=-g"'.

Running libs - 'make -s libs "COMPILER=arm-xilinx-eabi-gcc"
"ARCHIVER=arm-xilinx-eabi-ar" "COMPILER_FLAGS= -O2 -c"
"EXTRA_COMPILER_FLAGS=-g"'.
"Compiling standalone"
arm-xilinx-eabi-ar: creating ../../../lib/libxil.a
"Compiling devcfg"
"Compiling dmaps"
"Compiling emacps"
"Compiling gpiops"
"Compiling iicps"
"Compiling qspips"
"Compiling scugic"
"Compiling scutimer"
"Compiling scuwdt"
"Compiling uartps"
"Compiling usbps"
"Compiling xadcps"
"Compiling cpu_cortexa9"
Running execs_generate.
'Finished building libraries'
21:43:16 **** Build of configuration Debug for project cortexa9_test ****
make all 
'Building file: ../src/helloworld.c'
'Invoking: ARM gcc compiler'
arm-xilinx-eabi-gcc -Wall -O0 -g3 -c -fmessage-length=0 -I../../cortexa9_test_bsp/ps7_cortexa9_0/include -MMD -MP -MF"src/helloworld.d" -MT"src/helloworld.d" -o "src/helloworld.o" "../src/helloworld.c"
../src/helloworld.c: In function 'main':
../src/helloworld.c:59:6: warning: implicit declaration of function 'xil_printf' [-Wimplicit-function-declaration]
'Finished building: ../src/helloworld.c'
' '
'Building file: ../src/platform.c'
'Invoking: ARM gcc compiler'
arm-xilinx-eabi-gcc -Wall -O0 -g3 -c -fmessage-length=0 -I../../cortexa9_test_bsp/ps7_cortexa9_0/include -MMD -MP -MF"src/platform.d" -MT"src/platform.d" -o "src/platform.o" "../src/platform.c"
'Finished building: ../src/platform.c'
' '
'Building target: cortexa9_test.elf'
'Invoking: ARM gcc linker'
arm-xilinx-eabi-gcc -Wl,-T -Wl,../src/lscript.ld -L../../cortexa9_test_bsp/ps7_cortexa9_0/lib -o "cortexa9_test.elf"  ./src/helloworld.o ./src/platform.o   -Wl,--start-group,-lxil,-lgcc,-lc,--end-group
'Finished building target: cortexa9_test.elf'
' '
'Invoking: ARM Print Size'
arm-xilinx-eabi-size cortexa9_test.elf  |tee "cortexa9_test.elf.size"
   text	   data	    bss	    dec	    hex	filename
  25060	   1104	  29796	  55960	   da98	cortexa9_test.elf
'Finished building: cortexa9_test.elf.size'
' '
21:43:17 **** Build of project test_bsp ****
make -k all 
libgen -hw ../sensor_hw_platform/system.xml\
	       \
	       -pe microblaze_0 \
	       -log libgen.log \
	       system.mss
libgen
Xilinx EDK 14.7 Build EDK_P.20131013
Copyright (c) 1995-2012 Xilinx, Inc.  All rights reserved.

Command Line: libgen -hw ../sensor_hw_platform/system.xml -pe microblaze_0 -log
libgen.log system.mss 


Staging source files.
Running DRCs.
Running generate.
Running post_generate.
Running include - 'make -s include "COMPILER=mb-gcc" "ARCHIVER=mb-ar"
"COMPILER_FLAGS=-mlittle-endian -mno-xl-soft-mul -mxl-barrel-shift
-mxl-pattern-compare -mcpu=v8.50.c  -O2 -c" "EXTRA_COMPILER_FLAGS=-g
-ffunction-sections -fdata-sections"'.

Running libs - 'make -s libs "COMPILER=mb-gcc" "ARCHIVER=mb-ar"
"COMPILER_FLAGS=-mlittle-endian -mno-xl-soft-mul -mxl-barrel-shift
-mxl-pattern-compare -mcpu=v8.50.c  -O2 -c" "EXTRA_COMPILER_FLAGS=-g
-ffunction-sections -fdata-sections"'.
"Compiling common"
"Compiling standalone";
"Compiling bram"
"Compiling cpu"
Running execs_generate.
'Finished building libraries'
21:43:28 **** Clean-only build of configuration Debug for project test ****
make clean 
rm -rf  ./src/helloworld.o ./src/platform.o  ./src/helloworld.d ./src/platform.d  test.elf.size  test.elf.elfcheck  test.elf
' '
21:43:28 **** Build of configuration Debug for project test ****
make all 
'Building file: ../src/helloworld.c'
'Invoking: MicroBlaze gcc compiler'
mb-gcc -Wall -O0 -g3 -c -fmessage-length=0 -I../../test_bsp/microblaze_0/include -mlittle-endian -mxl-barrel-shift -mxl-pattern-compare -mcpu=v8.50.c -mno-xl-soft-mul -Wl,--no-relax -ffunction-sections -fdata-sections -MMD -MP -MF"src/helloworld.d" -MT"src/helloworld.d" -o "src/helloworld.o" "../src/helloworld.c"
../src/helloworld.c: In function 'main':
../src/helloworld.c:45:9: warning: unused variable 'c' [-Wunused-variable]
'Finished building: ../src/helloworld.c'
' '
'Building file: ../src/platform.c'
'Invoking: MicroBlaze gcc compiler'
mb-gcc -Wall -O0 -g3 -c -fmessage-length=0 -I../../test_bsp/microblaze_0/include -mlittle-endian -mxl-barrel-shift -mxl-pattern-compare -mcpu=v8.50.c -mno-xl-soft-mul -Wl,--no-relax -ffunction-sections -fdata-sections -MMD -MP -MF"src/platform.d" -MT"src/platform.d" -o "src/platform.o" "../src/platform.c"
'Finished building: ../src/platform.c'
' '
'Building target: test.elf'
'Invoking: MicroBlaze gcc linker'
mb-gcc -Wl,-T -Wl,../src/lscript.ld -L../../test_bsp/microblaze_0/lib -mlittle-endian -mxl-barrel-shift -mxl-pattern-compare -mcpu=v8.50.c -mno-xl-soft-mul -Wl,--no-relax -Wl,--gc-sections -o "test.elf"  ./src/helloworld.o ./src/platform.o   -Wl,--start-group,-lxil,-lgcc,-lc,--end-group
'Finished building target: test.elf'
' '
'Invoking: MicroBlaze Print Size'
mb-size test.elf  |tee "test.elf.size"
   text	   data	    bss	    dec	    hex	filename
   2430	    268	   2084	   4782	   12ae	test.elf
'Finished building: test.elf.size'
' '
'Invoking: Xilinx ELF Check'
elfcheck test.elf -hw ../../sensor_hw_platform/system.xml -pe microblaze_0  |tee "test.elf.elfcheck"
elfcheck
Xilinx EDK 14.7 Build EDK_P.20131013
Copyright (c) 1995-2012 Xilinx, Inc.  All rights reserved.

Command Line: elfcheck -hw ../../sensor_hw_platform/system.xml -pe microblaze_0
test.elf 

ELF file	: test.elf
elfcheck passed.
'Finished building: test.elf.elfcheck'
' '
21:46:22 **** Auto Build of configuration Debug for project cortexa9_test ****
make all 
'Building file: ../src/helloworld.c'
'Invoking: ARM gcc compiler'
arm-xilinx-eabi-gcc -Wall -O0 -g3 -c -fmessage-length=0 -I../../cortexa9_test_bsp/ps7_cortexa9_0/include -MMD -MP -MF"src/helloworld.d" -MT"src/helloworld.d" -o "src/helloworld.o" "../src/helloworld.c"
../src/helloworld.c:39:6: error: conflicting types for 'print'
In file included from ../src/helloworld.c:37:0:
../../cortexa9_test_bsp/ps7_cortexa9_0/include/xil_printf.h:39:6: note: previous declaration of 'print' was here
make: *** [src/helloworld.o] ´íÎó 1
21:46:33 **** Auto Build of configuration Debug for project cortexa9_test ****
make all 
'Building file: ../src/helloworld.c'
'Invoking: ARM gcc compiler'
arm-xilinx-eabi-gcc -Wall -O0 -g3 -c -fmessage-length=0 -I../../cortexa9_test_bsp/ps7_cortexa9_0/include -MMD -MP -MF"src/helloworld.d" -MT"src/helloworld.d" -o "src/helloworld.o" "../src/helloworld.c"
../src/helloworld.c:37:23: fatal error: xil_print.h: No such file or directory
compilation terminated.
make: *** [src/helloworld.o] ´íÎó 1
21:46:42 **** Auto Build of configuration Debug for project cortexa9_test ****
make all 
'Building file: ../src/helloworld.c'
'Invoking: ARM gcc compiler'
arm-xilinx-eabi-gcc -Wall -O0 -g3 -c -fmessage-length=0 -I../../cortexa9_test_bsp/ps7_cortexa9_0/include -MMD -MP -MF"src/helloworld.d" -MT"src/helloworld.d" -o "src/helloworld.o" "../src/helloworld.c"
../src/helloworld.c:39:6: error: conflicting types for 'print'
In file included from ../../cortexa9_test_bsp/ps7_cortexa9_0/include/xil_io.h:74:0,
                 from ../src/helloworld.c:37:
../../cortexa9_test_bsp/ps7_cortexa9_0/include/xil_printf.h:39:6: note: previous declaration of 'print' was here
make: *** [src/helloworld.o] ´íÎó 1
21:47:07 **** Auto Build of configuration Debug for project cortexa9_test ****
make all 
'Building file: ../src/helloworld.c'
'Invoking: ARM gcc compiler'
arm-xilinx-eabi-gcc -Wall -O0 -g3 -c -fmessage-length=0 -I../../cortexa9_test_bsp/ps7_cortexa9_0/include -MMD -MP -MF"src/helloworld.d" -MT"src/helloworld.d" -o "src/helloworld.o" "../src/helloworld.c"
../src/helloworld.c: In function 'main':
../src/helloworld.c:62:6: warning: implicit declaration of function 'xil_printf' [-Wimplicit-function-declaration]
'Finished building: ../src/helloworld.c'
' '
'Building target: cortexa9_test.elf'
'Invoking: ARM gcc linker'
arm-xilinx-eabi-gcc -Wl,-T -Wl,../src/lscript.ld -L../../cortexa9_test_bsp/ps7_cortexa9_0/lib -o "cortexa9_test.elf"  ./src/helloworld.o ./src/platform.o   -Wl,--start-group,-lxil,-lgcc,-lc,--end-group
'Finished building target: cortexa9_test.elf'
' '
'Invoking: ARM Print Size'
arm-xilinx-eabi-size cortexa9_test.elf  |tee "cortexa9_test.elf.size"
   text	   data	    bss	    dec	    hex	filename
  25060	   1104	  29796	  55960	   da98	cortexa9_test.elf
'Finished building: cortexa9_test.elf.size'
' '
12:57:16 **** Build of project app_cpu_0_bsp ****
make -k all 
libgen -hw ../sensor_hw_platform/system.xml\
	       \
	       -pe ps7_cortexa9_0 \
	       -log libgen.log \
	       system.mss
libgen
Xilinx EDK 14.7 Build EDK_P.20131013
Copyright (c) 1995-2012 Xilinx, Inc.  All rights reserved.

Command Line: libgen -hw ../sensor_hw_platform/system.xml -pe ps7_cortexa9_0
-log libgen.log system.mss 


Staging source files.
Running DRCs.
Running generate.
Running post_generate.
Running include - 'make -s include "COMPILER=arm-xilinx-eabi-gcc"
"ARCHIVER=arm-xilinx-eabi-ar" "COMPILER_FLAGS= -O2 -c"
"EXTRA_COMPILER_FLAGS=-g"'.

Running libs - 'make -s libs "COMPILER=arm-xilinx-eabi-gcc"
"ARCHIVER=arm-xilinx-eabi-ar" "COMPILER_FLAGS= -O2 -c"
"EXTRA_COMPILER_FLAGS=-g"'.
"Compiling standalone"
arm-xilinx-eabi-ar: creating ../../../lib/libxil.a
"Compiling devcfg"
"Compiling dmaps"
"Compiling emacps"
"Compiling gpiops"
"Compiling iicps"
"Compiling qspips"
"Compiling scugic"
"Compiling scutimer"
"Compiling scuwdt"
"Compiling uartps"
"Compiling usbps"
"Compiling xadcps"
"Compiling cpu_cortexa9"
Running execs_generate.
'Finished building libraries'
12:57:47 **** Build of configuration Debug for project app_cpu_0 ****
make all 
'Building file: ../src/helloworld.c'
'Invoking: ARM gcc compiler'
arm-xilinx-eabi-gcc -Wall -O0 -g3 -c -fmessage-length=0 -I../../app_cpu_0_bsp/ps7_cortexa9_0/include -MMD -MP -MF"src/helloworld.d" -MT"src/helloworld.d" -o "src/helloworld.o" "../src/helloworld.c"
'Finished building: ../src/helloworld.c'
' '
'Building file: ../src/platform.c'
'Invoking: ARM gcc compiler'
arm-xilinx-eabi-gcc -Wall -O0 -g3 -c -fmessage-length=0 -I../../app_cpu_0_bsp/ps7_cortexa9_0/include -MMD -MP -MF"src/platform.d" -MT"src/platform.d" -o "src/platform.o" "../src/platform.c"
'Finished building: ../src/platform.c'
' '
'Building target: app_cpu_0.elf'
'Invoking: ARM gcc linker'
arm-xilinx-eabi-gcc -Wl,-T -Wl,../src/lscript.ld -L../../app_cpu_0_bsp/ps7_cortexa9_0/lib -o "app_cpu_0.elf"  ./src/helloworld.o ./src/platform.o   -Wl,--start-group,-lxil,-lgcc,-lc,--end-group
'Finished building target: app_cpu_0.elf'
' '
'Invoking: ARM Print Size'
arm-xilinx-eabi-size app_cpu_0.elf  |tee "app_cpu_0.elf.size"
   text	   data	    bss	    dec	    hex	filename
  22872	   1096	  29780	  53748	   d1f4	app_cpu_0.elf
'Finished building: app_cpu_0.elf.size'
' '
13:07:52 **** Build of project app_cpu_1_bsp ****
make -k all 
libgen -hw ../sensor_hw_platform/system.xml\
	       \
	       -pe ps7_cortexa9_1 \
	       -log libgen.log \
	       system.mss
libgen
Xilinx EDK 14.7 Build EDK_P.20131013
Copyright (c) 1995-2012 Xilinx, Inc.  All rights reserved.

Command Line: libgen -hw ../sensor_hw_platform/system.xml -pe ps7_cortexa9_1
-log libgen.log system.mss 


Staging source files.
Running DRCs.
Running generate.
Running post_generate.
Running include - 'make -s include "COMPILER=arm-xilinx-eabi-gcc"
"ARCHIVER=arm-xilinx-eabi-ar" "COMPILER_FLAGS= -O2 -c"
"EXTRA_COMPILER_FLAGS=-g"'.

Running libs - 'make -s libs "COMPILER=arm-xilinx-eabi-gcc"
"ARCHIVER=arm-xilinx-eabi-ar" "COMPILER_FLAGS= -O2 -c"
"EXTRA_COMPILER_FLAGS=-g"'.
"Compiling standalone"
arm-xilinx-eabi-ar: creating ../../../lib/libxil.a
"Compiling devcfg"
"Compiling dmaps"
"Compiling emacps"
"Compiling gpiops"
"Compiling iicps"
"Compiling qspips"
"Compiling scugic"
"Compiling scutimer"
"Compiling scuwdt"
"Compiling uartps"
"Compiling usbps"
"Compiling xadcps"
"Compiling cpu_cortexa9"
Running execs_generate.
'Finished building libraries'
13:08:20 **** Build of configuration Debug for project app_cpu_1 ****
make all 
'Building file: ../src/helloworld.c'
'Invoking: ARM gcc compiler'
arm-xilinx-eabi-gcc -Wall -O0 -g3 -c -fmessage-length=0 -I../../app_cpu_1_bsp/ps7_cortexa9_1/include -MMD -MP -MF"src/helloworld.d" -MT"src/helloworld.d" -o "src/helloworld.o" "../src/helloworld.c"
'Finished building: ../src/helloworld.c'
' '
'Building file: ../src/platform.c'
'Invoking: ARM gcc compiler'
arm-xilinx-eabi-gcc -Wall -O0 -g3 -c -fmessage-length=0 -I../../app_cpu_1_bsp/ps7_cortexa9_1/include -MMD -MP -MF"src/platform.d" -MT"src/platform.d" -o "src/platform.o" "../src/platform.c"
'Finished building: ../src/platform.c'
' '
'Building target: app_cpu_1.elf'
'Invoking: ARM gcc linker'
arm-xilinx-eabi-gcc -Wl,-T -Wl,../src/lscript.ld -L../../app_cpu_1_bsp/ps7_cortexa9_1/lib -o "app_cpu_1.elf"  ./src/helloworld.o ./src/platform.o   -Wl,--start-group,-lxil,-lgcc,-lc,--end-group
'Finished building target: app_cpu_1.elf'
' '
'Invoking: ARM Print Size'
arm-xilinx-eabi-size app_cpu_1.elf  |tee "app_cpu_1.elf.size"
   text	   data	    bss	    dec	    hex	filename
  22872	   1096	  29780	  53748	   d1f4	app_cpu_1.elf
'Finished building: app_cpu_1.elf.size'
' '
13:10:03 **** Build of project app_cpu_1_bsp ****
make -k all 
libgen -hw ../sensor_hw_platform/system.xml\
	       \
	       -pe ps7_cortexa9_1 \
	       -log libgen.log \
	       system.mss
libgen
Xilinx EDK 14.7 Build EDK_P.20131013
Copyright (c) 1995-2012 Xilinx, Inc.  All rights reserved.

Command Line: libgen -hw ../sensor_hw_platform/system.xml -pe ps7_cortexa9_1
-log libgen.log system.mss 


Staging source files.
Running DRCs.
Running generate.
Running post_generate.
Running include - 'make -s include "COMPILER=arm-xilinx-eabi-gcc"
"ARCHIVER=arm-xilinx-eabi-ar" "COMPILER_FLAGS= -O2 -c"
"EXTRA_COMPILER_FLAGS=-g"'.

Running libs - 'make -s libs "COMPILER=arm-xilinx-eabi-gcc"
"ARCHIVER=arm-xilinx-eabi-ar" "COMPILER_FLAGS= -O2 -c"
"EXTRA_COMPILER_FLAGS=-g"'.
"Compiling standalone"
arm-xilinx-eabi-ar: creating ../../../lib/libxil.a
"Compiling devcfg"
"Compiling dmaps"
"Compiling emacps"
"Compiling gpiops"
"Compiling iicps"
"Compiling qspips"
"Compiling scugic"
"Compiling scutimer"
"Compiling scuwdt"
"Compiling uartps"
"Compiling usbps"
"Compiling xadcps"
"Compiling cpu_cortexa9"
Running execs_generate.
'Finished building libraries'
13:10:31 **** Build of configuration Debug for project app_cpu_1 ****
make all 
'Building file: ../src/helloworld.c'
'Invoking: ARM gcc compiler'
arm-xilinx-eabi-gcc -Wall -O0 -g3 -c -fmessage-length=0 -I../../app_cpu_1_bsp/ps7_cortexa9_1/include -MMD -MP -MF"src/helloworld.d" -MT"src/helloworld.d" -o "src/helloworld.o" "../src/helloworld.c"
'Finished building: ../src/helloworld.c'
' '
'Building file: ../src/platform.c'
'Invoking: ARM gcc compiler'
arm-xilinx-eabi-gcc -Wall -O0 -g3 -c -fmessage-length=0 -I../../app_cpu_1_bsp/ps7_cortexa9_1/include -MMD -MP -MF"src/platform.d" -MT"src/platform.d" -o "src/platform.o" "../src/platform.c"
'Finished building: ../src/platform.c'
' '
'Building target: app_cpu_1.elf'
'Invoking: ARM gcc linker'
arm-xilinx-eabi-gcc -Wl,-T -Wl,../src/lscript.ld -L../../app_cpu_1_bsp/ps7_cortexa9_1/lib -o "app_cpu_1.elf"  ./src/helloworld.o ./src/platform.o   -Wl,--start-group,-lxil,-lgcc,-lc,--end-group
'Finished building target: app_cpu_1.elf'
' '
'Invoking: ARM Print Size'
arm-xilinx-eabi-size app_cpu_1.elf  |tee "app_cpu_1.elf.size"
   text	   data	    bss	    dec	    hex	filename
  22872	   1096	  29780	  53748	   d1f4	app_cpu_1.elf
'Finished building: app_cpu_1.elf.size'
' '
13:13:23 **** Clean-only build of project app_cpu_1_bsp ****
make -k clean 
rm -rf ps7_cortexa9_1
13:13:24 **** Build of project app_cpu_1_bsp ****
make -k all 
libgen -hw ../sensor_hw_platform/system.xml\
	       \
	       -pe ps7_cortexa9_1 \
	       -log libgen.log \
	       system.mss
libgen
Xilinx EDK 14.7 Build EDK_P.20131013
Copyright (c) 1995-2012 Xilinx, Inc.  All rights reserved.

Command Line: libgen -hw ../sensor_hw_platform/system.xml -pe ps7_cortexa9_1
-log libgen.log system.mss 


Staging source files.
Running DRCs.
Running generate.
Running post_generate.
Running include - 'make -s include "COMPILER=arm-xilinx-eabi-gcc"
"ARCHIVER=arm-xilinx-eabi-ar" "COMPILER_FLAGS= -O2 -c" "EXTRA_COMPILER_FLAGS=-g
-DUSE-AMP=1"'.

Running libs - 'make -s libs "COMPILER=arm-xilinx-eabi-gcc"
"ARCHIVER=arm-xilinx-eabi-ar" "COMPILER_FLAGS= -O2 -c" "EXTRA_COMPILER_FLAGS=-g
-DUSE-AMP=1"'.
"Compiling standalone"
<command-line>:0:4: warning: missing whitespace after the macro name [enabled by default]
<command-line>:0:4: warning: missing whitespace after the macro name [enabled by default]
<command-line>:0:4: warning: missing whitespace after the macro name [enabled by default]
<command-line>:0:4: warning: missing whitespace after the macro name [enabled by default]
<command-line>:0:4: warning: missing whitespace after the macro name [enabled by default]
<command-line>:0:4: warning: missing whitespace after the macro name [enabled by default]
<command-line>:0:4: warning: missing whitespace after the macro name [enabled by default]
<command-line>:0:4: warning: missing whitespace after the macro name [enabled by default]
<command-line>:0:4: warning: missing whitespace after the macro name [enabled by default]
<command-line>:0:4: warning: missing whitespace after the macro name [enabled by default]
<command-line>:0:4: warning: missing whitespace after the macro name [enabled by default]
<command-line>:0:4: warning: missing whitespace after the macro name [enabled by default]
<command-line>:0:4: warning: missing whitespace after the macro name [enabled by default]
<command-line>:0:4: warning: missing whitespace after the macro name [enabled by default]
<command-line>:0:4: warning: missing whitespace after the macro name [enabled by default]
<command-line>:0:4: warning: missing whitespace after the macro name [enabled by default]
<command-line>:0:4: warning: missing whitespace after the macro name [enabled by default]
<command-line>:0:4: warning: missing whitespace after the macro name [enabled by default]
[...]
../src/rs255239.c:286:6: warning: passing argument 1 of 'rs255239_encode' discards 'volatile' qualifier from pointer target type [enabled by default]
../src/rs255239.c:171:6: note: expected 'uint8_t *' but argument is of type 'volatile u8 *'
'Finished building: ../src/rs255239.c'
' '
'Building target: app_cpu_1.elf'
'Invoking: ARM gcc linker'
arm-xilinx-eabi-gcc -Wl,-T -Wl,../src/lscript.ld -L../../app_cpu_1_bsp/ps7_cortexa9_1/lib -o "app_cpu_1.elf"  ./src/platform.o ./src/rs255239.o   -Wl,--start-group,-lxil,-lgcc,-lc,--end-group
'Finished building target: app_cpu_1.elf'
' '
'Invoking: ARM Print Size'
arm-xilinx-eabi-size app_cpu_1.elf  |tee "app_cpu_1.elf.size"
   text	   data	    bss	    dec	    hex	filename
  44096	   1096	3151720	3196912	 30c7f0	app_cpu_1.elf
'Finished building: app_cpu_1.elf.size'
' '
20:46:50 **** Auto Build of configuration Debug for project app_cpu_1 ****
make all 
'Building file: ../src/rs255239.c'
'Invoking: ARM gcc compiler'
arm-xilinx-eabi-gcc -Wall -pedantic -O3 -march=armv7-a -mtune=cortex-a9 -g3 -c -fmessage-length=0 -std=c99 -I../../app_cpu_1_bsp/ps7_cortexa9_1/include -MMD -MP -MF"src/rs255239.d" -MT"src/rs255239.d" -o "src/rs255239.o" "../src/rs255239.c"
../src/rs255239.c: In function 'rs255239_encode':
../src/rs255239.c:173:5: warning: passing argument 2 of 'memcpy' discards 'volatile' qualifier from pointer target type [enabled by default]
In file included from ../../app_cpu_1_bsp/ps7_cortexa9_1/include/xil_printf.h:9:0,
                 from ../../app_cpu_1_bsp/ps7_cortexa9_1/include/xil_io.h:74,
                 from ../src/rs255239.c:45:
c:\xilinx\14.7\ise_ds\edk\gnu\arm\nt\bin\../lib/gcc/arm-xilinx-eabi/4.7.3/../../../../arm-xilinx-eabi/include/string.h:24:8: note: expected 'const void *' but argument is of type 'volatile uint8_t *'
'Finished building: ../src/rs255239.c'
' '
'Building target: app_cpu_1.elf'
'Invoking: ARM gcc linker'
arm-xilinx-eabi-gcc -Wl,-T -Wl,../src/lscript.ld -L../../app_cpu_1_bsp/ps7_cortexa9_1/lib -o "app_cpu_1.elf"  ./src/platform.o ./src/rs255239.o   -Wl,--start-group,-lxil,-lgcc,-lc,--end-group
'Finished building target: app_cpu_1.elf'
' '
'Invoking: ARM Print Size'
arm-xilinx-eabi-size app_cpu_1.elf  |tee "app_cpu_1.elf.size"
   text	   data	    bss	    dec	    hex	filename
  44096	   1096	3151720	3196912	 30c7f0	app_cpu_1.elf
'Finished building: app_cpu_1.elf.size'
' '
20:48:54 **** Auto Build of configuration Debug for project app_cpu_1 ****
make all 
'Building file: ../src/rs255239.c'
'Invoking: ARM gcc compiler'
arm-xilinx-eabi-gcc -Wall -pedantic -O3 -march=armv7-a -mtune=cortex-a9 -g3 -c -fmessage-length=0 -std=c99 -I../../app_cpu_1_bsp/ps7_cortexa9_1/include -MMD -MP -MF"src/rs255239.d" -MT"src/rs255239.d" -o "src/rs255239.o" "../src/rs255239.c"
'Finished building: ../src/rs255239.c'
' '
'Building target: app_cpu_1.elf'
'Invoking: ARM gcc linker'
arm-xilinx-eabi-gcc -Wl,-T -Wl,../src/lscript.ld -L../../app_cpu_1_bsp/ps7_cortexa9_1/lib -o "app_cpu_1.elf"  ./src/platform.o ./src/rs255239.o   -Wl,--start-group,-lxil,-lgcc,-lc,--end-group
'Finished building target: app_cpu_1.elf'
' '
'Invoking: ARM Print Size'
arm-xilinx-eabi-size app_cpu_1.elf  |tee "app_cpu_1.elf.size"
   text	   data	    bss	    dec	    hex	filename
  44096	   1096	3151720	3196912	 30c7f0	app_cpu_1.elf
'Finished building: app_cpu_1.elf.size'
' '
20:50:50 **** Auto Build of configuration Debug for project app_cpu_1 ****
make all 
'Building file: ../src/rs255239.c'
'Invoking: ARM gcc compiler'
arm-xilinx-eabi-gcc -Wall -pedantic -O3 -march=armv7-a -mtune=cortex-a9 -g3 -c -fmessage-length=0 -std=c99 -I../../app_cpu_1_bsp/ps7_cortexa9_1/include -MMD -MP -MF"src/rs255239.d" -MT"src/rs255239.d" -o "src/rs255239.o" "../src/rs255239.c"
'Finished building: ../src/rs255239.c'
' '
'Building target: app_cpu_1.elf'
'Invoking: ARM gcc linker'
arm-xilinx-eabi-gcc -Wl,-T -Wl,../src/lscript.ld -L../../app_cpu_1_bsp/ps7_cortexa9_1/lib -o "app_cpu_1.elf"  ./src/platform.o ./src/rs255239.o   -Wl,--start-group,-lxil,-lgcc,-lc,--end-group
'Finished building target: app_cpu_1.elf'
' '
'Invoking: ARM Print Size'
arm-xilinx-eabi-size app_cpu_1.elf  |tee "app_cpu_1.elf.size"
   text	   data	    bss	    dec	    hex	filename
  44112	   1096	3151720	3196928	 30c800	app_cpu_1.elf
'Finished building: app_cpu_1.elf.size'
' '
20:52:05 **** Auto Build of project mem_test_bsp ****
make -k all 
'Finished building libraries'
20:52:05 **** Auto Build of project ethernet_test_bsp ****
make -k all 
'Finished building libraries'
20:52:05 **** Auto Build of project cortexa9_test_bsp ****
make -k all 
'Finished building libraries'
20:52:05 **** Auto Build of project app_mb_0_bsp ****
make -k all 
'Finished building libraries'
20:52:06 **** Auto Build of project app_cpu_1_bsp ****
make -k all 
'Finished building libraries'
20:52:06 **** Auto Build of project app_cpu_0_bsp ****
make -k all 
'Finished building libraries'
20:52:41 **** Incremental Build of configuration Debug for project mem_test ****
make all 
make: Nothing to be done for `all'.
20:52:42 **** Incremental Build of configuration Debug for project ethernet_test ****
make all 
make: Nothing to be done for `all'.
20:52:43 **** Incremental Build of configuration Debug for project cortexa9_test ****
make all 
make: Nothing to be done for `all'.
20:52:44 **** Incremental Build of configuration Debug for project app_mb_0 ****
make all 
make: Nothing to be done for `all'.
20:52:44 **** Incremental Build of configuration Debug for project app_cpu_1 ****
make all 
make: Nothing to be done for `all'.
20:52:45 **** Incremental Build of configuration Debug for project app_cpu_0 ****
make all 
make: Nothing to be done for `all'.
20:53:06 **** Incremental Build of configuration Debug for project mem_test ****
make all 
make: Nothing to be done for `all'.
20:53:07 **** Incremental Build of configuration Debug for project ethernet_test ****
make all 
make: Nothing to be done for `all'.
20:53:08 **** Incremental Build of configuration Debug for project cortexa9_test ****
make all 
make: Nothing to be done for `all'.
20:53:09 **** Incremental Build of configuration Debug for project app_mb_0 ****
make all 
make: Nothing to be done for `all'.
20:53:10 **** Incremental Build of configuration Debug for project app_cpu_1 ****
make all 
make: Nothing to be done for `all'.
20:53:11 **** Incremental Build of configuration Debug for project app_cpu_0 ****
make all 
make: Nothing to be done for `all'.
20:55:29 **** Auto Build of configuration Debug for project app_cpu_0 ****
make all 
'Building file: ../src/activate.c'
'Invoking: ARM gcc compiler'
arm-xilinx-eabi-gcc -Wall -O0 -g3 -c -fmessage-length=0 -I../../app_cpu_0_bsp/ps7_cortexa9_0/include -MMD -MP -MF"src/activate.d" -MT"src/activate.d" -o "src/activate.o" "../src/activate.c"
'Finished building: ../src/activate.c'
' '
'Building target: app_cpu_0.elf'
'Invoking: ARM gcc linker'
arm-xilinx-eabi-gcc -Wl,-T -Wl,../src/lscript.ld -L../../app_cpu_0_bsp/ps7_cortexa9_0/lib -o "app_cpu_0.elf"  ./src/activate.o ./src/platform.o   -Wl,--start-group,-lxil,-lgcc,-lc,--end-group
'Finished building target: app_cpu_0.elf'
' '
'Invoking: ARM Print Size'
arm-xilinx-eabi-size app_cpu_0.elf  |tee "app_cpu_0.elf.size"
   text	   data	    bss	    dec	    hex	filename
  23168	   1096	  29780	  54044	   d31c	app_cpu_0.elf
'Finished building: app_cpu_0.elf.size'
' '
20:55:52 **** Auto Build of project mem_test_bsp ****
make -k all 
'Finished building libraries'
20:55:53 **** Auto Build of project ethernet_test_bsp ****
make -k all 
'Finished building libraries'
20:55:53 **** Auto Build of project cortexa9_test_bsp ****
make -k all 
'Finished building libraries'
20:55:53 **** Auto Build of project app_mb_0_bsp ****
make -k all 
'Finished building libraries'
20:55:53 **** Auto Build of project app_cpu_1_bsp ****
make -k all 
'Finished building libraries'
20:55:54 **** Auto Build of project app_cpu_0_bsp ****
make -k all 
'Finished building libraries'
20:56:42 **** Auto Build of configuration Debug for project app_cpu_1 ****
make all 
'Building file: ../src/rs255239.c'
'Invoking: ARM gcc compiler'
arm-xilinx-eabi-gcc -Wall -pedantic -O3 -march=armv7-a -mtune=cortex-a9 -g3 -c -fmessage-length=0 -std=c99 -I../../app_cpu_1_bsp/ps7_cortexa9_1/include -MMD -MP -MF"src/rs255239.d" -MT"src/rs255239.d" -o "src/rs255239.o" "../src/rs255239.c"
'Finished building: ../src/rs255239.c'
' '
'Building target: app_cpu_1.elf'
'Invoking: ARM gcc linker'
arm-xilinx-eabi-gcc -Wl,-T -Wl,../src/lscript.ld -L../../app_cpu_1_bsp/ps7_cortexa9_1/lib -o "app_cpu_1.elf"  ./src/platform.o ./src/rs255239.o   -Wl,--start-group,-lxil,-lgcc,-lc,--end-group
'Finished building target: app_cpu_1.elf'
' '
'Invoking: ARM Print Size'
arm-xilinx-eabi-size app_cpu_1.elf  |tee "app_cpu_1.elf.size"
   text	   data	    bss	    dec	    hex	filename
  44096	   1096	3151720	3196912	 30c7f0	app_cpu_1.elf
'Finished building: app_cpu_1.elf.size'
' '
20:57:17 **** Auto Build of configuration Debug for project app_cpu_1 ****
make all 
'Building file: ../src/rs255239.c'
'Invoking: ARM gcc compiler'
arm-xilinx-eabi-gcc -Wall -pedantic -O3 -march=armv7-a -mtune=cortex-a9 -g3 -c -fmessage-length=0 -std=c99 -I../../app_cpu_1_bsp/ps7_cortexa9_1/include -MMD -MP -MF"src/rs255239.d" -MT"src/rs255239.d" -o "src/rs255239.o" "../src/rs255239.c"
'Finished building: ../src/rs255239.c'
' '
'Building target: app_cpu_1.elf'
'Invoking: ARM gcc linker'
arm-xilinx-eabi-gcc -Wl,-T -Wl,../src/lscript.ld -L../../app_cpu_1_bsp/ps7_cortexa9_1/lib -o "app_cpu_1.elf"  ./src/platform.o ./src/rs255239.o   -Wl,--start-group,-lxil,-lgcc,-lc,--end-group
'Finished building target: app_cpu_1.elf'
' '
'Invoking: ARM Print Size'
arm-xilinx-eabi-size app_cpu_1.elf  |tee "app_cpu_1.elf.size"
   text	   data	    bss	    dec	    hex	filename
  44112	   1096	3151720	3196928	 30c800	app_cpu_1.elf
'Finished building: app_cpu_1.elf.size'
' '
20:57:19 **** Auto Build of configuration Debug for project app_cpu_0 ****
make all 
'Building file: ../src/activate.c'
'Invoking: ARM gcc compiler'
arm-xilinx-eabi-gcc -Wall -O0 -g3 -c -fmessage-length=0 -I../../app_cpu_0_bsp/ps7_cortexa9_0/include -MMD -MP -MF"src/activate.d" -MT"src/activate.d" -o "src/activate.o" "../src/activate.c"
'Finished building: ../src/activate.c'
' '
'Building target: app_cpu_0.elf'
'Invoking: ARM gcc linker'
arm-xilinx-eabi-gcc -Wl,-T -Wl,../src/lscript.ld -L../../app_cpu_0_bsp/ps7_cortexa9_0/lib -o "app_cpu_0.elf"  ./src/activate.o ./src/platform.o   -Wl,--start-group,-lxil,-lgcc,-lc,--end-group
'Finished building target: app_cpu_0.elf'
' '
'Invoking: ARM Print Size'
arm-xilinx-eabi-size app_cpu_0.elf  |tee "app_cpu_0.elf.size"
   text	   data	    bss	    dec	    hex	filename
  23168	   1096	  29780	  54044	   d31c	app_cpu_0.elf
'Finished building: app_cpu_0.elf.size'
' '
20:58:05 **** Auto Build of project mem_test_bsp ****
make -k all 
'Finished building libraries'
20:58:05 **** Auto Build of project ethernet_test_bsp ****
make -k all 
'Finished building libraries'
20:58:06 **** Auto Build of project cortexa9_test_bsp ****
make -k all 
'Finished building libraries'
20:58:06 **** Auto Build of project app_mb_0_bsp ****
make -k all 
'Finished building libraries'
20:58:06 **** Auto Build of project app_cpu_1_bsp ****
make -k all 
'Finished building libraries'
20:58:06 **** Auto Build of project app_cpu_0_bsp ****
make -k all 
'Finished building libraries'
20:58:12 **** Incremental Build of configuration Debug for project mem_test ****
make all 
make: Nothing to be done for `all'.
20:58:13 **** Incremental Build of configuration Debug for project ethernet_test ****
make all 
make: Nothing to be done for `all'.
20:58:14 **** Incremental Build of configuration Debug for project cortexa9_test ****
make all 
make: Nothing to be done for `all'.
20:58:15 **** Incremental Build of configuration Debug for project app_mb_0 ****
make all 
make: Nothing to be done for `all'.
20:58:16 **** Incremental Build of configuration Debug for project app_cpu_1 ****
make all 
make: Nothing to be done for `all'.
20:58:16 **** Incremental Build of configuration Debug for project app_cpu_0 ****
make all 
make: Nothing to be done for `all'.
20:58:35 **** Incremental Build of configuration Debug for project mem_test ****
make all 
make: Nothing to be done for `all'.
20:58:36 **** Incremental Build of configuration Debug for project ethernet_test ****
make all 
make: Nothing to be done for `all'.
20:58:37 **** Incremental Build of configuration Debug for project cortexa9_test ****
make all 
make: Nothing to be done for `all'.
20:58:37 **** Incremental Build of configuration Debug for project app_mb_0 ****
make all 
make: Nothing to be done for `all'.
20:58:38 **** Incremental Build of configuration Debug for project app_cpu_1 ****
make all 
make: Nothing to be done for `all'.
20:58:39 **** Incremental Build of configuration Debug for project app_cpu_0 ****
make all 
make: Nothing to be done for `all'.
21:00:58 **** Auto Build of configuration Debug for project app_cpu_1 ****
make all 
'Building file: ../src/rs255239.c'
'Invoking: ARM gcc compiler'
arm-xilinx-eabi-gcc -Wall -pedantic -O3 -march=armv7-a -mtune=cortex-a9 -g3 -c -fmessage-length=0 -std=c99 -I../../app_cpu_1_bsp/ps7_cortexa9_1/include -MMD -MP -MF"src/rs255239.d" -MT"src/rs255239.d" -o "src/rs255239.o" "../src/rs255239.c"
'Finished building: ../src/rs255239.c'
' '
'Building target: app_cpu_1.elf'
'Invoking: ARM gcc linker'
arm-xilinx-eabi-gcc -Wl,-T -Wl,../src/lscript.ld -L../../app_cpu_1_bsp/ps7_cortexa9_1/lib -o "app_cpu_1.elf"  ./src/platform.o ./src/rs255239.o   -Wl,--start-group,-lxil,-lgcc,-lc,--end-group
'Finished building target: app_cpu_1.elf'
' '
'Invoking: ARM Print Size'
arm-xilinx-eabi-size app_cpu_1.elf  |tee "app_cpu_1.elf.size"
   text	   data	    bss	    dec	    hex	filename
  44112	   1096	3151720	3196928	 30c800	app_cpu_1.elf
'Finished building: app_cpu_1.elf.size'
' '
21:01:54 **** Auto Build of project mem_test_bsp ****
make -k all 
'Finished building libraries'
21:01:54 **** Auto Build of project ethernet_test_bsp ****
make -k all 
'Finished building libraries'
21:01:54 **** Auto Build of project cortexa9_test_bsp ****
make -k all 
'Finished building libraries'
21:01:54 **** Auto Build of project app_mb_0_bsp ****
make -k all 
'Finished building libraries'
21:01:54 **** Auto Build of project app_cpu_1_bsp ****
make -k all 
'Finished building libraries'
21:01:55 **** Auto Build of project app_cpu_0_bsp ****
make -k all 
'Finished building libraries'
21:02:02 **** Incremental Build of configuration Debug for project mem_test ****
make all 
make: Nothing to be done for `all'.
21:02:03 **** Incremental Build of configuration Debug for project ethernet_test ****
make all 
make: Nothing to be done for `all'.
21:02:04 **** Incremental Build of configuration Debug for project cortexa9_test ****
make all 
make: Nothing to be done for `all'.
21:02:04 **** Incremental Build of configuration Debug for project app_mb_0 ****
make all 
make: Nothing to be done for `all'.
21:02:05 **** Incremental Build of configuration Debug for project app_cpu_1 ****
make all 
make: Nothing to be done for `all'.
21:02:06 **** Incremental Build of configuration Debug for project app_cpu_0 ****
make all 
make: Nothing to be done for `all'.
21:02:23 **** Incremental Build of configuration Debug for project mem_test ****
make all 
make: Nothing to be done for `all'.
21:02:24 **** Incremental Build of configuration Debug for project ethernet_test ****
make all 
make: Nothing to be done for `all'.
21:02:25 **** Incremental Build of configuration Debug for project cortexa9_test ****
make all 
make: Nothing to be done for `all'.
21:02:26 **** Incremental Build of configuration Debug for project app_mb_0 ****
make all 
make: Nothing to be done for `all'.
21:02:27 **** Incremental Build of configuration Debug for project app_cpu_1 ****
make all 
make: Nothing to be done for `all'.
21:02:28 **** Incremental Build of configuration Debug for project app_cpu_0 ****
make all 
make: Nothing to be done for `all'.
21:04:13 **** Auto Build of configuration Debug for project app_mb_0 ****
make all 
'Building file: ../src/iocontrol.c'
'Invoking: MicroBlaze gcc compiler'
mb-gcc -Wall -O3 -g3 -c -fmessage-length=0 -std=c99 -I../../app_mb_0_bsp/microblaze_0/include -mlittle-endian -mxl-barrel-shift -mxl-pattern-compare -mcpu=v8.50.c -mno-xl-soft-mul -Wl,--no-relax -ffunction-sections -fdata-sections -MMD -MP -MF"src/iocontrol.d" -MT"src/iocontrol.d" -o "src/iocontrol.o" "../src/iocontrol.c"
'Finished building: ../src/iocontrol.c'
' '
'Building target: app_mb_0.elf'
'Invoking: MicroBlaze gcc linker'
mb-gcc -Wl,-T -Wl,../src/lscript.ld -L../../app_mb_0_bsp/microblaze_0/lib -mlittle-endian -mxl-barrel-shift -mxl-pattern-compare -mcpu=v8.50.c -mno-xl-soft-mul -Wl,--no-relax -Wl,--gc-sections -o "app_mb_0.elf"  ./src/iocontrol.o ./src/platform.o   -Wl,--start-group,-lxil,-lgcc,-lc,--end-group
'Finished building target: app_mb_0.elf'
' '
'Invoking: MicroBlaze Print Size'
mb-size app_mb_0.elf  |tee "app_mb_0.elf.size"
   text	   data	    bss	    dec	    hex	filename
   6118	   1308	   2148	   9574	   2566	app_mb_0.elf
'Finished building: app_mb_0.elf.size'
' '
'Invoking: Xilinx ELF Check'
elfcheck app_mb_0.elf -hw ../../sensor_hw_platform/system.xml -pe microblaze_0  |tee "app_mb_0.elf.elfcheck"
elfcheck
Xilinx EDK 14.7 Build EDK_P.20131013
Copyright (c) 1995-2012 Xilinx, Inc.  All rights reserved.

Command Line: elfcheck -hw ../../sensor_hw_platform/system.xml -pe microblaze_0
app_mb_0.elf 

ELF file	: app_mb_0.elf
elfcheck passed.
'Finished building: app_mb_0.elf.elfcheck'
' '
21:04:15 **** Auto Build of configuration Debug for project app_cpu_1 ****
make all 
'Building file: ../src/rs255239.c'
'Invoking: ARM gcc compiler'
arm-xilinx-eabi-gcc -Wall -pedantic -O3 -march=armv7-a -mtune=cortex-a9 -g3 -c -fmessage-length=0 -std=c99 -I../../app_cpu_1_bsp/ps7_cortexa9_1/include -MMD -MP -MF"src/rs255239.d" -MT"src/rs255239.d" -o "src/rs255239.o" "../src/rs255239.c"
'Finished building: ../src/rs255239.c'
' '
'Building target: app_cpu_1.elf'
'Invoking: ARM gcc linker'
arm-xilinx-eabi-gcc -Wl,-T -Wl,../src/lscript.ld -L../../app_cpu_1_bsp/ps7_cortexa9_1/lib -o "app_cpu_1.elf"  ./src/platform.o ./src/rs255239.o   -Wl,--start-group,-lxil,-lgcc,-lc,--end-group
'Finished building target: app_cpu_1.elf'
' '
'Invoking: ARM Print Size'
arm-xilinx-eabi-size app_cpu_1.elf  |tee "app_cpu_1.elf.size"
   text	   data	    bss	    dec	    hex	filename
  44112	   1096	3151720	3196928	 30c800	app_cpu_1.elf
'Finished building: app_cpu_1.elf.size'
' '
21:04:30 **** Auto Build of project mem_test_bsp ****
make -k all 
'Finished building libraries'
21:04:30 **** Auto Build of project ethernet_test_bsp ****
make -k all 
'Finished building libraries'
21:04:31 **** Auto Build of project cortexa9_test_bsp ****
make -k all 
'Finished building libraries'
21:04:31 **** Auto Build of project app_mb_0_bsp ****
make -k all 
'Finished building libraries'
21:04:31 **** Auto Build of project app_cpu_1_bsp ****
make -k all 
'Finished building libraries'
21:04:31 **** Auto Build of project app_cpu_0_bsp ****
make -k all 
'Finished building libraries'
21:04:39 **** Incremental Build of configuration Debug for project mem_test ****
make all 
make: Nothing to be done for `all'.
21:04:40 **** Incremental Build of configuration Debug for project ethernet_test ****
make all 
make: Nothing to be done for `all'.
21:04:41 **** Incremental Build of configuration Debug for project cortexa9_test ****
make all 
make: Nothing to be done for `all'.
21:04:42 **** Incremental Build of configuration Debug for project app_mb_0 ****
make all 
make: Nothing to be done for `all'.
21:04:43 **** Incremental Build of configuration Debug for project app_cpu_1 ****
make all 
make: Nothing to be done for `all'.
21:04:43 **** Incremental Build of configuration Debug for project app_cpu_0 ****
make all 
make: Nothing to be done for `all'.
